{'PATH_MOD': '/home/cl/ozone-forecast/external_baselines_F1/DiffSTG/output/model/', 'PATH_LOG': '/home/cl/ozone-forecast/external_baselines_F1/DiffSTG/output/log/', 'PATH_FORECAST': '/home/cl/ozone-forecast/external_baselines_F1/DiffSTG/output/forecast/', 'data': {'name': 'AIR_N95', 'path': '/home/cl/ozone-forecast/external_baselines_F1/DiffSTG/data/dataset/', 'feature_file': '/home/cl/ozone-forecast/external_baselines_F1/DiffSTG/data/dataset/AIR_N95/flow.npy', 'spatial': '/home/cl/ozone-forecast/external_baselines_F1/DiffSTG/data/dataset/AIR_N95/adj.npy', 'num_recent': 1, 'num_features': 1, 'num_vertices': 95, 'points_per_hour': 1, 'val_start_idx': 5230, 'test_start_idx': 6973}, 'gpu_id': None, 'model': {'T_p': 1, 'T_h': 24, 'V': 95, 'F': 1, 'week_len': 7, 'day_len': 24, 'device': device(type='cuda'), 'd_h': 32, 'N': 50, 'sample_steps': 50, 'epsilon_theta': 'UGnet', 'is_label_condition': True, 'beta_end': 0.1, 'beta_schedule': 'quad', 'sample_strategy': 'ddpm', 'channel_multipliers': [1, 2], 'supports_len': 2, 'C': 32, 'n_channels': 32}, 'n_samples': 1, 'model_name': 'DiffSTG', 'epoch': 300, 'optimizer': 'adam', 'lr': 0.002, 'batch_size': 4, 'wd': 1e-05, 'early_stop': 10, 'start_epoch': 0, 'device': device(type='cuda'), 'logger': <utils.common_utils.Logger object at 0x78c44c447e00>, 'is_test': False, 'nni': False, 'mask_ratio': 0.0, 'T_h': 24, 'T_p': 1, 'trial_name': 'UGnet+32+50+quad+0.1+50+ddpm+24+1+42+1+True+AIR_N95+0.0+False+False+0.002+4', 'log_path': '/home/cl/ozone-forecast/external_baselines_F1/DiffSTG/output/log//UGnet+32+50+quad+0.1+50+ddpm+24+1+42+1+True+AIR_N95+0.0+False+False+0.002+4.log'}
model path:/home/cl/ozone-forecast/external_baselines_F1/DiffSTG/output/model/UGnet+32+50+quad+0.1+50+ddpm+24+1+42+1+True+AIR_N95+0.0+False+False+0.002+4N-50+T_h-24+T_p-1+epsilon_theta-UGnet.dm4stg
forecast_path:/home/cl/ozone-forecast/external_baselines_F1/DiffSTG/output/model/UGnet+32+50+quad+0.1+50+ddpm+24+1+42+1+True+AIR_N95+0.0+False+False+0.002+4N-50+T_h-24+T_p-1+epsilon_theta-UGnet.dm4stg
DiffSTG(
  (eps_model): UGnet(
    (down): ModuleList(
      (0-1): 2 x DownBlock(
        (res): ResidualBlock(
          (tcn1): TcnBlock(
            (conv): Conv2d(32, 32, kernel_size=(3, 3), stride=(1, 1), padding=(1, 2))
            (chomp): Chomp()
            (drop): Dropout(p=0.0, inplace=False)
            (net): Sequential(
              (0): Conv2d(32, 32, kernel_size=(3, 3), stride=(1, 1), padding=(1, 2))
              (1): Chomp()
              (2): Dropout(p=0.0, inplace=False)
            )
          )
          (tcn2): TcnBlock(
            (conv): Conv2d(32, 32, kernel_size=(3, 3), stride=(1, 1), padding=(1, 2))
            (chomp): Chomp()
            (drop): Dropout(p=0.0, inplace=False)
            (net): Sequential(
              (0): Conv2d(32, 32, kernel_size=(3, 3), stride=(1, 1), padding=(1, 2))
              (1): Chomp()
              (2): Dropout(p=0.0, inplace=False)
            )
          )
          (shortcut): Identity()
          (t_conv): Conv2d(32, 32, kernel_size=(1, 1), stride=(1, 1))
          (spatial): SpatialBlock()
          (norm): LayerNorm((95, 32), eps=1e-05, elementwise_affine=True, bias=True)
        )
      )
      (2): Downsample(
        (conv): Conv2d(32, 32, kernel_size=(1, 3), stride=(1, 2), padding=(0, 1))
      )
      (3): DownBlock(
        (res): ResidualBlock(
          (tcn1): TcnBlock(
            (conv): Conv2d(32, 64, kernel_size=(3, 3), stride=(1, 1), padding=(1, 2))
            (chomp): Chomp()
            (drop): Dropout(p=0.0, inplace=False)
            (net): Sequential(
              (0): Conv2d(32, 64, kernel_size=(3, 3), stride=(1, 1), padding=(1, 2))
              (1): Chomp()
              (2): Dropout(p=0.0, inplace=False)
            )
            (shortcut): Conv2d(32, 64, kernel_size=(1, 1), stride=(1, 1))
          )
          (tcn2): TcnBlock(
            (conv): Conv2d(64, 64, kernel_size=(3, 3), stride=(1, 1), padding=(1, 2))
            (chomp): Chomp()
            (drop): Dropout(p=0.0, inplace=False)
            (net): Sequential(
              (0): Conv2d(64, 64, kernel_size=(3, 3), stride=(1, 1), padding=(1, 2))
              (1): Chomp()
              (2): Dropout(p=0.0, inplace=False)
            )
          )
          (shortcut): Conv2d(32, 64, kernel_size=(1, 1), stride=(1, 1))
          (t_conv): Conv2d(32, 64, kernel_size=(1, 1), stride=(1, 1))
          (spatial): SpatialBlock()
          (norm): LayerNorm((95, 64), eps=1e-05, elementwise_affine=True, bias=True)
        )
      )
      (4): DownBlock(
        (res): ResidualBlock(
          (tcn1): TcnBlock(
            (conv): Conv2d(64, 64, kernel_size=(3, 3), stride=(1, 1), padding=(1, 2))
            (chomp): Chomp()
            (drop): Dropout(p=0.0, inplace=False)
            (net): Sequential(
              (0): Conv2d(64, 64, kernel_size=(3, 3), stride=(1, 1), padding=(1, 2))
              (1): Chomp()
              (2): Dropout(p=0.0, inplace=False)
            )
          )
          (tcn2): TcnBlock(
            (conv): Conv2d(64, 64, kernel_size=(3, 3), stride=(1, 1), padding=(1, 2))
            (chomp): Chomp()
            (drop): Dropout(p=0.0, inplace=False)
            (net): Sequential(
              (0): Conv2d(64, 64, kernel_size=(3, 3), stride=(1, 1), padding=(1, 2))
              (1): Chomp()
              (2): Dropout(p=0.0, inplace=False)
            )
          )
          (shortcut): Identity()
          (t_conv): Conv2d(32, 64, kernel_size=(1, 1), stride=(1, 1))
          (spatial): SpatialBlock()
          (norm): LayerNorm((95, 64), eps=1e-05, elementwise_affine=True, bias=True)
        )
      )
    )
    (middle): MiddleBlock(
      (res1): ResidualBlock(
        (tcn1): TcnBlock(
          (conv): Conv2d(64, 64, kernel_size=(3, 3), stride=(1, 1), padding=(1, 2))
          (chomp): Chomp()
          (drop): Dropout(p=0.0, inplace=False)
          (net): Sequential(
            (0): Conv2d(64, 64, kernel_size=(3, 3), stride=(1, 1), padding=(1, 2))
            (1): Chomp()
            (2): Dropout(p=0.0, inplace=False)
          )
        )
        (tcn2): TcnBlock(
          (conv): Conv2d(64, 64, kernel_size=(3, 3), stride=(1, 1), padding=(1, 2))
          (chomp): Chomp()
          (drop): Dropout(p=0.0, inplace=False)
          (net): Sequential(
            (0): Conv2d(64, 64, kernel_size=(3, 3), stride=(1, 1), padding=(1, 2))
            (1): Chomp()
            (2): Dropout(p=0.0, inplace=False)
          )
        )
        (shortcut): Identity()
        (t_conv): Conv2d(32, 64, kernel_size=(1, 1), stride=(1, 1))
        (spatial): SpatialBlock()
        (norm): LayerNorm((95, 64), eps=1e-05, elementwise_affine=True, bias=True)
      )
      (res2): ResidualBlock(
        (tcn1): TcnBlock(
          (conv): Conv2d(64, 64, kernel_size=(3, 3), stride=(1, 1), padding=(1, 2))
          (chomp): Chomp()
          (drop): Dropout(p=0.0, inplace=False)
          (net): Sequential(
            (0): Conv2d(64, 64, kernel_size=(3, 3), stride=(1, 1), padding=(1, 2))
            (1): Chomp()
            (2): Dropout(p=0.0, inplace=False)
          )
        )
        (tcn2): TcnBlock(
          (conv): Conv2d(64, 64, kernel_size=(3, 3), stride=(1, 1), padding=(1, 2))
          (chomp): Chomp()
          (drop): Dropout(p=0.0, inplace=False)
          (net): Sequential(
            (0): Conv2d(64, 64, kernel_size=(3, 3), stride=(1, 1), padding=(1, 2))
            (1): Chomp()
            (2): Dropout(p=0.0, inplace=False)
          )
        )
        (shortcut): Identity()
        (t_conv): Conv2d(32, 64, kernel_size=(1, 1), stride=(1, 1))
        (spatial): SpatialBlock()
        (norm): LayerNorm((95, 64), eps=1e-05, elementwise_affine=True, bias=True)
      )
    )
    (up): ModuleList(
      (0-1): 2 x UpBlock(
        (res): ResidualBlock(
          (tcn1): TcnBlock(
            (conv): Conv2d(128, 64, kernel_size=(3, 3), stride=(1, 1), padding=(1, 2))
            (chomp): Chomp()
            (drop): Dropout(p=0.0, inplace=False)
            (net): Sequential(
              (0): Conv2d(128, 64, kernel_size=(3, 3), stride=(1, 1), padding=(1, 2))
              (1): Chomp()
              (2): Dropout(p=0.0, inplace=False)
            )
            (shortcut): Conv2d(128, 64, kernel_size=(1, 1), stride=(1, 1))
          )
          (tcn2): TcnBlock(
            (conv): Conv2d(64, 64, kernel_size=(3, 3), stride=(1, 1), padding=(1, 2))
            (chomp): Chomp()
            (drop): Dropout(p=0.0, inplace=False)
            (net): Sequential(
              (0): Conv2d(64, 64, kernel_size=(3, 3), stride=(1, 1), padding=(1, 2))
              (1): Chomp()
              (2): Dropout(p=0.0, inplace=False)
            )
          )
          (shortcut): Conv2d(128, 64, kernel_size=(1, 1), stride=(1, 1))
          (t_conv): Conv2d(32, 64, kernel_size=(1, 1), stride=(1, 1))
          (spatial): SpatialBlock()
          (norm): LayerNorm((95, 64), eps=1e-05, elementwise_affine=True, bias=True)
        )
      )
      (2): UpBlock(
        (res): ResidualBlock(
          (tcn1): TcnBlock(
            (conv): Conv2d(96, 32, kernel_size=(3, 3), stride=(1, 1), padding=(1, 2))
            (chomp): Chomp()
            (drop): Dropout(p=0.0, inplace=False)
            (net): Sequential(
              (0): Conv2d(96, 32, kernel_size=(3, 3), stride=(1, 1), padding=(1, 2))
              (1): Chomp()
              (2): Dropout(p=0.0, inplace=False)
            )
            (shortcut): Conv2d(96, 32, kernel_size=(1, 1), stride=(1, 1))
          )
          (tcn2): TcnBlock(
            (conv): Conv2d(32, 32, kernel_size=(3, 3), stride=(1, 1), padding=(1, 2))
            (chomp): Chomp()
            (drop): Dropout(p=0.0, inplace=False)
            (net): Sequential(
              (0): Conv2d(32, 32, kernel_size=(3, 3), stride=(1, 1), padding=(1, 2))
              (1): Chomp()
              (2): Dropout(p=0.0, inplace=False)
            )
          )
          (shortcut): Conv2d(96, 32, kernel_size=(1, 1), stride=(1, 1))
          (t_conv): Conv2d(32, 32, kernel_size=(1, 1), stride=(1, 1))
          (spatial): SpatialBlock()
          (norm): LayerNorm((95, 32), eps=1e-05, elementwise_affine=True, bias=True)
        )
      )
      (3): Upsample(
        (conv): ConvTranspose2d(32, 32, kernel_size=(1, 4), stride=(1, 2), padding=(0, 1))
      )
      (4-6): 3 x UpBlock(
        (res): ResidualBlock(
          (tcn1): TcnBlock(
            (conv): Conv2d(64, 32, kernel_size=(3, 3), stride=(1, 1), padding=(1, 2))
            (chomp): Chomp()
            (drop): Dropout(p=0.0, inplace=False)
            (net): Sequential(
              (0): Conv2d(64, 32, kernel_size=(3, 3), stride=(1, 1), padding=(1, 2))
              (1): Chomp()
              (2): Dropout(p=0.0, inplace=False)
            )
            (shortcut): Conv2d(64, 32, kernel_size=(1, 1), stride=(1, 1))
          )
          (tcn2): TcnBlock(
            (conv): Conv2d(32, 32, kernel_size=(3, 3), stride=(1, 1), padding=(1, 2))
            (chomp): Chomp()
            (drop): Dropout(p=0.0, inplace=False)
            (net): Sequential(
              (0): Conv2d(32, 32, kernel_size=(3, 3), stride=(1, 1), padding=(1, 2))
              (1): Chomp()
              (2): Dropout(p=0.0, inplace=False)
            )
          )
          (shortcut): Conv2d(64, 32, kernel_size=(1, 1), stride=(1, 1))
          (t_conv): Conv2d(32, 32, kernel_size=(1, 1), stride=(1, 1))
          (spatial): SpatialBlock()
          (norm): LayerNorm((95, 32), eps=1e-05, elementwise_affine=True, bias=True)
        )
      )
    )
    (x_proj): Conv2d(1, 32, kernel_size=(1, 1), stride=(1, 1))
    (out): Sequential(
      (0): Conv2d(32, 1, kernel_size=(1, 1), stride=(1, 1))
      (1): Linear(in_features=50, out_features=25, bias=True)
    )
  )
)Num_of_parameters:910492
      |---Train--- |---Val Future-- -|-----Val History----|
Epoch | Loss  Time | MAE     RMSE    |  MAE    RMSE   Time|
   1.0| 2.257 73.1s |[18.24  22.79  ] | 4.74   5.72   44.69s
   2.0| 0.737 76.2s |[14.02  18.55  ] | 4.85   5.67   44.63s
   3.0| 0.720 76.4s | 14.37  18.72   | 2.31   2.76   44.64s
   4.0| 0.619 75.9s |[13.58  17.89  ] | 2.31   2.75   44.64s
   5.0| 0.558 75.9s | 14.02  18.56   | 1.92   2.32   44.63s
   6.0| 0.520 77.2s | 14.25  18.61   | 2.02   2.39   44.63s
   7.0| 0.474 77.1s | 14.54  19.13   | 2.05   2.41   44.59s
   8.0| 0.447 77.7s | 16.74  21.93   | 2.03   2.39   44.63s
   9.0| 0.423 77.5s | 16.07  20.85   | 1.81   2.14   44.63s
  10.0| 0.395 76.5s | 15.85  20.61   | 1.30   1.62   44.63s
  11.0| 0.300 76.0s | 15.21  19.98   | 0.88   1.14   44.62s
  12.0| 0.288 73.3s | 15.21  20.01   | 0.85   1.10   44.63s
  13.0| 0.280 72.9s | 15.40  20.34   | 0.80   1.04   44.64s
  14.0| 0.272 76.2s | 15.22  20.19   | 0.84   1.09   44.68s
  15.0| 0.266 39.0s | 14.99  20.02   | 0.80   1.02   44.62s
predict_path = '/home/cl/ozone-forecast/external_baselines_F1/DiffSTG/output/forecast/UGnet+32+50+quad+0.1+50+ddpm+24+1+42+1+True+AIR_N95+0.0+False+False+0.002+4.pkl'
 |[12.68  15.57  ] | 5.44   5.88   37.45s
sample_strategy:ddim_multi, sample_steps:40 Final results in test:12.68  15.57  184.12 0.35    507.29  | 15   
