[INFO] PE-DiffWaveNet noleak training
[INFO] device=cuda, world_size=1
[INFO] output_dir=/home/cl/ozone-forecast/matrix_N95_PEDiffWaveNet_noleak_g3_pedw_p6_l12_s42
[INFO] clean_room=1, pe_source=train, use_pe_graph=1, use_pe_film=1, use_diffusion=1, pe_graph_alpha=1.0, pe_film_scale=1.0, pe_film_zero_init=0, pe_shuffle_seed=-1, pe_adaptive_loss=0, pe_loss_weight=0.15
[INFO] loading meteorological data...
[INFO] loading met cache: /home/cl/ozone-forecast/matrix_N95/met_raw_aligned_cache.npz
[INFO] trainX=(7361, 12, 95, 15), trainY=(7361, 6, 95)
[INFO] validX=(652, 12, 95, 15), validY=(652, 6, 95)
[INFO] testX=(653, 12, 95, 15), testY=(653, 6, 95)
[INFO] train-only PE time range: {'start_idx': 0, 'end_idx': 7377, 'start_time': '2022-01-01 00:00:00', 'end_time': '2022-11-05 23:00:00', 'length': 7378}
[INFO] building PE features: nodes=95, scales=[6, 9, 12, 24, 48, 72], step=1
[INFO] PE feature progress: 20/95
[INFO] PE feature progress: 40/95
[INFO] PE feature progress: 60/95
[INFO] PE feature progress: 80/95
[INFO] PE feature progress: 95/95
[INFO] building PE features: nodes=95, scales=[6, 9, 12, 24, 48, 72], step=1
[INFO] PE feature progress: 20/95
[INFO] PE feature progress: 40/95
[INFO] PE feature progress: 60/95
[INFO] PE feature progress: 80/95
[INFO] PE feature progress: 95/95
[INFO] graph nnz: S=691, T=1570, PE=2293
[INFO] train batches/epoch=461, effective_batch=16
[INFO] model_params=621635
/home/cl/ozone-forecast/code/train_pediffwavenet_noleak.py:410: FutureWarning: `torch.cuda.amp.GradScaler(args...)` is deprecated. Please use `torch.amp.GradScaler('cuda', args...)` instead.
  scaler = torch.cuda.amp.GradScaler(enabled=use_amp)
[INFO] start epoch 1/120
  [WARN] skip non-finite grad at epoch 1 batch 1
  [WARN] skip non-finite grad at epoch 1 batch 2
  [WARN] skip non-finite grad at epoch 1 batch 3
  [WARN] skip non-finite grad at epoch 1 batch 4
  [WARN] skip non-finite grad at epoch 1 batch 7
  Epoch 1 Batch 50/461 | Loss=3.471799 | diff=3.1940 | coarse=3.4730 | 3.1s
  Epoch 1 Batch 100/461 | Loss=1.168603 | diff=1.0372 | coarse=1.6426 | 5.6s
  Epoch 1 Batch 150/461 | Loss=0.819829 | diff=0.7605 | coarse=0.7415 | 7.6s
  Epoch 1 Batch 200/461 | Loss=0.399035 | diff=0.3589 | coarse=0.5020 | 9.7s
  Epoch 1 Batch 250/461 | Loss=0.453080 | diff=0.4162 | coarse=0.4613 | 11.8s
  Epoch 1 Batch 300/461 | Loss=0.605249 | diff=0.5589 | coarse=0.5797 | 13.9s
  Epoch 1 Batch 350/461 | Loss=0.291949 | diff=0.2708 | coarse=0.2648 | 16.0s
  Epoch 1 Batch 400/461 | Loss=0.315825 | diff=0.2916 | coarse=0.3026 | 18.1s
  Epoch 1 Batch 450/461 | Loss=0.253881 | diff=0.2348 | coarse=0.2385 | 20.2s
  Epoch 1 Batch 461/461 | Loss=0.032579 | diff=0.0303 | coarse=0.0281 | 20.8s
Epoch 1/120 | Loss=1.430815 | Val RMSE=107.7655 | Val MAE=104.1640 | Val MAPE=479.69% | LR=2.80e-04 | 31.0s
  [BEST] epoch=1, val_rmse=107.7655
[INFO] start epoch 2/120
  Epoch 2 Batch 50/461 | Loss=0.258047 | diff=0.2375 | coarse=0.2563 | 2.0s
  Epoch 2 Batch 100/461 | Loss=0.249604 | diff=0.2283 | coarse=0.2667 | 4.1s
  Epoch 2 Batch 150/461 | Loss=0.336339 | diff=0.3108 | coarse=0.3187 | 6.1s
  Epoch 2 Batch 200/461 | Loss=0.301660 | diff=0.2792 | coarse=0.2809 | 8.2s
  Epoch 2 Batch 250/461 | Loss=0.495672 | diff=0.4614 | coarse=0.4287 | 10.2s
  Epoch 2 Batch 300/461 | Loss=0.574591 | diff=0.5425 | coarse=0.4015 | 12.3s
  Epoch 2 Batch 350/461 | Loss=0.194561 | diff=0.1765 | coarse=0.2257 | 14.3s
  Epoch 2 Batch 400/461 | Loss=0.306701 | diff=0.2849 | coarse=0.2723 | 16.3s
  Epoch 2 Batch 450/461 | Loss=0.322620 | diff=0.3028 | coarse=0.2479 | 18.4s
  Epoch 2 Batch 461/461 | Loss=0.010913 | diff=0.0103 | coarse=0.0074 | 18.8s
Epoch 2/120 | Loss=0.335071 | Val RMSE=95.1735 | Val MAE=92.2168 | Val MAPE=425.07% | LR=4.20e-04 | 28.9s
  [BEST] epoch=2, val_rmse=95.1735
[INFO] start epoch 3/120
  Epoch 3 Batch 50/461 | Loss=0.213218 | diff=0.1965 | coarse=0.2093 | 2.0s
  Epoch 3 Batch 100/461 | Loss=0.237699 | diff=0.2156 | coarse=0.2757 | 4.0s
  Epoch 3 Batch 150/461 | Loss=0.287397 | diff=0.2653 | coarse=0.2766 | 6.1s
  Epoch 3 Batch 200/461 | Loss=0.276141 | diff=0.2556 | coarse=0.2565 | 8.1s
  Epoch 3 Batch 250/461 | Loss=0.467757 | diff=0.4358 | coarse=0.3992 | 10.2s
  Epoch 3 Batch 300/461 | Loss=0.543604 | diff=0.5115 | coarse=0.4016 | 12.2s
  Epoch 3 Batch 350/461 | Loss=0.186927 | diff=0.1702 | coarse=0.2093 | 14.3s
  Epoch 3 Batch 400/461 | Loss=0.282791 | diff=0.2612 | coarse=0.2703 | 16.3s
  Epoch 3 Batch 450/461 | Loss=0.305817 | diff=0.2870 | coarse=0.2352 | 18.5s
  Epoch 3 Batch 461/461 | Loss=0.010850 | diff=0.0103 | coarse=0.0075 | 19.0s
Epoch 3/120 | Loss=0.310391 | Val RMSE=84.4163 | Val MAE=81.9684 | Val MAPE=377.36% | LR=5.60e-04 | 29.0s
  [BEST] epoch=3, val_rmse=84.4163
[INFO] start epoch 4/120
  Epoch 4 Batch 50/461 | Loss=0.205844 | diff=0.1888 | coarse=0.2128 | 2.3s
  Epoch 4 Batch 100/461 | Loss=0.246816 | diff=0.2198 | coarse=0.3380 | 4.4s
  Epoch 4 Batch 150/461 | Loss=0.251413 | diff=0.2314 | coarse=0.2497 | 6.4s
  Epoch 4 Batch 200/461 | Loss=0.255288 | diff=0.2358 | coarse=0.2431 | 8.4s
  Epoch 4 Batch 250/461 | Loss=0.447967 | diff=0.4227 | coarse=0.3155 | 10.5s
  Epoch 4 Batch 300/461 | Loss=0.532002 | diff=0.4982 | coarse=0.4222 | 12.5s
  Epoch 4 Batch 350/461 | Loss=0.179409 | diff=0.1636 | coarse=0.1975 | 14.6s
  Epoch 4 Batch 400/461 | Loss=0.285106 | diff=0.2639 | coarse=0.2656 | 16.6s
  Epoch 4 Batch 450/461 | Loss=0.303486 | diff=0.2842 | coarse=0.2410 | 18.7s
  Epoch 4 Batch 461/461 | Loss=0.011173 | diff=0.0105 | coarse=0.0081 | 19.1s
Epoch 4/120 | Loss=0.297854 | Val RMSE=73.3785 | Val MAE=71.0513 | Val MAPE=328.58% | LR=7.00e-04 | 29.1s
  [BEST] epoch=4, val_rmse=73.3785
[INFO] start epoch 5/120
  Epoch 5 Batch 50/461 | Loss=0.200689 | diff=0.1830 | coarse=0.2210 | 2.5s
  Epoch 5 Batch 100/461 | Loss=0.257809 | diff=0.2286 | coarse=0.3651 | 5.9s
  Epoch 5 Batch 150/461 | Loss=0.228213 | diff=0.2093 | coarse=0.2366 | 8.4s
  Epoch 5 Batch 200/461 | Loss=0.255079 | diff=0.2364 | coarse=0.2340 | 10.9s
  Epoch 5 Batch 250/461 | Loss=0.412519 | diff=0.3893 | coarse=0.2900 | 13.2s
  Epoch 5 Batch 300/461 | Loss=0.510468 | diff=0.4752 | coarse=0.4413 | 15.4s
  Epoch 5 Batch 350/461 | Loss=0.180297 | diff=0.1654 | coarse=0.1865 | 17.7s
  Epoch 5 Batch 400/461 | Loss=0.286583 | diff=0.2665 | coarse=0.2512 | 19.9s
  Epoch 5 Batch 450/461 | Loss=0.300621 | diff=0.2818 | coarse=0.2358 | 22.2s
  Epoch 5 Batch 461/461 | Loss=0.011386 | diff=0.0107 | coarse=0.0087 | 22.7s
Epoch 5/120 | Loss=0.289970 | Val RMSE=67.8135 | Val MAE=65.5103 | Val MAPE=304.39% | LR=7.00e-04 | 32.7s
  [BEST] epoch=5, val_rmse=67.8135
[INFO] start epoch 6/120
  Epoch 6 Batch 50/461 | Loss=0.180733 | diff=0.1671 | coarse=0.1708 | 2.0s
  Epoch 6 Batch 100/461 | Loss=0.236893 | diff=0.2129 | coarse=0.3001 | 4.1s
  Epoch 6 Batch 150/461 | Loss=0.222027 | diff=0.2044 | coarse=0.2200 | 6.3s
  Epoch 6 Batch 200/461 | Loss=0.245254 | diff=0.2272 | coarse=0.2255 | 8.4s
  Epoch 6 Batch 250/461 | Loss=0.411223 | diff=0.3905 | coarse=0.2596 | 10.5s
  Epoch 6 Batch 300/461 | Loss=0.482920 | diff=0.4504 | coarse=0.4061 | 12.6s
  Epoch 6 Batch 350/461 | Loss=0.186469 | diff=0.1711 | coarse=0.1917 | 14.7s
  Epoch 6 Batch 400/461 | Loss=0.279553 | diff=0.2599 | coarse=0.2455 | 16.8s
  Epoch 6 Batch 450/461 | Loss=0.296213 | diff=0.2771 | coarse=0.2390 | 18.9s
  Epoch 6 Batch 461/461 | Loss=0.011038 | diff=0.0103 | coarse=0.0091 | 19.4s
Epoch 6/120 | Loss=0.270105 | Val RMSE=58.2767 | Val MAE=55.7966 | Val MAPE=261.24% | LR=7.00e-04 | 29.5s
  [BEST] epoch=6, val_rmse=58.2767
[INFO] start epoch 7/120
  Epoch 7 Batch 50/461 | Loss=0.175918 | diff=0.1628 | coarse=0.1633 | 2.0s
  Epoch 7 Batch 100/461 | Loss=0.229624 | diff=0.2076 | coarse=0.2759 | 4.2s
  Epoch 7 Batch 150/461 | Loss=0.203550 | diff=0.1876 | coarse=0.1996 | 6.3s
  Epoch 7 Batch 200/461 | Loss=0.223324 | diff=0.2065 | coarse=0.2106 | 8.4s
  Epoch 7 Batch 250/461 | Loss=0.405028 | diff=0.3840 | coarse=0.2632 | 10.5s
  Epoch 7 Batch 300/461 | Loss=0.464263 | diff=0.4344 | coarse=0.3733 | 12.6s
  Epoch 7 Batch 350/461 | Loss=0.179850 | diff=0.1655 | coarse=0.1788 | 14.7s
  Epoch 7 Batch 400/461 | Loss=0.256484 | diff=0.2381 | coarse=0.2293 | 16.9s
  Epoch 7 Batch 450/461 | Loss=0.280990 | diff=0.2628 | coarse=0.2270 | 19.0s
  Epoch 7 Batch 461/461 | Loss=0.010988 | diff=0.0103 | coarse=0.0090 | 19.4s
Epoch 7/120 | Loss=0.254466 | Val RMSE=50.9105 | Val MAE=48.4001 | Val MAPE=227.99% | LR=6.99e-04 | 29.4s
  [BEST] epoch=7, val_rmse=50.9105
[INFO] start epoch 8/120
  Epoch 8 Batch 50/461 | Loss=0.170673 | diff=0.1576 | coarse=0.1639 | 2.0s
  Epoch 8 Batch 100/461 | Loss=0.225706 | diff=0.2048 | coarse=0.2615 | 4.1s
  Epoch 8 Batch 150/461 | Loss=0.193451 | diff=0.1780 | coarse=0.1927 | 6.2s
  Epoch 8 Batch 200/461 | Loss=0.212904 | diff=0.1970 | coarse=0.1986 | 8.3s
  Epoch 8 Batch 250/461 | Loss=0.373288 | diff=0.3532 | coarse=0.2509 | 10.4s
  Epoch 8 Batch 300/461 | Loss=0.418876 | diff=0.3937 | coarse=0.3150 | 12.5s
  Epoch 8 Batch 350/461 | Loss=0.176497 | diff=0.1625 | coarse=0.1747 | 14.6s
  Epoch 8 Batch 400/461 | Loss=0.241745 | diff=0.2242 | coarse=0.2192 | 16.7s
  Epoch 8 Batch 450/461 | Loss=0.265419 | diff=0.2489 | coarse=0.2068 | 18.8s
  Epoch 8 Batch 461/461 | Loss=0.010876 | diff=0.0102 | coarse=0.0083 | 19.3s
Epoch 8/120 | Loss=0.241095 | Val RMSE=44.9408 | Val MAE=42.2815 | Val MAPE=200.75% | LR=6.99e-04 | 29.4s
  [BEST] epoch=8, val_rmse=44.9408
[INFO] start epoch 9/120
  Epoch 9 Batch 50/461 | Loss=0.168109 | diff=0.1550 | coarse=0.1635 | 2.0s
  Epoch 9 Batch 100/461 | Loss=0.218258 | diff=0.1957 | coarse=0.2818 | 4.1s
  Epoch 9 Batch 150/461 | Loss=0.185665 | diff=0.1707 | coarse=0.1872 | 6.2s
  Epoch 9 Batch 200/461 | Loss=0.201866 | diff=0.1869 | coarse=0.1873 | 8.3s
  Epoch 9 Batch 250/461 | Loss=0.362009 | diff=0.3426 | coarse=0.2427 | 10.4s
  Epoch 9 Batch 300/461 | Loss=0.394801 | diff=0.3715 | coarse=0.2911 | 12.4s
  Epoch 9 Batch 350/461 | Loss=0.172651 | diff=0.1592 | coarse=0.1683 | 14.5s
  Epoch 9 Batch 400/461 | Loss=0.230671 | diff=0.2142 | coarse=0.2062 | 16.6s
  Epoch 9 Batch 450/461 | Loss=0.243515 | diff=0.2286 | coarse=0.1868 | 18.7s
  Epoch 9 Batch 461/461 | Loss=0.009967 | diff=0.0094 | coarse=0.0073 | 19.2s
Epoch 9/120 | Loss=0.229201 | Val RMSE=37.2845 | Val MAE=34.5916 | Val MAPE=165.02% | LR=6.98e-04 | 29.2s
  [BEST] epoch=9, val_rmse=37.2845
[INFO] start epoch 10/120
  Epoch 10 Batch 50/461 | Loss=0.163084 | diff=0.1504 | coarse=0.1591 | 2.0s
  Epoch 10 Batch 100/461 | Loss=0.210896 | diff=0.1890 | coarse=0.2736 | 4.0s
  Epoch 10 Batch 150/461 | Loss=0.181635 | diff=0.1665 | coarse=0.1887 | 6.1s
  Epoch 10 Batch 200/461 | Loss=0.194224 | diff=0.1799 | coarse=0.1795 | 8.1s
  Epoch 10 Batch 250/461 | Loss=0.346839 | diff=0.3283 | coarse=0.2316 | 10.2s
  Epoch 10 Batch 300/461 | Loss=0.385018 | diff=0.3624 | coarse=0.2823 | 12.3s
  Epoch 10 Batch 350/461 | Loss=0.162007 | diff=0.1496 | coarse=0.1550 | 14.3s
  Epoch 10 Batch 400/461 | Loss=0.212827 | diff=0.1977 | coarse=0.1891 | 16.4s
  Epoch 10 Batch 450/461 | Loss=0.234850 | diff=0.2205 | coarse=0.1798 | 18.4s
  Epoch 10 Batch 461/461 | Loss=0.009038 | diff=0.0085 | coarse=0.0068 | 18.9s
Epoch 10/120 | Loss=0.217761 | Val RMSE=31.3796 | Val MAE=28.4738 | Val MAPE=136.46% | LR=6.97e-04 | 28.8s
  [BEST] epoch=10, val_rmse=31.3796
[INFO] start epoch 11/120
  Epoch 11 Batch 50/461 | Loss=0.160092 | diff=0.1475 | coarse=0.1577 | 2.0s
  Epoch 11 Batch 100/461 | Loss=0.198035 | diff=0.1777 | coarse=0.2543 | 4.1s
  Epoch 11 Batch 150/461 | Loss=0.177119 | diff=0.1632 | coarse=0.1736 | 6.3s
  Epoch 11 Batch 200/461 | Loss=0.182725 | diff=0.1693 | coarse=0.1674 | 8.4s
  Epoch 11 Batch 250/461 | Loss=0.330400 | diff=0.3127 | coarse=0.2216 | 10.5s
  Epoch 11 Batch 300/461 | Loss=0.371204 | diff=0.3504 | coarse=0.2597 | 12.6s
  Epoch 11 Batch 350/461 | Loss=0.149079 | diff=0.1378 | coarse=0.1414 | 14.7s
  Epoch 11 Batch 400/461 | Loss=0.197420 | diff=0.1834 | coarse=0.1750 | 16.8s
  Epoch 11 Batch 450/461 | Loss=0.220943 | diff=0.2074 | coarse=0.1688 | 18.9s
  Epoch 11 Batch 461/461 | Loss=0.008271 | diff=0.0078 | coarse=0.0062 | 19.4s
Epoch 11/120 | Loss=0.208343 | Val RMSE=27.9152 | Val MAE=24.9519 | Val MAPE=119.59% | LR=6.95e-04 | 29.5s
  [BEST] epoch=11, val_rmse=27.9152
[INFO] start epoch 12/120
  Epoch 12 Batch 50/461 | Loss=0.155032 | diff=0.1429 | coarse=0.1511 | 2.0s
  Epoch 12 Batch 100/461 | Loss=0.185081 | diff=0.1659 | coarse=0.2396 | 4.1s
  Epoch 12 Batch 150/461 | Loss=0.171337 | diff=0.1579 | coarse=0.1681 | 6.2s
  Epoch 12 Batch 200/461 | Loss=0.171727 | diff=0.1588 | coarse=0.1618 | 8.3s
  Epoch 12 Batch 250/461 | Loss=0.306951 | diff=0.2904 | coarse=0.2072 | 10.4s
  Epoch 12 Batch 300/461 | Loss=0.346977 | diff=0.3265 | coarse=0.2557 | 12.5s
  Epoch 12 Batch 350/461 | Loss=0.143411 | diff=0.1323 | coarse=0.1384 | 14.6s
  Epoch 12 Batch 400/461 | Loss=0.181312 | diff=0.1684 | coarse=0.1608 | 16.7s
  Epoch 12 Batch 450/461 | Loss=0.206627 | diff=0.1939 | coarse=0.1586 | 18.8s
  Epoch 12 Batch 461/461 | Loss=0.007397 | diff=0.0069 | coarse=0.0057 | 19.2s
Epoch 12/120 | Loss=0.198991 | Val RMSE=24.4340 | Val MAE=21.2716 | Val MAPE=102.42% | LR=6.94e-04 | 29.3s
  [BEST] epoch=12, val_rmse=24.4340
[INFO] start epoch 13/120
  Epoch 13 Batch 50/461 | Loss=0.151416 | diff=0.1395 | coarse=0.1490 | 2.0s
  Epoch 13 Batch 100/461 | Loss=0.169713 | diff=0.1535 | coarse=0.2027 | 4.1s
  Epoch 13 Batch 150/461 | Loss=0.165378 | diff=0.1523 | coarse=0.1631 | 6.2s
  Epoch 13 Batch 200/461 | Loss=0.158844 | diff=0.1463 | coarse=0.1571 | 8.3s
  Epoch 13 Batch 250/461 | Loss=0.279028 | diff=0.2632 | coarse=0.1975 | 10.4s
  Epoch 13 Batch 300/461 | Loss=0.342278 | diff=0.3219 | coarse=0.2545 | 12.5s
  Epoch 13 Batch 350/461 | Loss=0.140327 | diff=0.1295 | coarse=0.1349 | 14.5s
  Epoch 13 Batch 400/461 | Loss=0.169168 | diff=0.1568 | coarse=0.1546 | 16.6s
  Epoch 13 Batch 450/461 | Loss=0.212345 | diff=0.1995 | coarse=0.1612 | 18.7s
  Epoch 13 Batch 461/461 | Loss=0.007292 | diff=0.0068 | coarse=0.0059 | 19.2s
Epoch 13/120 | Loss=0.190072 | Val RMSE=22.4979 | Val MAE=19.1992 | Val MAPE=92.37% | LR=6.92e-04 | 29.3s
  [BEST] epoch=13, val_rmse=22.4979
[INFO] start epoch 14/120
  Epoch 14 Batch 50/461 | Loss=0.147191 | diff=0.1356 | coarse=0.1448 | 2.0s
  Epoch 14 Batch 100/461 | Loss=0.163133 | diff=0.1477 | coarse=0.1924 | 4.1s
  Epoch 14 Batch 150/461 | Loss=0.173384 | diff=0.1610 | coarse=0.1547 | 6.2s
  Epoch 14 Batch 200/461 | Loss=0.160259 | diff=0.1473 | coarse=0.1626 | 8.3s
  Epoch 14 Batch 250/461 | Loss=0.269840 | diff=0.2531 | coarse=0.2088 | 10.4s
  Epoch 14 Batch 300/461 | Loss=0.321867 | diff=0.3020 | coarse=0.2488 | 12.4s
  Epoch 14 Batch 350/461 | Loss=0.154549 | diff=0.1436 | coarse=0.1365 | 14.5s
  Epoch 14 Batch 400/461 | Loss=0.158563 | diff=0.1465 | coarse=0.1507 | 16.6s
  Epoch 14 Batch 450/461 | Loss=0.196849 | diff=0.1843 | coarse=0.1574 | 18.7s
  Epoch 14 Batch 461/461 | Loss=0.006816 | diff=0.0064 | coarse=0.0058 | 19.2s
Epoch 14/120 | Loss=0.182705 | Val RMSE=20.7171 | Val MAE=17.3123 | Val MAPE=82.13% | LR=6.89e-04 | 29.2s
  [BEST] epoch=14, val_rmse=20.7171
[INFO] start epoch 15/120
  Epoch 15 Batch 50/461 | Loss=0.150178 | diff=0.1386 | coarse=0.1450 | 2.0s
  Epoch 15 Batch 100/461 | Loss=0.156839 | diff=0.1420 | coarse=0.1849 | 4.1s
  Epoch 15 Batch 150/461 | Loss=0.165032 | diff=0.1531 | coarse=0.1492 | 6.2s
  Epoch 15 Batch 200/461 | Loss=0.152470 | diff=0.1401 | coarse=0.1543 | 8.3s
  Epoch 15 Batch 250/461 | Loss=0.250781 | diff=0.2348 | coarse=0.2003 | 10.4s
  Epoch 15 Batch 300/461 | Loss=0.315757 | diff=0.2960 | coarse=0.2474 | 12.4s
  Epoch 15 Batch 350/461 | Loss=0.155822 | diff=0.1455 | coarse=0.1288 | 14.5s
  Epoch 15 Batch 400/461 | Loss=0.151304 | diff=0.1396 | coarse=0.1459 | 16.6s
  Epoch 15 Batch 450/461 | Loss=0.185053 | diff=0.1734 | coarse=0.1456 | 18.7s
  Epoch 15 Batch 461/461 | Loss=0.007264 | diff=0.0068 | coarse=0.0060 | 19.2s
Epoch 15/120 | Loss=0.174462 | Val RMSE=18.4566 | Val MAE=15.1886 | Val MAPE=71.82% | LR=6.87e-04 | 29.2s
  [BEST] epoch=15, val_rmse=18.4566
[INFO] start epoch 16/120
  Epoch 16 Batch 50/461 | Loss=0.139163 | diff=0.1282 | coarse=0.1374 | 2.0s
  Epoch 16 Batch 100/461 | Loss=0.157220 | diff=0.1427 | coarse=0.1818 | 4.1s
  Epoch 16 Batch 150/461 | Loss=0.175832 | diff=0.1636 | coarse=0.1532 | 6.2s
  Epoch 16 Batch 200/461 | Loss=0.148963 | diff=0.1367 | coarse=0.1530 | 8.3s
  Epoch 16 Batch 250/461 | Loss=0.248536 | diff=0.2322 | coarse=0.2046 | 10.4s
  Epoch 16 Batch 300/461 | Loss=0.266563 | diff=0.2498 | coarse=0.2101 | 12.4s
  Epoch 16 Batch 350/461 | Loss=0.143329 | diff=0.1339 | coarse=0.1181 | 14.5s
  Epoch 16 Batch 400/461 | Loss=0.146335 | diff=0.1353 | coarse=0.1384 | 16.6s
  Epoch 16 Batch 450/461 | Loss=0.184434 | diff=0.1726 | coarse=0.1473 | 18.7s
  Epoch 16 Batch 461/461 | Loss=0.006831 | diff=0.0063 | coarse=0.0065 | 19.2s
Epoch 16/120 | Loss=0.167441 | Val RMSE=17.7476 | Val MAE=14.4256 | Val MAPE=67.26% | LR=6.84e-04 | 29.3s
  [BEST] epoch=16, val_rmse=17.7476
[INFO] start epoch 17/120
  Epoch 17 Batch 50/461 | Loss=0.134891 | diff=0.1239 | coarse=0.1379 | 2.0s
  Epoch 17 Batch 100/461 | Loss=0.157259 | diff=0.1430 | coarse=0.1784 | 4.1s
  Epoch 17 Batch 150/461 | Loss=0.174457 | diff=0.1612 | coarse=0.1655 | 6.2s
  Epoch 17 Batch 200/461 | Loss=0.158168 | diff=0.1450 | coarse=0.1641 | 8.3s
  Epoch 17 Batch 250/461 | Loss=0.203750 | diff=0.1888 | coarse=0.1867 | 10.5s
  Epoch 17 Batch 300/461 | Loss=0.247369 | diff=0.2307 | coarse=0.2083 | 12.6s
  Epoch 17 Batch 350/461 | Loss=0.133235 | diff=0.1236 | coarse=0.1203 | 14.7s
  Epoch 17 Batch 400/461 | Loss=0.140016 | diff=0.1294 | coarse=0.1329 | 16.8s
  Epoch 17 Batch 450/461 | Loss=0.179037 | diff=0.1671 | coarse=0.1491 | 18.9s
  Epoch 17 Batch 461/461 | Loss=0.007242 | diff=0.0067 | coarse=0.0065 | 19.4s
Epoch 17/120 | Loss=0.163066 | Val RMSE=16.6311 | Val MAE=13.1405 | Val MAPE=59.41% | LR=6.81e-04 | 29.4s
  [BEST] epoch=17, val_rmse=16.6311
[INFO] start epoch 18/120
  Epoch 18 Batch 50/461 | Loss=0.132910 | diff=0.1226 | coarse=0.1282 | 2.0s
  Epoch 18 Batch 100/461 | Loss=0.149262 | diff=0.1358 | coarse=0.1680 | 4.1s
  Epoch 18 Batch 150/461 | Loss=0.155260 | diff=0.1430 | coarse=0.1538 | 6.2s
  Epoch 18 Batch 200/461 | Loss=0.145832 | diff=0.1339 | coarse=0.1493 | 8.4s
  Epoch 18 Batch 250/461 | Loss=0.203298 | diff=0.1881 | coarse=0.1905 | 10.5s
  Epoch 18 Batch 300/461 | Loss=0.215355 | diff=0.1996 | coarse=0.1975 | 12.6s
  Epoch 18 Batch 350/461 | Loss=0.128130 | diff=0.1184 | coarse=0.1213 | 14.7s
  Epoch 18 Batch 400/461 | Loss=0.131220 | diff=0.1210 | coarse=0.1280 | 16.8s
  Epoch 18 Batch 450/461 | Loss=0.174924 | diff=0.1632 | coarse=0.1471 | 18.9s
  Epoch 18 Batch 461/461 | Loss=0.006717 | diff=0.0063 | coarse=0.0057 | 19.4s
Epoch 18/120 | Loss=0.154654 | Val RMSE=13.8305 | Val MAE=10.6385 | Val MAPE=45.53% | LR=6.78e-04 | 29.5s
  [BEST] epoch=18, val_rmse=13.8305
[INFO] start epoch 19/120
  Epoch 19 Batch 50/461 | Loss=0.133642 | diff=0.1232 | coarse=0.1307 | 2.0s
  Epoch 19 Batch 100/461 | Loss=0.157052 | diff=0.1438 | coarse=0.1651 | 4.1s
  Epoch 19 Batch 150/461 | Loss=0.158483 | diff=0.1465 | coarse=0.1495 | 6.2s
  Epoch 19 Batch 200/461 | Loss=0.141099 | diff=0.1301 | coarse=0.1376 | 8.3s
  Epoch 19 Batch 250/461 | Loss=0.222533 | diff=0.2056 | coarse=0.2111 | 10.5s
  Epoch 19 Batch 300/461 | Loss=0.246814 | diff=0.2311 | coarse=0.1966 | 12.6s
  Epoch 19 Batch 350/461 | Loss=0.131570 | diff=0.1220 | coarse=0.1195 | 14.7s
  Epoch 19 Batch 400/461 | Loss=0.136938 | diff=0.1268 | coarse=0.1273 | 16.8s
  Epoch 19 Batch 450/461 | Loss=0.172628 | diff=0.1612 | coarse=0.1433 | 18.9s
  Epoch 19 Batch 461/461 | Loss=0.006667 | diff=0.0061 | coarse=0.0066 | 19.4s
Epoch 19/120 | Loss=0.157882 | Val RMSE=15.9061 | Val MAE=12.6456 | Val MAPE=57.10% | LR=6.75e-04 | 29.4s
[INFO] start epoch 20/120
  Epoch 20 Batch 50/461 | Loss=0.141835 | diff=0.1304 | coarse=0.1424 | 2.0s
  Epoch 20 Batch 100/461 | Loss=0.147169 | diff=0.1340 | coarse=0.1640 | 4.2s
  Epoch 20 Batch 150/461 | Loss=0.143393 | diff=0.1318 | coarse=0.1446 | 6.3s
  Epoch 20 Batch 200/461 | Loss=0.150393 | diff=0.1388 | coarse=0.1447 | 8.4s
  Epoch 20 Batch 250/461 | Loss=0.232527 | diff=0.2177 | coarse=0.1855 | 10.5s
  Epoch 20 Batch 300/461 | Loss=0.250320 | diff=0.2335 | coarse=0.2099 | 12.6s
  Epoch 20 Batch 350/461 | Loss=0.139240 | diff=0.1292 | coarse=0.1258 | 14.7s
  Epoch 20 Batch 400/461 | Loss=0.126559 | diff=0.1169 | coarse=0.1213 | 16.9s
  Epoch 20 Batch 450/461 | Loss=0.203848 | diff=0.1910 | coarse=0.1605 | 19.0s
  Epoch 20 Batch 461/461 | Loss=0.005999 | diff=0.0055 | coarse=0.0060 | 19.4s
Epoch 20/120 | Loss=0.156218 | Val RMSE=15.5824 | Val MAE=12.3080 | Val MAPE=55.86% | LR=6.71e-04 | 29.4s
[INFO] start epoch 21/120
  Epoch 21 Batch 50/461 | Loss=0.135169 | diff=0.1232 | coarse=0.1496 | 2.0s
  Epoch 21 Batch 100/461 | Loss=0.136757 | diff=0.1250 | coarse=0.1468 | 4.1s
  Epoch 21 Batch 150/461 | Loss=0.157009 | diff=0.1455 | coarse=0.1432 | 6.2s
  Epoch 21 Batch 200/461 | Loss=0.137848 | diff=0.1272 | coarse=0.1337 | 8.3s
  Epoch 21 Batch 250/461 | Loss=0.184419 | diff=0.1700 | coarse=0.1799 | 10.4s
  Epoch 21 Batch 300/461 | Loss=0.199693 | diff=0.1858 | coarse=0.1735 | 12.6s
  Epoch 21 Batch 350/461 | Loss=0.137218 | diff=0.1281 | coarse=0.1143 | 14.7s
  Epoch 21 Batch 400/461 | Loss=0.123669 | diff=0.1141 | coarse=0.1196 | 16.8s
  Epoch 21 Batch 450/461 | Loss=0.170244 | diff=0.1585 | coarse=0.1470 | 18.9s
  Epoch 21 Batch 461/461 | Loss=0.006298 | diff=0.0057 | coarse=0.0069 | 19.4s
Epoch 21/120 | Loss=0.145595 | Val RMSE=14.2251 | Val MAE=10.9395 | Val MAPE=48.11% | LR=6.67e-04 | 29.4s
[INFO] start epoch 22/120
  Epoch 22 Batch 50/461 | Loss=0.123183 | diff=0.1131 | coarse=0.1262 | 2.0s
  Epoch 22 Batch 100/461 | Loss=0.142050 | diff=0.1292 | coarse=0.1602 | 4.1s
  Epoch 22 Batch 150/461 | Loss=0.137404 | diff=0.1259 | coarse=0.1440 | 6.2s
  Epoch 22 Batch 200/461 | Loss=0.129558 | diff=0.1194 | coarse=0.1266 | 8.4s
  Epoch 22 Batch 250/461 | Loss=0.177438 | diff=0.1641 | coarse=0.1664 | 10.5s
  Epoch 22 Batch 300/461 | Loss=0.201013 | diff=0.1861 | coarse=0.1863 | 12.6s
  Epoch 22 Batch 350/461 | Loss=0.130134 | diff=0.1207 | coarse=0.1183 | 14.7s
  Epoch 22 Batch 400/461 | Loss=0.118214 | diff=0.1085 | coarse=0.1214 | 16.8s
  Epoch 22 Batch 450/461 | Loss=0.168746 | diff=0.1565 | coarse=0.1527 | 18.9s
  Epoch 22 Batch 461/461 | Loss=0.005899 | diff=0.0054 | coarse=0.0064 | 19.4s
Epoch 22/120 | Loss=0.144049 | Val RMSE=15.2645 | Val MAE=11.6785 | Val MAPE=52.83% | LR=6.63e-04 | 29.4s
[INFO] start epoch 23/120
  [WARN] skip non-finite grad at epoch 23 batch 28
  Epoch 23 Batch 50/461 | Loss=0.133937 | diff=0.1231 | coarse=0.1359 | 2.3s
  Epoch 23 Batch 100/461 | Loss=0.181888 | diff=0.1699 | coarse=0.1501 | 4.4s
  Epoch 23 Batch 150/461 | Loss=0.138891 | diff=0.1276 | coarse=0.1414 | 6.5s
  Epoch 23 Batch 200/461 | Loss=0.121627 | diff=0.1117 | coarse=0.1237 | 8.7s
  Epoch 23 Batch 250/461 | Loss=0.199673 | diff=0.1847 | coarse=0.1876 | 10.8s
  Epoch 23 Batch 300/461 | Loss=0.202893 | diff=0.1890 | coarse=0.1734 | 12.9s
  Epoch 23 Batch 350/461 | Loss=0.116114 | diff=0.1055 | coarse=0.1322 | 15.0s
  Epoch 23 Batch 400/461 | Loss=0.119016 | diff=0.1094 | coarse=0.1202 | 17.1s
  Epoch 23 Batch 450/461 | Loss=0.210515 | diff=0.1933 | coarse=0.2147 | 19.2s
  Epoch 23 Batch 461/461 | Loss=0.006690 | diff=0.0062 | coarse=0.0065 | 19.7s
Epoch 23/120 | Loss=0.147114 | Val RMSE=14.8388 | Val MAE=11.1934 | Val MAPE=49.41% | LR=6.59e-04 | 29.7s
[INFO] start epoch 24/120
  Epoch 24 Batch 50/461 | Loss=0.124843 | diff=0.1148 | coarse=0.1261 | 2.0s
  Epoch 24 Batch 100/461 | Loss=0.139289 | diff=0.1278 | coarse=0.1432 | 4.1s
  Epoch 24 Batch 150/461 | Loss=0.132297 | diff=0.1214 | coarse=0.1367 | 6.2s
  Epoch 24 Batch 200/461 | Loss=0.119030 | diff=0.1095 | coarse=0.1190 | 8.3s
  Epoch 24 Batch 250/461 | Loss=0.173900 | diff=0.1607 | coarse=0.1654 | 10.4s
  Epoch 24 Batch 300/461 | Loss=0.171870 | diff=0.1591 | coarse=0.1598 | 12.5s
  Epoch 24 Batch 350/461 | Loss=0.111764 | diff=0.1017 | coarse=0.1262 | 14.6s
  Epoch 24 Batch 400/461 | Loss=0.126885 | diff=0.1161 | coarse=0.1343 | 16.7s
  Epoch 24 Batch 450/461 | Loss=0.173588 | diff=0.1592 | coarse=0.1804 | 18.7s
  Epoch 24 Batch 461/461 | Loss=0.005842 | diff=0.0054 | coarse=0.0053 | 19.2s
Epoch 24/120 | Loss=0.139384 | Val RMSE=13.1606 | Val MAE=9.6051 | Val MAPE=40.20% | LR=6.54e-04 | 29.2s
  [BEST] epoch=24, val_rmse=13.1606
[INFO] start epoch 25/120
  Epoch 25 Batch 50/461 | Loss=0.128086 | diff=0.1177 | coarse=0.1302 | 2.0s
  Epoch 25 Batch 100/461 | Loss=0.148507 | diff=0.1370 | coarse=0.1433 | 4.1s
  Epoch 25 Batch 150/461 | Loss=0.123701 | diff=0.1131 | coarse=0.1324 | 6.2s
  Epoch 25 Batch 200/461 | Loss=0.138808 | diff=0.1283 | coarse=0.1308 | 8.3s
  Epoch 25 Batch 250/461 | Loss=0.214626 | diff=0.1992 | coarse=0.1923 | 10.4s
  Epoch 25 Batch 300/461 | Loss=0.179199 | diff=0.1660 | coarse=0.1648 | 12.4s
  Epoch 25 Batch 350/461 | Loss=0.111462 | diff=0.1017 | coarse=0.1226 | 14.5s
  Epoch 25 Batch 400/461 | Loss=0.115725 | diff=0.1062 | coarse=0.1189 | 16.6s
  Epoch 25 Batch 450/461 | Loss=0.151392 | diff=0.1385 | coarse=0.1613 | 18.7s
  Epoch 25 Batch 461/461 | Loss=0.007268 | diff=0.0068 | coarse=0.0059 | 19.2s
Epoch 25/120 | Loss=0.142964 | Val RMSE=13.3331 | Val MAE=9.7646 | Val MAPE=41.05% | LR=6.49e-04 | 29.2s
[INFO] start epoch 26/120
  Epoch 26 Batch 50/461 | Loss=0.114996 | diff=0.1053 | coarse=0.1208 | 2.0s
  Epoch 26 Batch 100/461 | Loss=0.148913 | diff=0.1374 | coarse=0.1444 | 4.1s
  Epoch 26 Batch 150/461 | Loss=0.118641 | diff=0.1092 | coarse=0.1177 | 6.2s
  Epoch 26 Batch 200/461 | Loss=0.133878 | diff=0.1236 | coarse=0.1281 | 8.3s
  Epoch 26 Batch 250/461 | Loss=0.365485 | diff=0.3418 | coarse=0.2960 | 10.4s
  Epoch 26 Batch 300/461 | Loss=0.240935 | diff=0.2261 | coarse=0.1850 | 12.4s
  Epoch 26 Batch 350/461 | Loss=0.108507 | diff=0.0989 | coarse=0.1207 | 14.5s
  Epoch 26 Batch 400/461 | Loss=0.134415 | diff=0.1225 | coarse=0.1495 | 16.6s
  Epoch 26 Batch 450/461 | Loss=0.142487 | diff=0.1309 | coarse=0.1451 | 18.7s
  Epoch 26 Batch 461/461 | Loss=0.007231 | diff=0.0067 | coarse=0.0061 | 19.2s
Epoch 26/120 | Loss=0.144039 | Val RMSE=13.7628 | Val MAE=10.1819 | Val MAPE=44.24% | LR=6.44e-04 | 29.1s
[INFO] start epoch 27/120
  Epoch 27 Batch 50/461 | Loss=0.109527 | diff=0.1002 | coarse=0.1172 | 2.0s
  Epoch 27 Batch 100/461 | Loss=0.132041 | diff=0.1215 | coarse=0.1314 | 4.1s
  Epoch 27 Batch 150/461 | Loss=0.154555 | diff=0.1419 | coarse=0.1587 | 6.3s
  Epoch 27 Batch 200/461 | Loss=0.127901 | diff=0.1175 | coarse=0.1300 | 8.4s
  Epoch 27 Batch 250/461 | Loss=0.223288 | diff=0.2052 | coarse=0.2257 | 10.5s
  Epoch 27 Batch 300/461 | Loss=0.193322 | diff=0.1798 | coarse=0.1692 | 12.6s
  Epoch 27 Batch 350/461 | Loss=0.105111 | diff=0.0953 | coarse=0.1229 | 14.7s
  Epoch 27 Batch 400/461 | Loss=0.114027 | diff=0.1048 | coarse=0.1157 | 16.8s
  Epoch 27 Batch 450/461 | Loss=0.147565 | diff=0.1363 | coarse=0.1407 | 18.9s
  Epoch 27 Batch 461/461 | Loss=0.005743 | diff=0.0053 | coarse=0.0049 | 19.4s
Epoch 27/120 | Loss=0.134563 | Val RMSE=13.0740 | Val MAE=9.5087 | Val MAPE=39.82% | LR=6.39e-04 | 29.4s
  [BEST] epoch=27, val_rmse=13.0740
[INFO] start epoch 28/120
  Epoch 28 Batch 50/461 | Loss=0.110711 | diff=0.1012 | coarse=0.1190 | 2.0s
  Epoch 28 Batch 100/461 | Loss=0.149165 | diff=0.1385 | coarse=0.1337 | 4.1s
  Epoch 28 Batch 150/461 | Loss=0.123225 | diff=0.1134 | coarse=0.1228 | 6.2s
  Epoch 28 Batch 200/461 | Loss=0.120497 | diff=0.1109 | coarse=0.1195 | 8.3s
  Epoch 28 Batch 250/461 | Loss=0.205554 | diff=0.1897 | coarse=0.1976 | 10.4s
  Epoch 28 Batch 300/461 | Loss=0.194631 | diff=0.1811 | coarse=0.1694 | 12.6s
  Epoch 28 Batch 350/461 | Loss=0.114958 | diff=0.1032 | coarse=0.1474 | 14.7s
  Epoch 28 Batch 400/461 | Loss=0.121680 | diff=0.1119 | coarse=0.1229 | 16.8s
  Epoch 28 Batch 450/461 | Loss=0.128081 | diff=0.1169 | coarse=0.1395 | 18.9s
  Epoch 28 Batch 461/461 | Loss=0.006563 | diff=0.0061 | coarse=0.0052 | 19.3s
Epoch 28/120 | Loss=0.129323 | Val RMSE=12.6388 | Val MAE=9.0323 | Val MAPE=36.64% | LR=6.33e-04 | 29.3s
  [BEST] epoch=28, val_rmse=12.6388
[INFO] start epoch 29/120
  Epoch 29 Batch 50/461 | Loss=0.112844 | diff=0.1039 | coarse=0.1119 | 2.0s
  Epoch 29 Batch 100/461 | Loss=0.141250 | diff=0.1293 | coarse=0.1491 | 4.1s
  Epoch 29 Batch 150/461 | Loss=0.119682 | diff=0.1103 | coarse=0.1176 | 6.2s
  Epoch 29 Batch 200/461 | Loss=0.120445 | diff=0.1112 | coarse=0.1156 | 8.3s
  Epoch 29 Batch 250/461 | Loss=0.186305 | diff=0.1708 | coarse=0.1940 | 10.4s
  Epoch 29 Batch 300/461 | Loss=0.182505 | diff=0.1697 | coarse=0.1598 | 12.5s
  [WARN] skip non-finite grad at epoch 29 batch 322
  Epoch 29 Batch 350/461 | Loss=0.109645 | diff=0.0993 | coarse=0.1290 | 14.6s
  Epoch 29 Batch 400/461 | Loss=0.126557 | diff=0.1154 | coarse=0.1400 | 16.7s
  Epoch 29 Batch 450/461 | Loss=0.126792 | diff=0.1166 | coarse=0.1278 | 18.8s
  Epoch 29 Batch 461/461 | Loss=0.006336 | diff=0.0059 | coarse=0.0051 | 19.2s
Epoch 29/120 | Loss=0.131479 | Val RMSE=13.3471 | Val MAE=9.6097 | Val MAPE=41.07% | LR=6.27e-04 | 29.3s
[INFO] start epoch 30/120
  Epoch 30 Batch 50/461 | Loss=0.120194 | diff=0.1107 | coarse=0.1187 | 2.0s
  Epoch 30 Batch 100/461 | Loss=0.138387 | diff=0.1271 | coarse=0.1411 | 4.1s
  Epoch 30 Batch 150/461 | Loss=0.118957 | diff=0.1087 | coarse=0.1285 | 6.3s
  Epoch 30 Batch 200/461 | Loss=0.120482 | diff=0.1110 | coarse=0.1180 | 8.4s
  Epoch 30 Batch 250/461 | Loss=0.211792 | diff=0.1958 | coarse=0.1997 | 10.5s
  Epoch 30 Batch 300/461 | Loss=0.215393 | diff=0.2012 | coarse=0.1769 | 12.6s
  Epoch 30 Batch 350/461 | Loss=0.133174 | diff=0.1237 | coarse=0.1182 | 14.7s
  Epoch 30 Batch 400/461 | Loss=0.113746 | diff=0.1038 | coarse=0.1250 | 16.8s
  Epoch 30 Batch 450/461 | Loss=0.133271 | diff=0.1229 | coarse=0.1298 | 18.9s
  Epoch 30 Batch 461/461 | Loss=0.006074 | diff=0.0057 | coarse=0.0050 | 19.4s
Epoch 30/120 | Loss=0.134923 | Val RMSE=12.7747 | Val MAE=8.9713 | Val MAPE=36.15% | LR=6.21e-04 | 29.4s
[INFO] start epoch 31/120
  Epoch 31 Batch 50/461 | Loss=0.135654 | diff=0.1235 | coarse=0.1515 | 2.3s
  Epoch 31 Batch 100/461 | Loss=0.123428 | diff=0.1132 | coarse=0.1275 | 4.5s
  Epoch 31 Batch 150/461 | Loss=0.113807 | diff=0.1045 | coarse=0.1159 | 6.6s
  Epoch 31 Batch 200/461 | Loss=0.127798 | diff=0.1172 | coarse=0.1319 | 8.7s
  Epoch 31 Batch 250/461 | Loss=0.182721 | diff=0.1683 | coarse=0.1808 | 10.8s
  Epoch 31 Batch 300/461 | Loss=0.166393 | diff=0.1546 | coarse=0.1477 | 12.9s
  Epoch 31 Batch 350/461 | Loss=0.107383 | diff=0.0992 | coarse=0.1024 | 15.0s
  Epoch 31 Batch 400/461 | Loss=0.114698 | diff=0.1041 | coarse=0.1319 | 17.1s
  Epoch 31 Batch 450/461 | Loss=0.132038 | diff=0.1219 | coarse=0.1270 | 19.2s
  Epoch 31 Batch 461/461 | Loss=0.005911 | diff=0.0055 | coarse=0.0051 | 19.7s
Epoch 31/120 | Loss=0.128881 | Val RMSE=13.2324 | Val MAE=9.2283 | Val MAPE=38.06% | LR=6.15e-04 | 29.7s
[INFO] start epoch 32/120
  Epoch 32 Batch 50/461 | Loss=0.127059 | diff=0.1160 | coarse=0.1388 | 2.0s
  Epoch 32 Batch 100/461 | Loss=0.124688 | diff=0.1144 | coarse=0.1291 | 4.1s
  Epoch 32 Batch 150/461 | Loss=0.129113 | diff=0.1183 | coarse=0.1352 | 6.2s
  Epoch 32 Batch 200/461 | Loss=0.117011 | diff=0.1070 | coarse=0.1255 | 8.3s
  Epoch 32 Batch 250/461 | Loss=0.162441 | diff=0.1498 | coarse=0.1578 | 10.4s
  Epoch 32 Batch 300/461 | Loss=0.147916 | diff=0.1368 | coarse=0.1384 | 12.5s
  Epoch 32 Batch 350/461 | Loss=0.103791 | diff=0.0945 | coarse=0.1160 | 14.6s
  Epoch 32 Batch 400/461 | Loss=0.118901 | diff=0.1078 | coarse=0.1394 | 16.7s
  Epoch 32 Batch 450/461 | Loss=0.132192 | diff=0.1223 | coarse=0.1239 | 18.7s
  Epoch 32 Batch 461/461 | Loss=0.005619 | diff=0.0052 | coarse=0.0050 | 19.2s
Epoch 32/120 | Loss=0.127215 | Val RMSE=14.6687 | Val MAE=10.7795 | Val MAPE=47.74% | LR=6.09e-04 | 29.2s
[INFO] start epoch 33/120
  Epoch 33 Batch 50/461 | Loss=0.117768 | diff=0.1077 | coarse=0.1254 | 2.0s
  Epoch 33 Batch 100/461 | Loss=0.117405 | diff=0.1079 | coarse=0.1182 | 4.1s
  Epoch 33 Batch 150/461 | Loss=0.120029 | diff=0.1085 | coarse=0.1437 | 6.2s
  Epoch 33 Batch 200/461 | Loss=0.116593 | diff=0.1067 | coarse=0.1236 | 8.3s
  Epoch 33 Batch 250/461 | Loss=0.145033 | diff=0.1334 | coarse=0.1454 | 10.3s
  Epoch 33 Batch 300/461 | Loss=0.136346 | diff=0.1252 | coarse=0.1387 | 12.4s
  Epoch 33 Batch 350/461 | Loss=0.120602 | diff=0.1111 | coarse=0.1188 | 14.5s
  Epoch 33 Batch 400/461 | Loss=0.109071 | diff=0.1003 | coarse=0.1101 | 16.6s
  Epoch 33 Batch 450/461 | Loss=0.114307 | diff=0.1047 | coarse=0.1199 | 18.7s
  Epoch 33 Batch 461/461 | Loss=0.005526 | diff=0.0051 | coarse=0.0050 | 19.1s
Epoch 33/120 | Loss=0.121834 | Val RMSE=14.7866 | Val MAE=10.7112 | Val MAPE=47.34% | LR=6.03e-04 | 29.1s
[INFO] start epoch 34/120
  Epoch 34 Batch 50/461 | Loss=0.115252 | diff=0.1053 | coarse=0.1243 | 2.0s
  Epoch 34 Batch 100/461 | Loss=0.123357 | diff=0.1135 | coarse=0.1229 | 4.1s
  Epoch 34 Batch 150/461 | Loss=0.120180 | diff=0.1082 | coarse=0.1495 | 6.2s
  Epoch 34 Batch 200/461 | Loss=0.111907 | diff=0.1030 | coarse=0.1112 | 8.3s
  Epoch 34 Batch 250/461 | Loss=0.137534 | diff=0.1267 | coarse=0.1354 | 10.4s
  Epoch 34 Batch 300/461 | Loss=0.127342 | diff=0.1167 | coarse=0.1332 | 12.4s
  Epoch 34 Batch 350/461 | Loss=0.108848 | diff=0.0997 | coarse=0.1139 | 14.5s
  Epoch 34 Batch 400/461 | Loss=0.102988 | diff=0.0946 | coarse=0.1046 | 16.6s
  Epoch 34 Batch 450/461 | Loss=0.109733 | diff=0.1006 | coarse=0.1136 | 18.7s
  Epoch 34 Batch 461/461 | Loss=0.005606 | diff=0.0052 | coarse=0.0051 | 19.2s
Epoch 34/120 | Loss=0.115169 | Val RMSE=14.6507 | Val MAE=10.6538 | Val MAPE=46.45% | LR=5.96e-04 | 29.2s
[INFO] start epoch 35/120
  Epoch 35 Batch 50/461 | Loss=0.101542 | diff=0.0926 | coarse=0.1119 | 2.0s
  Epoch 35 Batch 100/461 | Loss=0.121600 | diff=0.1115 | coarse=0.1267 | 4.1s
  Epoch 35 Batch 150/461 | Loss=0.108452 | diff=0.0985 | coarse=0.1240 | 6.2s
  Epoch 35 Batch 200/461 | Loss=0.108059 | diff=0.0995 | coarse=0.1073 | 8.3s
  Epoch 35 Batch 250/461 | Loss=0.134315 | diff=0.1233 | coarse=0.1378 | 10.3s
  Epoch 35 Batch 300/461 | Loss=0.126164 | diff=0.1160 | coarse=0.1265 | 12.4s
  Epoch 35 Batch 350/461 | Loss=0.109999 | diff=0.1014 | coarse=0.1072 | 14.5s
  Epoch 35 Batch 400/461 | Loss=0.104079 | diff=0.0957 | coarse=0.1041 | 16.6s
  Epoch 35 Batch 450/461 | Loss=0.108796 | diff=0.1000 | coarse=0.1097 | 18.7s
  Epoch 35 Batch 461/461 | Loss=0.005433 | diff=0.0050 | coarse=0.0052 | 19.2s
Epoch 35/120 | Loss=0.113259 | Val RMSE=15.3182 | Val MAE=11.3041 | Val MAPE=50.11% | LR=5.89e-04 | 29.2s
[INFO] start epoch 36/120
  Epoch 36 Batch 50/461 | Loss=0.097996 | diff=0.0899 | coarse=0.1012 | 2.0s
  Epoch 36 Batch 100/461 | Loss=0.123513 | diff=0.1138 | coarse=0.1213 | 4.2s
  Epoch 36 Batch 150/461 | Loss=0.113731 | diff=0.1035 | coarse=0.1276 | 6.4s
  Epoch 36 Batch 200/461 | Loss=0.108582 | diff=0.0999 | coarse=0.1086 | 8.6s
  Epoch 36 Batch 250/461 | Loss=0.138525 | diff=0.1276 | coarse=0.1370 | 10.8s
  Epoch 36 Batch 300/461 | Loss=0.128433 | diff=0.1184 | coarse=0.1249 | 13.1s
  Epoch 36 Batch 350/461 | Loss=0.122482 | diff=0.1147 | coarse=0.0974 | 15.4s
  Epoch 36 Batch 400/461 | Loss=0.102066 | diff=0.0940 | coarse=0.1014 | 17.6s
  Epoch 36 Batch 450/461 | Loss=0.106138 | diff=0.0975 | coarse=0.1086 | 19.9s
  Epoch 36 Batch 461/461 | Loss=0.005508 | diff=0.0050 | coarse=0.0060 | 20.4s
Epoch 36/120 | Loss=0.114748 | Val RMSE=16.0925 | Val MAE=11.8715 | Val MAPE=52.66% | LR=5.82e-04 | 30.4s
[INFO] start epoch 37/120
  Epoch 37 Batch 50/461 | Loss=0.103104 | diff=0.0949 | coarse=0.1023 | 2.0s
  Epoch 37 Batch 100/461 | Loss=0.121883 | diff=0.1117 | coarse=0.1269 | 4.1s
  Epoch 37 Batch 150/461 | Loss=0.106433 | diff=0.0974 | coarse=0.1125 | 6.2s
  Epoch 37 Batch 200/461 | Loss=0.109143 | diff=0.1004 | coarse=0.1091 | 8.3s
  Epoch 37 Batch 250/461 | Loss=0.128896 | diff=0.1186 | coarse=0.1293 | 10.4s
  Epoch 37 Batch 300/461 | Loss=0.170312 | diff=0.1580 | coarse=0.1541 | 12.6s
  Epoch 37 Batch 350/461 | Loss=0.098417 | diff=0.0899 | coarse=0.1063 | 14.7s
  Epoch 37 Batch 400/461 | Loss=0.100754 | diff=0.0926 | coarse=0.1014 | 16.8s
  Epoch 37 Batch 450/461 | Loss=0.112821 | diff=0.1037 | coarse=0.1142 | 18.9s
  Epoch 37 Batch 461/461 | Loss=0.005290 | diff=0.0048 | coarse=0.0056 | 19.3s
Epoch 37/120 | Loss=0.117356 | Val RMSE=14.7320 | Val MAE=10.6045 | Val MAPE=46.31% | LR=5.75e-04 | 29.3s
[INFO] start epoch 38/120
  Epoch 38 Batch 50/461 | Loss=0.101864 | diff=0.0939 | coarse=0.0998 | 2.0s
  Epoch 38 Batch 100/461 | Loss=0.168407 | diff=0.1554 | coarse=0.1631 | 4.1s
  Epoch 38 Batch 150/461 | Loss=0.105640 | diff=0.0971 | coarse=0.1062 | 6.2s
  Epoch 38 Batch 200/461 | Loss=0.101659 | diff=0.0935 | coarse=0.1025 | 8.3s
  Epoch 38 Batch 250/461 | Loss=0.129901 | diff=0.1195 | coarse=0.1303 | 10.4s
  [WARN] skip non-finite grad at epoch 38 batch 300
  Epoch 38 Batch 350/461 | Loss=0.091357 | diff=0.0836 | coarse=0.0974 | 14.7s
  Epoch 38 Batch 400/461 | Loss=0.132733 | diff=0.1238 | coarse=0.1122 | 16.8s
  Epoch 38 Batch 450/461 | Loss=0.106499 | diff=0.0978 | coarse=0.1084 | 18.9s
  Epoch 38 Batch 461/461 | Loss=0.005558 | diff=0.0052 | coarse=0.0050 | 19.3s
Epoch 38/120 | Loss=0.111747 | Val RMSE=14.3868 | Val MAE=10.0422 | Val MAPE=43.08% | LR=5.67e-04 | 29.5s
[INFO] start epoch 39/120
  Epoch 39 Batch 50/461 | Loss=0.105542 | diff=0.0971 | coarse=0.1050 | 2.0s
  Epoch 39 Batch 100/461 | Loss=0.163863 | diff=0.1510 | coarse=0.1607 | 4.1s
  Epoch 39 Batch 150/461 | Loss=0.100155 | diff=0.0920 | coarse=0.1020 | 6.3s
  Epoch 39 Batch 200/461 | Loss=0.109756 | diff=0.1011 | coarse=0.1076 | 8.4s
  Epoch 39 Batch 250/461 | Loss=0.140547 | diff=0.1284 | coarse=0.1514 | 10.5s
  Epoch 39 Batch 300/461 | Loss=0.188693 | diff=0.1755 | coarse=0.1644 | 12.6s
  Epoch 39 Batch 350/461 | Loss=0.092821 | diff=0.0857 | coarse=0.0895 | 14.7s
  Epoch 39 Batch 400/461 | Loss=0.107114 | diff=0.0971 | coarse=0.1250 | 16.8s
  Epoch 39 Batch 450/461 | Loss=0.111477 | diff=0.1025 | coarse=0.1118 | 18.9s
  Epoch 39 Batch 461/461 | Loss=0.006002 | diff=0.0056 | coarse=0.0051 | 19.4s
Epoch 39/120 | Loss=0.111621 | Val RMSE=15.9328 | Val MAE=11.7219 | Val MAPE=52.11% | LR=5.60e-04 | 29.4s
[INFO] start epoch 40/120
  Epoch 40 Batch 50/461 | Loss=0.094026 | diff=0.0859 | coarse=0.1019 | 2.0s
  Epoch 40 Batch 100/461 | Loss=0.125849 | diff=0.1132 | coarse=0.1575 | 4.1s
  Epoch 40 Batch 150/461 | Loss=0.097489 | diff=0.0893 | coarse=0.1022 | 6.2s
  Epoch 40 Batch 200/461 | Loss=0.103141 | diff=0.0949 | coarse=0.1025 | 8.3s
  Epoch 40 Batch 250/461 | Loss=0.125987 | diff=0.1144 | coarse=0.1449 | 10.4s
  Epoch 40 Batch 300/461 | Loss=0.147202 | diff=0.1360 | coarse=0.1399 | 12.5s
  Epoch 40 Batch 350/461 | Loss=0.087862 | diff=0.0807 | coarse=0.0893 | 14.7s
  Epoch 40 Batch 400/461 | Loss=0.097359 | diff=0.0896 | coarse=0.0969 | 16.8s
  Epoch 40 Batch 450/461 | Loss=0.110510 | diff=0.1011 | coarse=0.1171 | 18.9s
  Epoch 40 Batch 461/461 | Loss=0.005722 | diff=0.0052 | coarse=0.0060 | 19.3s
Epoch 40/120 | Loss=0.108924 | Val RMSE=15.4926 | Val MAE=11.3014 | Val MAPE=50.52% | LR=5.52e-04 | 29.4s
[INFO] start epoch 41/120
  Epoch 41 Batch 50/461 | Loss=0.099360 | diff=0.0899 | coarse=0.1177 | 2.0s
  Epoch 41 Batch 100/461 | Loss=0.118473 | diff=0.1078 | coarse=0.1330 | 4.1s
  Epoch 41 Batch 150/461 | Loss=0.102717 | diff=0.0940 | coarse=0.1087 | 6.3s
  Epoch 41 Batch 200/461 | Loss=0.099480 | diff=0.0915 | coarse=0.0996 | 8.4s
  Epoch 41 Batch 250/461 | Loss=0.123713 | diff=0.1132 | coarse=0.1319 | 10.5s
  Epoch 41 Batch 300/461 | Loss=0.126320 | diff=0.1160 | coarse=0.1286 | 12.6s
  Epoch 41 Batch 350/461 | Loss=0.092870 | diff=0.0856 | coarse=0.0914 | 14.7s
  Epoch 41 Batch 400/461 | Loss=0.097748 | diff=0.0895 | coarse=0.1028 | 16.8s
  Epoch 41 Batch 450/461 | Loss=0.099136 | diff=0.0906 | coarse=0.1061 | 18.9s
  Epoch 41 Batch 461/461 | Loss=0.005707 | diff=0.0052 | coarse=0.0069 | 19.4s
Epoch 41/120 | Loss=0.107254 | Val RMSE=15.5406 | Val MAE=11.4974 | Val MAPE=51.57% | LR=5.44e-04 | 29.5s
[INFO] start epoch 42/120
  Epoch 42 Batch 50/461 | Loss=0.098153 | diff=0.0885 | coarse=0.1209 | 2.0s
  Epoch 42 Batch 100/461 | Loss=0.111619 | diff=0.1024 | coarse=0.1154 | 4.1s
  Epoch 42 Batch 150/461 | Loss=0.111337 | diff=0.1020 | coarse=0.1173 | 6.2s
  Epoch 42 Batch 200/461 | Loss=0.104425 | diff=0.0961 | coarse=0.1045 | 8.3s
  Epoch 42 Batch 250/461 | Loss=0.146950 | diff=0.1358 | coarse=0.1392 | 10.4s
  Epoch 42 Batch 300/461 | Loss=0.121819 | diff=0.1119 | coarse=0.1245 | 12.5s
  Epoch 42 Batch 350/461 | Loss=0.087136 | diff=0.0800 | coarse=0.0893 | 14.6s
  Epoch 42 Batch 400/461 | Loss=0.096376 | diff=0.0869 | coarse=0.1181 | 16.7s
  Epoch 42 Batch 450/461 | Loss=0.101305 | diff=0.0927 | coarse=0.1070 | 18.8s
  Epoch 42 Batch 461/461 | Loss=0.005652 | diff=0.0052 | coarse=0.0057 | 19.2s
Epoch 42/120 | Loss=0.107408 | Val RMSE=15.2232 | Val MAE=11.0641 | Val MAPE=48.96% | LR=5.36e-04 | 29.3s
[INFO] start epoch 43/120
  Epoch 43 Batch 50/461 | Loss=0.102686 | diff=0.0941 | coarse=0.1071 | 2.0s
  [WARN] skip non-finite grad at epoch 43 batch 65
  Epoch 43 Batch 100/461 | Loss=0.116476 | diff=0.1072 | coarse=0.1157 | 4.1s
  Epoch 43 Batch 150/461 | Loss=0.105221 | diff=0.0955 | coarse=0.1221 | 6.2s
  Epoch 43 Batch 200/461 | Loss=0.101924 | diff=0.0940 | coarse=0.0984 | 8.3s
  Epoch 43 Batch 250/461 | Loss=0.122149 | diff=0.1124 | coarse=0.1216 | 10.3s
  Epoch 43 Batch 300/461 | Loss=0.118183 | diff=0.1088 | coarse=0.1174 | 12.4s
  Epoch 43 Batch 350/461 | Loss=0.087588 | diff=0.0804 | coarse=0.0899 | 14.5s
  Epoch 43 Batch 400/461 | Loss=0.099571 | diff=0.0904 | coarse=0.1146 | 16.6s
  Epoch 43 Batch 450/461 | Loss=0.111211 | diff=0.1019 | coarse=0.1161 | 18.7s
  Epoch 43 Batch 461/461 | Loss=0.006125 | diff=0.0057 | coarse=0.0049 | 19.2s
Epoch 43/120 | Loss=0.104718 | Val RMSE=15.3012 | Val MAE=11.0825 | Val MAPE=48.76% | LR=5.28e-04 | 29.3s
[EARLY STOP] patience=15, best_val_rmse=12.6388 at epoch 28
[INFO] PE-DiffWaveNet noleak training finished
{
  "split_mode": "noleak",
  "model_name": "PE-DiffWaveNet",
  "best_epoch": 28,
  "best_valid_rmse": 12.638801179756749,
  "best_valid_mae": 9.032336961414563,
  "best_valid_mape": 36.64220310148884,
  "test_rmse": 11.634008829694176,
  "test_mae": 8.319543482203091,
  "test_mape": 34.24722200776616,
  "relative_rmse": 2.8375631291937014,
  "relative_mae": 2.029156946878803,
  "train_scale_max": 410.0,
  "world_size": 1,
  "eval_inference_steps": 50,
  "eval_num_samples": 3,
  "eval_t_start_ratio": 0.25,
  "use_diffusion": 1,
  "use_pe_graph": 1,
  "use_pe_film": 1,
  "pe_source": "train",
  "pe_graph_alpha": 1.0,
  "pe_film_scale": 1.0,
  "pe_film_zero_init": 0,
  "normalize_pe_features": 1,
  "pe_shuffle_seed": -1,
  "pe_adaptive_loss": 0,
  "pe_loss_weight": 0.15,
  "pe_loss_start_step": 4,
  "pe_loss_normalize": 1,
  "per_step_rmse": [
    7.285617921532518,
    9.640432964143434,
    11.164907254378788,
    12.565874788821288,
    13.402111708391955,
    14.279699962193959
  ],
  "per_step_mae": [
    5.32758067409061,
    6.996227641624173,
    8.124748042099597,
    9.202398085215048,
    9.80267226033918,
    10.46363418984994
  ],
  "step4_6_rmse_avg": 13.415895486469068,
  "peak_mode": "percentile",
  "peak_threshold": 64.99999910593033,
  "peak_count": 41597,
  "peak_ratio": 0.11175680395475672,
  "rmse_peak": 13.478259282770237,
  "mae_peak": 9.03580827302199
}
  Peak_mode      : percentile
  Peak_threshold : 65.00 μg/m³
  Peak_count     : 41597
  Peak_ratio     : 11.18%
  RMSE_peak      : 13.4783
  MAE_peak       : 9.0358
Per-step metrics:
  Step        RMSE         MAE
     1      7.2856      5.3276
     2      9.6404      6.9962
     3     11.1649      8.1247
     4     12.5659      9.2024
     5     13.4021      9.8027
     6     14.2797     10.4636
[INFO] outputs: /home/cl/ozone-forecast/matrix_N95_PEDiffWaveNet_noleak_g3_pedw_p6_l12_s42
[INFO] weights: /home/cl/ozone-forecast/weights_N95/weights_pediffwavenet_noleak_g3_pedw_p6_l12_s42
