[INFO] PE-DiffWaveNet noleak training
[INFO] device=cuda, world_size=1
[INFO] output_dir=/home/cl/ozone-forecast/matrix_N95_PEDiffWaveNet_noleak_g3_pedw_no_pe_graph_p6_l24_s42
[INFO] clean_room=1, pe_source=train, use_pe_graph=0, use_pe_film=1, use_diffusion=1, pe_graph_alpha=1.0, pe_film_scale=1.0, pe_film_zero_init=0, pe_shuffle_seed=-1, pe_adaptive_loss=0, pe_loss_weight=0.15
[INFO] loading meteorological data...
[INFO] loading met cache: /home/cl/ozone-forecast/matrix_N95/met_raw_aligned_cache.npz
[INFO] trainX=(7349, 24, 95, 15), trainY=(7349, 6, 95)
[INFO] validX=(640, 24, 95, 15), validY=(640, 6, 95)
[INFO] testX=(641, 24, 95, 15), testY=(641, 6, 95)
[INFO] train-only PE time range: {'start_idx': 0, 'end_idx': 7377, 'start_time': '2022-01-01 00:00:00', 'end_time': '2022-11-05 23:00:00', 'length': 7378}
[INFO] building PE features: nodes=95, scales=[6, 9, 12, 24, 48, 72], step=1
[INFO] PE feature progress: 20/95
[INFO] PE feature progress: 40/95
[INFO] PE feature progress: 60/95
[INFO] PE feature progress: 80/95
[INFO] PE feature progress: 95/95
[INFO] building PE features: nodes=95, scales=[6, 9, 12, 24, 48, 72], step=1
[INFO] PE feature progress: 20/95
[INFO] PE feature progress: 40/95
[INFO] PE feature progress: 60/95
[INFO] PE feature progress: 80/95
[INFO] PE feature progress: 95/95
[INFO] graph nnz: S=691, T=1570, PE=0
[INFO] train batches/epoch=460, effective_batch=16
[INFO] model_params=621635
/home/cl/ozone-forecast/code/train_pediffwavenet_noleak.py:410: FutureWarning: `torch.cuda.amp.GradScaler(args...)` is deprecated. Please use `torch.amp.GradScaler('cuda', args...)` instead.
  scaler = torch.cuda.amp.GradScaler(enabled=use_amp)
[INFO] start epoch 1/120
  [WARN] skip non-finite grad at epoch 1 batch 1
  [WARN] skip non-finite grad at epoch 1 batch 2
  [WARN] skip non-finite grad at epoch 1 batch 3
  [WARN] skip non-finite grad at epoch 1 batch 4
  [WARN] skip non-finite grad at epoch 1 batch 5
  Epoch 1 Batch 50/460 | Loss=6.672266 | diff=6.1915 | coarse=6.0092 | 2.8s
  Epoch 1 Batch 100/460 | Loss=1.355405 | diff=1.1692 | coarse=2.3271 | 4.9s
  Epoch 1 Batch 150/460 | Loss=0.405362 | diff=0.3652 | coarse=0.5017 | 7.2s
  Epoch 1 Batch 200/460 | Loss=0.442119 | diff=0.3979 | coarse=0.5529 | 9.7s
  Epoch 1 Batch 250/460 | Loss=0.309620 | diff=0.2775 | coarse=0.4015 | 11.8s
  Epoch 1 Batch 300/460 | Loss=0.367661 | diff=0.3302 | coarse=0.4677 | 13.9s
  Epoch 1 Batch 350/460 | Loss=0.304335 | diff=0.2788 | coarse=0.3188 | 15.9s
  Epoch 1 Batch 400/460 | Loss=0.239257 | diff=0.2165 | coarse=0.2843 | 18.0s
  Epoch 1 Batch 450/460 | Loss=0.318647 | diff=0.2934 | coarse=0.3155 | 20.1s
  Epoch 1 Batch 460/460 | Loss=0.394100 | diff=0.3757 | coarse=0.2306 | 20.6s
Epoch 1/120 | Loss=1.472881 | Val RMSE=110.7370 | Val MAE=107.3833 | Val MAPE=493.81% | LR=2.80e-04 | 30.4s
  [BEST] epoch=1, val_rmse=110.7370
[INFO] start epoch 2/120
  Epoch 2 Batch 50/460 | Loss=0.375417 | diff=0.3430 | coarse=0.4058 | 2.0s
  Epoch 2 Batch 100/460 | Loss=0.456578 | diff=0.4281 | coarse=0.3557 | 4.1s
  Epoch 2 Batch 150/460 | Loss=0.387521 | diff=0.3574 | coarse=0.3771 | 6.2s
  Epoch 2 Batch 200/460 | Loss=0.319715 | diff=0.2997 | coarse=0.2497 | 8.2s
  Epoch 2 Batch 250/460 | Loss=0.304073 | diff=0.2801 | coarse=0.2997 | 10.3s
  Epoch 2 Batch 300/460 | Loss=0.302363 | diff=0.2794 | coarse=0.2874 | 12.3s
  Epoch 2 Batch 350/460 | Loss=0.314397 | diff=0.2889 | coarse=0.3186 | 14.3s
  Epoch 2 Batch 400/460 | Loss=0.293010 | diff=0.2675 | coarse=0.3186 | 16.3s
  Epoch 2 Batch 450/460 | Loss=0.258854 | diff=0.2401 | coarse=0.2349 | 18.3s
  Epoch 2 Batch 460/460 | Loss=0.332592 | diff=0.3219 | coarse=0.1337 | 18.8s
Epoch 2/120 | Loss=0.333952 | Val RMSE=89.0126 | Val MAE=85.9510 | Val MAPE=399.76% | LR=4.20e-04 | 28.4s
  [BEST] epoch=2, val_rmse=89.0126
[INFO] start epoch 3/120
  Epoch 3 Batch 50/460 | Loss=0.336973 | diff=0.3097 | coarse=0.3414 | 1.9s
  Epoch 3 Batch 100/460 | Loss=0.369267 | diff=0.3476 | coarse=0.2710 | 4.0s
  Epoch 3 Batch 150/460 | Loss=0.365222 | diff=0.3387 | coarse=0.3321 | 6.2s
  Epoch 3 Batch 200/460 | Loss=0.314683 | diff=0.2946 | coarse=0.2511 | 8.2s
  Epoch 3 Batch 250/460 | Loss=0.289668 | diff=0.2686 | coarse=0.2637 | 10.2s
  Epoch 3 Batch 300/460 | Loss=0.266323 | diff=0.2450 | coarse=0.2668 | 12.3s
  Epoch 3 Batch 350/460 | Loss=0.281544 | diff=0.2564 | coarse=0.3147 | 14.3s
  Epoch 3 Batch 400/460 | Loss=0.276432 | diff=0.2551 | coarse=0.2665 | 16.3s
  Epoch 3 Batch 450/460 | Loss=0.226623 | diff=0.2094 | coarse=0.2155 | 18.3s
  Epoch 3 Batch 460/460 | Loss=0.316329 | diff=0.3058 | coarse=0.1313 | 18.8s
Epoch 3/120 | Loss=0.303339 | Val RMSE=74.7906 | Val MAE=71.9733 | Val MAPE=336.81% | LR=5.60e-04 | 28.5s
  [BEST] epoch=3, val_rmse=74.7906
[INFO] start epoch 4/120
  Epoch 4 Batch 50/460 | Loss=0.316354 | diff=0.2903 | coarse=0.3262 | 1.9s
  Epoch 4 Batch 100/460 | Loss=0.339506 | diff=0.3193 | coarse=0.2520 | 4.0s
  Epoch 4 Batch 150/460 | Loss=0.368002 | diff=0.3366 | coarse=0.3931 | 6.0s
  Epoch 4 Batch 200/460 | Loss=0.320846 | diff=0.2981 | coarse=0.2846 | 8.0s
  Epoch 4 Batch 250/460 | Loss=0.270223 | diff=0.2501 | coarse=0.2511 | 10.0s
  Epoch 4 Batch 300/460 | Loss=0.241045 | diff=0.2196 | coarse=0.2684 | 12.0s
  Epoch 4 Batch 350/460 | Loss=0.272631 | diff=0.2467 | coarse=0.3236 | 14.1s
  Epoch 4 Batch 400/460 | Loss=0.265723 | diff=0.2454 | coarse=0.2539 | 16.1s
  Epoch 4 Batch 450/460 | Loss=0.206586 | diff=0.1920 | coarse=0.1823 | 18.1s
  Epoch 4 Batch 460/460 | Loss=0.318383 | diff=0.3078 | coarse=0.1317 | 18.5s
Epoch 4/120 | Loss=0.290643 | Val RMSE=64.1448 | Val MAE=61.6008 | Val MAPE=289.25% | LR=7.00e-04 | 28.2s
  [BEST] epoch=4, val_rmse=64.1448
[INFO] start epoch 5/120
  Epoch 5 Batch 50/460 | Loss=0.309197 | diff=0.2837 | coarse=0.3189 | 2.0s
  Epoch 5 Batch 100/460 | Loss=0.324800 | diff=0.3052 | coarse=0.2452 | 4.0s
  Epoch 5 Batch 150/460 | Loss=0.412462 | diff=0.3760 | coarse=0.4553 | 6.0s
  Epoch 5 Batch 200/460 | Loss=0.313785 | diff=0.2890 | coarse=0.3097 | 8.0s
  Epoch 5 Batch 250/460 | Loss=0.258918 | diff=0.2396 | coarse=0.2420 | 10.1s
  Epoch 5 Batch 300/460 | Loss=0.241791 | diff=0.2191 | coarse=0.2834 | 12.1s
  Epoch 5 Batch 350/460 | Loss=0.243499 | diff=0.2215 | coarse=0.2754 | 14.2s
  Epoch 5 Batch 400/460 | Loss=0.251228 | diff=0.2318 | coarse=0.2423 | 16.4s
  Epoch 5 Batch 450/460 | Loss=0.210136 | diff=0.1960 | coarse=0.1770 | 18.6s
  Epoch 5 Batch 460/460 | Loss=0.321270 | diff=0.3118 | coarse=0.1188 | 19.0s
Epoch 5/120 | Loss=0.281597 | Val RMSE=57.5343 | Val MAE=55.1087 | Val MAPE=260.09% | LR=7.00e-04 | 28.5s
  [BEST] epoch=5, val_rmse=57.5343
[INFO] start epoch 6/120
  Epoch 6 Batch 50/460 | Loss=0.292761 | diff=0.2699 | coarse=0.2858 | 3.3s
  Epoch 6 Batch 100/460 | Loss=0.313327 | diff=0.2943 | coarse=0.2375 | 6.8s
  Epoch 6 Batch 150/460 | Loss=0.371257 | diff=0.3400 | coarse=0.3906 | 10.2s
  Epoch 6 Batch 200/460 | Loss=0.288800 | diff=0.2672 | coarse=0.2694 | 13.8s
  Epoch 6 Batch 250/460 | Loss=0.252495 | diff=0.2340 | coarse=0.2309 | 16.6s
  Epoch 6 Batch 300/460 | Loss=0.230614 | diff=0.2090 | coarse=0.2699 | 19.2s
  Epoch 6 Batch 350/460 | Loss=0.237428 | diff=0.2160 | coarse=0.2678 | 21.6s
  Epoch 6 Batch 400/460 | Loss=0.241553 | diff=0.2226 | coarse=0.2374 | 23.9s
  Epoch 6 Batch 450/460 | Loss=0.201884 | diff=0.1880 | coarse=0.1731 | 26.1s
  Epoch 6 Batch 460/460 | Loss=0.312784 | diff=0.3041 | coarse=0.1085 | 26.6s
Epoch 6/120 | Loss=0.265384 | Val RMSE=48.9561 | Val MAE=46.5506 | Val MAPE=220.58% | LR=7.00e-04 | 36.2s
  [BEST] epoch=6, val_rmse=48.9561
[INFO] start epoch 7/120
  Epoch 7 Batch 50/460 | Loss=0.278916 | diff=0.2578 | coarse=0.2637 | 2.0s
  Epoch 7 Batch 100/460 | Loss=0.295752 | diff=0.2779 | coarse=0.2231 | 4.1s
  Epoch 7 Batch 150/460 | Loss=0.336854 | diff=0.3113 | coarse=0.3192 | 6.2s
  Epoch 7 Batch 200/460 | Loss=0.278812 | diff=0.2581 | coarse=0.2593 | 8.3s
  Epoch 7 Batch 250/460 | Loss=0.232955 | diff=0.2158 | coarse=0.2149 | 10.3s
  Epoch 7 Batch 300/460 | Loss=0.219148 | diff=0.1988 | coarse=0.2544 | 12.4s
  Epoch 7 Batch 350/460 | Loss=0.215617 | diff=0.1971 | coarse=0.2315 | 14.5s
  Epoch 7 Batch 400/460 | Loss=0.215011 | diff=0.1973 | coarse=0.2214 | 16.6s
  Epoch 7 Batch 450/460 | Loss=0.195344 | diff=0.1820 | coarse=0.1663 | 18.7s
  Epoch 7 Batch 460/460 | Loss=0.294635 | diff=0.2873 | coarse=0.0916 | 19.1s
Epoch 7/120 | Loss=0.250863 | Val RMSE=37.2199 | Val MAE=34.8460 | Val MAPE=164.79% | LR=6.99e-04 | 28.8s
  [BEST] epoch=7, val_rmse=37.2199
[INFO] start epoch 8/120
  Epoch 8 Batch 50/460 | Loss=0.262400 | diff=0.2425 | coarse=0.2492 | 2.0s
  Epoch 8 Batch 100/460 | Loss=0.275522 | diff=0.2586 | coarse=0.2120 | 4.1s
  Epoch 8 Batch 150/460 | Loss=0.315649 | diff=0.2926 | coarse=0.2875 | 6.2s
  Epoch 8 Batch 200/460 | Loss=0.286000 | diff=0.2638 | coarse=0.2776 | 8.3s
  Epoch 8 Batch 250/460 | Loss=0.221604 | diff=0.2053 | coarse=0.2032 | 10.3s
  Epoch 8 Batch 300/460 | Loss=0.209086 | diff=0.1889 | coarse=0.2520 | 12.4s
  Epoch 8 Batch 350/460 | Loss=0.199334 | diff=0.1826 | coarse=0.2088 | 14.5s
  Epoch 8 Batch 400/460 | Loss=0.201369 | diff=0.1845 | coarse=0.2111 | 16.6s
  Epoch 8 Batch 450/460 | Loss=0.188090 | diff=0.1751 | coarse=0.1626 | 18.7s
  Epoch 8 Batch 460/460 | Loss=0.279809 | diff=0.2729 | coarse=0.0863 | 19.1s
Epoch 8/120 | Loss=0.238083 | Val RMSE=26.9290 | Val MAE=24.3699 | Val MAPE=114.27% | LR=6.99e-04 | 28.8s
  [BEST] epoch=8, val_rmse=26.9290
[INFO] start epoch 9/120
  Epoch 9 Batch 50/460 | Loss=0.242276 | diff=0.2241 | coarse=0.2277 | 2.0s
  Epoch 9 Batch 100/460 | Loss=0.253062 | diff=0.2367 | coarse=0.2047 | 4.1s
  Epoch 9 Batch 150/460 | Loss=0.292257 | diff=0.2697 | coarse=0.2815 | 6.2s
  Epoch 9 Batch 200/460 | Loss=0.284275 | diff=0.2622 | coarse=0.2759 | 8.3s
  Epoch 9 Batch 250/460 | Loss=0.215369 | diff=0.1998 | coarse=0.1945 | 10.4s
  Epoch 9 Batch 300/460 | Loss=0.196367 | diff=0.1763 | coarse=0.2505 | 12.6s
  Epoch 9 Batch 350/460 | Loss=0.185057 | diff=0.1704 | coarse=0.1833 | 14.8s
  Epoch 9 Batch 400/460 | Loss=0.191582 | diff=0.1760 | coarse=0.1950 | 17.1s
  Epoch 9 Batch 450/460 | Loss=0.177557 | diff=0.1655 | coarse=0.1505 | 19.3s
  Epoch 9 Batch 460/460 | Loss=0.271404 | diff=0.2649 | coarse=0.0814 | 19.8s
Epoch 9/120 | Loss=0.226246 | Val RMSE=20.1550 | Val MAE=17.6447 | Val MAPE=81.65% | LR=6.98e-04 | 29.5s
  [BEST] epoch=9, val_rmse=20.1550
[INFO] start epoch 10/120
  Epoch 10 Batch 50/460 | Loss=0.229809 | diff=0.2125 | coarse=0.2162 | 2.0s
  Epoch 10 Batch 100/460 | Loss=0.234451 | diff=0.2182 | coarse=0.2027 | 4.0s
  Epoch 10 Batch 150/460 | Loss=0.266022 | diff=0.2439 | coarse=0.2765 | 6.1s
  Epoch 10 Batch 200/460 | Loss=0.260496 | diff=0.2397 | coarse=0.2605 | 8.2s
  Epoch 10 Batch 250/460 | Loss=0.208157 | diff=0.1930 | coarse=0.1891 | 10.2s
  Epoch 10 Batch 300/460 | Loss=0.189147 | diff=0.1689 | coarse=0.2532 | 12.3s
  Epoch 10 Batch 350/460 | Loss=0.172995 | diff=0.1601 | coarse=0.1617 | 14.4s
  Epoch 10 Batch 400/460 | Loss=0.190970 | diff=0.1761 | coarse=0.1864 | 16.4s
  Epoch 10 Batch 450/460 | Loss=0.156822 | diff=0.1461 | coarse=0.1346 | 18.5s
  Epoch 10 Batch 460/460 | Loss=0.254500 | diff=0.2485 | coarse=0.0755 | 18.9s
Epoch 10/120 | Loss=0.214673 | Val RMSE=17.7775 | Val MAE=15.2117 | Val MAPE=70.96% | LR=6.97e-04 | 28.5s
  [BEST] epoch=10, val_rmse=17.7775
[INFO] start epoch 11/120
  Epoch 11 Batch 50/460 | Loss=0.222648 | diff=0.2061 | coarse=0.2073 | 2.0s
  Epoch 11 Batch 100/460 | Loss=0.220759 | diff=0.2049 | coarse=0.1987 | 4.1s
  Epoch 11 Batch 150/460 | Loss=0.233184 | diff=0.2122 | coarse=0.2628 | 6.2s
  Epoch 11 Batch 200/460 | Loss=0.246464 | diff=0.2263 | coarse=0.2515 | 8.2s
  Epoch 11 Batch 250/460 | Loss=0.199681 | diff=0.1849 | coarse=0.1844 | 10.3s
  Epoch 11 Batch 300/460 | Loss=0.181034 | diff=0.1616 | coarse=0.2431 | 12.4s
  Epoch 11 Batch 350/460 | Loss=0.158801 | diff=0.1469 | coarse=0.1481 | 14.5s
  Epoch 11 Batch 400/460 | Loss=0.190985 | diff=0.1761 | coarse=0.1864 | 16.6s
  Epoch 11 Batch 450/460 | Loss=0.151585 | diff=0.1407 | coarse=0.1365 | 18.6s
  Epoch 11 Batch 460/460 | Loss=0.238534 | diff=0.2330 | coarse=0.0692 | 19.1s
Epoch 11/120 | Loss=0.205238 | Val RMSE=16.5314 | Val MAE=13.8894 | Val MAPE=64.56% | LR=6.95e-04 | 28.8s
  [BEST] epoch=11, val_rmse=16.5314
[INFO] start epoch 12/120
  Epoch 12 Batch 50/460 | Loss=0.206555 | diff=0.1912 | coarse=0.1922 | 2.0s
  Epoch 12 Batch 100/460 | Loss=0.199382 | diff=0.1842 | coarse=0.1903 | 4.1s
  Epoch 12 Batch 150/460 | Loss=0.210344 | diff=0.1903 | coarse=0.2504 | 6.2s
  Epoch 12 Batch 200/460 | Loss=0.224010 | diff=0.2046 | coarse=0.2420 | 8.4s
  Epoch 12 Batch 250/460 | Loss=0.195769 | diff=0.1809 | coarse=0.1853 | 10.6s
  Epoch 12 Batch 300/460 | Loss=0.171328 | diff=0.1536 | coarse=0.2218 | 12.8s
  Epoch 12 Batch 350/460 | Loss=0.151751 | diff=0.1405 | coarse=0.1410 | 15.1s
  Epoch 12 Batch 400/460 | Loss=0.178806 | diff=0.1650 | coarse=0.1729 | 17.4s
  Epoch 12 Batch 450/460 | Loss=0.143902 | diff=0.1332 | coarse=0.1341 | 19.6s
  Epoch 12 Batch 460/460 | Loss=0.221358 | diff=0.2156 | coarse=0.0714 | 20.1s
Epoch 12/120 | Loss=0.193831 | Val RMSE=16.3578 | Val MAE=13.6447 | Val MAPE=63.94% | LR=6.94e-04 | 29.7s
  [BEST] epoch=12, val_rmse=16.3578
[INFO] start epoch 13/120
  Epoch 13 Batch 50/460 | Loss=0.196847 | diff=0.1820 | coarse=0.1857 | 2.0s
  Epoch 13 Batch 100/460 | Loss=0.181099 | diff=0.1670 | coarse=0.1764 | 4.0s
  Epoch 13 Batch 150/460 | Loss=0.204059 | diff=0.1854 | coarse=0.2335 | 6.1s
  Epoch 13 Batch 200/460 | Loss=0.193050 | diff=0.1763 | coarse=0.2093 | 8.2s
  Epoch 13 Batch 250/460 | Loss=0.189989 | diff=0.1754 | coarse=0.1818 | 10.2s
  Epoch 13 Batch 300/460 | Loss=0.168845 | diff=0.1530 | coarse=0.1979 | 12.3s
  Epoch 13 Batch 350/460 | Loss=0.148136 | diff=0.1371 | coarse=0.1375 | 14.3s
  Epoch 13 Batch 400/460 | Loss=0.170893 | diff=0.1578 | coarse=0.1634 | 16.4s
  Epoch 13 Batch 450/460 | Loss=0.140869 | diff=0.1302 | coarse=0.1338 | 18.5s
  Epoch 13 Batch 460/460 | Loss=0.193113 | diff=0.1877 | coarse=0.0682 | 18.9s
Epoch 13/120 | Loss=0.183525 | Val RMSE=16.6433 | Val MAE=13.9873 | Val MAPE=65.54% | LR=6.92e-04 | 28.6s
[INFO] start epoch 14/120
  Epoch 14 Batch 50/460 | Loss=0.188861 | diff=0.1745 | coarse=0.1790 | 2.0s
  Epoch 14 Batch 100/460 | Loss=0.174907 | diff=0.1606 | coarse=0.1791 | 4.0s
  Epoch 14 Batch 150/460 | Loss=0.193584 | diff=0.1768 | coarse=0.2104 | 6.1s
  Epoch 14 Batch 200/460 | Loss=0.168102 | diff=0.1541 | coarse=0.1748 | 8.1s
  Epoch 14 Batch 250/460 | Loss=0.189251 | diff=0.1748 | coarse=0.1806 | 10.2s
  Epoch 14 Batch 300/460 | Loss=0.162450 | diff=0.1483 | coarse=0.1765 | 12.3s
  Epoch 14 Batch 350/460 | Loss=0.140395 | diff=0.1300 | coarse=0.1305 | 14.3s
  Epoch 14 Batch 400/460 | Loss=0.161623 | diff=0.1496 | coarse=0.1509 | 16.4s
  Epoch 14 Batch 450/460 | Loss=0.134282 | diff=0.1238 | coarse=0.1316 | 18.5s
  Epoch 14 Batch 460/460 | Loss=0.156235 | diff=0.1513 | coarse=0.0615 | 18.9s
Epoch 14/120 | Loss=0.174584 | Val RMSE=16.3136 | Val MAE=13.6401 | Val MAPE=64.22% | LR=6.89e-04 | 28.5s
  [BEST] epoch=14, val_rmse=16.3136
[INFO] start epoch 15/120
  Epoch 15 Batch 50/460 | Loss=0.175492 | diff=0.1622 | coarse=0.1659 | 2.0s
  Epoch 15 Batch 100/460 | Loss=0.165875 | diff=0.1524 | coarse=0.1684 | 4.0s
  Epoch 15 Batch 150/460 | Loss=0.174690 | diff=0.1597 | coarse=0.1874 | 6.1s
  Epoch 15 Batch 200/460 | Loss=0.169954 | diff=0.1551 | coarse=0.1858 | 8.1s
  Epoch 15 Batch 250/460 | Loss=0.185922 | diff=0.1720 | coarse=0.1745 | 10.2s
  Epoch 15 Batch 300/460 | Loss=0.160953 | diff=0.1476 | coarse=0.1663 | 12.2s
  Epoch 15 Batch 350/460 | Loss=0.139209 | diff=0.1288 | coarse=0.1304 | 14.3s
  Epoch 15 Batch 400/460 | Loss=0.156633 | diff=0.1447 | coarse=0.1489 | 16.4s
  Epoch 15 Batch 450/460 | Loss=0.136910 | diff=0.1260 | coarse=0.1364 | 18.4s
  Epoch 15 Batch 460/460 | Loss=0.146606 | diff=0.1416 | coarse=0.0628 | 18.8s
Epoch 15/120 | Loss=0.166085 | Val RMSE=15.1368 | Val MAE=12.4488 | Val MAPE=57.43% | LR=6.87e-04 | 28.5s
  [BEST] epoch=15, val_rmse=15.1368
[INFO] start epoch 16/120
  Epoch 16 Batch 50/460 | Loss=0.179856 | diff=0.1660 | coarse=0.1727 | 2.0s
  Epoch 16 Batch 100/460 | Loss=0.164765 | diff=0.1515 | coarse=0.1664 | 4.0s
  Epoch 16 Batch 150/460 | Loss=0.159609 | diff=0.1457 | coarse=0.1743 | 6.1s
  Epoch 16 Batch 200/460 | Loss=0.161094 | diff=0.1473 | coarse=0.1718 | 8.2s
  Epoch 16 Batch 250/460 | Loss=0.180752 | diff=0.1672 | coarse=0.1693 | 10.2s
  Epoch 16 Batch 300/460 | Loss=0.163156 | diff=0.1514 | coarse=0.1474 | 12.3s
  Epoch 16 Batch 350/460 | Loss=0.129799 | diff=0.1197 | coarse=0.1266 | 14.3s
  Epoch 16 Batch 400/460 | Loss=0.144039 | diff=0.1326 | coarse=0.1429 | 16.4s
  Epoch 16 Batch 450/460 | Loss=0.134966 | diff=0.1241 | coarse=0.1358 | 18.5s
  Epoch 16 Batch 460/460 | Loss=0.152447 | diff=0.1463 | coarse=0.0770 | 18.9s
Epoch 16/120 | Loss=0.161039 | Val RMSE=14.1925 | Val MAE=11.3623 | Val MAPE=50.43% | LR=6.84e-04 | 28.5s
  [BEST] epoch=16, val_rmse=14.1925
[INFO] start epoch 17/120
  Epoch 17 Batch 50/460 | Loss=0.170915 | diff=0.1582 | coarse=0.1592 | 2.0s
  Epoch 17 Batch 100/460 | Loss=0.163231 | diff=0.1509 | coarse=0.1537 | 4.1s
  Epoch 17 Batch 150/460 | Loss=0.183864 | diff=0.1690 | coarse=0.1861 | 6.1s
  Epoch 17 Batch 200/460 | Loss=0.151451 | diff=0.1386 | coarse=0.1607 | 8.2s
  Epoch 17 Batch 250/460 | Loss=0.192274 | diff=0.1774 | coarse=0.1863 | 10.3s
  Epoch 17 Batch 300/460 | Loss=0.146360 | diff=0.1342 | coarse=0.1522 | 12.3s
  Epoch 17 Batch 350/460 | Loss=0.128231 | diff=0.1181 | coarse=0.1267 | 14.4s
  Epoch 17 Batch 400/460 | Loss=0.143809 | diff=0.1327 | coarse=0.1394 | 16.5s
  Epoch 17 Batch 450/460 | Loss=0.125044 | diff=0.1150 | coarse=0.1251 | 18.5s
  Epoch 17 Batch 460/460 | Loss=0.126944 | diff=0.1214 | coarse=0.0687 | 18.9s
Epoch 17/120 | Loss=0.157058 | Val RMSE=13.0467 | Val MAE=9.9270 | Val MAPE=42.59% | LR=6.81e-04 | 28.6s
  [BEST] epoch=17, val_rmse=13.0467
[INFO] start epoch 18/120
  Epoch 18 Batch 50/460 | Loss=0.157619 | diff=0.1454 | coarse=0.1533 | 2.0s
  Epoch 18 Batch 100/460 | Loss=0.150019 | diff=0.1382 | coarse=0.1474 | 4.1s
  Epoch 18 Batch 150/460 | Loss=0.155123 | diff=0.1408 | coarse=0.1795 | 6.1s
  Epoch 18 Batch 200/460 | Loss=0.152662 | diff=0.1380 | coarse=0.1828 | 8.2s
  Epoch 18 Batch 250/460 | Loss=0.171914 | diff=0.1591 | coarse=0.1603 | 10.2s
  Epoch 18 Batch 300/460 | Loss=0.137902 | diff=0.1262 | coarse=0.1467 | 12.3s
  Epoch 18 Batch 350/460 | Loss=0.127026 | diff=0.1172 | coarse=0.1230 | 14.3s
  Epoch 18 Batch 400/460 | Loss=0.140666 | diff=0.1297 | coarse=0.1365 | 16.4s
  Epoch 18 Batch 450/460 | Loss=0.119747 | diff=0.1103 | coarse=0.1181 | 18.5s
  Epoch 18 Batch 460/460 | Loss=0.094895 | diff=0.0906 | coarse=0.0539 | 18.9s
Epoch 18/120 | Loss=0.149184 | Val RMSE=12.9209 | Val MAE=9.8009 | Val MAPE=41.90% | LR=6.78e-04 | 28.5s
  [BEST] epoch=18, val_rmse=12.9209
[INFO] start epoch 19/120
  Epoch 19 Batch 50/460 | Loss=0.154585 | diff=0.1427 | coarse=0.1483 | 2.0s
  Epoch 19 Batch 100/460 | Loss=0.151207 | diff=0.1395 | coarse=0.1463 | 4.1s
  Epoch 19 Batch 150/460 | Loss=0.162135 | diff=0.1470 | coarse=0.1886 | 6.2s
  Epoch 19 Batch 200/460 | Loss=0.186263 | diff=0.1666 | coarse=0.2456 | 8.2s
  Epoch 19 Batch 250/460 | Loss=0.154052 | diff=0.1421 | coarse=0.1489 | 10.3s
  Epoch 19 Batch 300/460 | Loss=0.139776 | diff=0.1277 | coarse=0.1515 | 12.4s
  Epoch 19 Batch 350/460 | Loss=0.137292 | diff=0.1268 | coarse=0.1308 | 14.5s
  Epoch 19 Batch 400/460 | Loss=0.143480 | diff=0.1319 | coarse=0.1442 | 16.6s
  Epoch 19 Batch 450/460 | Loss=0.131752 | diff=0.1219 | coarse=0.1231 | 18.6s
  Epoch 19 Batch 460/460 | Loss=0.108610 | diff=0.1044 | coarse=0.0527 | 19.1s
Epoch 19/120 | Loss=0.148295 | Val RMSE=13.2046 | Val MAE=10.0263 | Val MAPE=43.59% | LR=6.75e-04 | 28.7s
[INFO] start epoch 20/120
  Epoch 20 Batch 50/460 | Loss=0.152382 | diff=0.1403 | coarse=0.1508 | 2.0s
  Epoch 20 Batch 100/460 | Loss=0.145562 | diff=0.1341 | coarse=0.1434 | 4.1s
  Epoch 20 Batch 150/460 | Loss=0.151974 | diff=0.1404 | coarse=0.1448 | 6.2s
  Epoch 20 Batch 200/460 | Loss=0.156766 | diff=0.1407 | coarse=0.2013 | 8.3s
  Epoch 20 Batch 250/460 | Loss=0.167833 | diff=0.1546 | coarse=0.1648 | 10.3s
  Epoch 20 Batch 300/460 | Loss=0.139197 | diff=0.1260 | coarse=0.1655 | 12.4s
  Epoch 20 Batch 350/460 | Loss=0.123653 | diff=0.1141 | coarse=0.1199 | 14.5s
  Epoch 20 Batch 400/460 | Loss=0.130623 | diff=0.1196 | coarse=0.1380 | 16.6s
  Epoch 20 Batch 450/460 | Loss=0.115073 | diff=0.1060 | coarse=0.1128 | 18.7s
  Epoch 20 Batch 460/460 | Loss=0.113934 | diff=0.1091 | coarse=0.0605 | 19.1s
Epoch 20/120 | Loss=0.151143 | Val RMSE=13.7165 | Val MAE=10.6517 | Val MAPE=46.99% | LR=6.71e-04 | 28.8s
[INFO] start epoch 21/120
  Epoch 21 Batch 50/460 | Loss=0.147198 | diff=0.1353 | coarse=0.1488 | 2.0s
  Epoch 21 Batch 100/460 | Loss=0.150532 | diff=0.1378 | coarse=0.1597 | 4.1s
  Epoch 21 Batch 150/460 | Loss=0.144225 | diff=0.1317 | coarse=0.1565 | 6.2s
  Epoch 21 Batch 200/460 | Loss=0.151772 | diff=0.1338 | coarse=0.2243 | 8.2s
  Epoch 21 Batch 250/460 | Loss=0.154614 | diff=0.1418 | coarse=0.1597 | 10.3s
  Epoch 21 Batch 300/460 | Loss=0.133321 | diff=0.1212 | coarse=0.1513 | 12.3s
  Epoch 21 Batch 350/460 | Loss=0.114187 | diff=0.1052 | coarse=0.1118 | 14.5s
  Epoch 21 Batch 400/460 | Loss=0.122306 | diff=0.1119 | coarse=0.1306 | 16.7s
  Epoch 21 Batch 450/460 | Loss=0.117609 | diff=0.1077 | coarse=0.1240 | 18.9s
  Epoch 21 Batch 460/460 | Loss=0.091962 | diff=0.0872 | coarse=0.0596 | 19.3s
Epoch 21/120 | Loss=0.142157 | Val RMSE=12.9309 | Val MAE=9.6324 | Val MAPE=40.90% | LR=6.67e-04 | 28.9s
[INFO] start epoch 22/120
  Epoch 22 Batch 50/460 | Loss=0.141790 | diff=0.1305 | coarse=0.1406 | 2.0s
  Epoch 22 Batch 100/460 | Loss=0.147760 | diff=0.1352 | coarse=0.1571 | 4.0s
  Epoch 22 Batch 150/460 | Loss=0.144646 | diff=0.1323 | coarse=0.1541 | 6.1s
  Epoch 22 Batch 200/460 | Loss=0.132331 | diff=0.1164 | coarse=0.1990 | 8.3s
  Epoch 22 Batch 250/460 | Loss=0.138535 | diff=0.1274 | coarse=0.1394 | 10.5s
  Epoch 22 Batch 300/460 | Loss=0.121544 | diff=0.1101 | coarse=0.1425 | 12.7s
  Epoch 22 Batch 350/460 | Loss=0.110467 | diff=0.1016 | coarse=0.1107 | 14.9s
  Epoch 22 Batch 400/460 | Loss=0.120502 | diff=0.1102 | coarse=0.1283 | 17.1s
  Epoch 22 Batch 450/460 | Loss=0.125368 | diff=0.1148 | coarse=0.1321 | 19.3s
  Epoch 22 Batch 460/460 | Loss=0.071565 | diff=0.0677 | coarse=0.0488 | 19.7s
Epoch 22/120 | Loss=0.135238 | Val RMSE=13.2853 | Val MAE=9.9152 | Val MAPE=42.13% | LR=6.63e-04 | 29.5s
[INFO] start epoch 23/120
  Epoch 23 Batch 50/460 | Loss=0.139219 | diff=0.1281 | coarse=0.1386 | 2.0s
  Epoch 23 Batch 100/460 | Loss=0.144539 | diff=0.1324 | coarse=0.1521 | 4.1s
  Epoch 23 Batch 150/460 | Loss=0.140332 | diff=0.1285 | coarse=0.1477 | 6.1s
  Epoch 23 Batch 200/460 | Loss=0.135088 | diff=0.1186 | coarse=0.2065 | 8.2s
  Epoch 23 Batch 250/460 | Loss=0.139253 | diff=0.1277 | coarse=0.1448 | 10.3s
  Epoch 23 Batch 300/460 | Loss=0.132002 | diff=0.1201 | coarse=0.1493 | 12.5s
  Epoch 23 Batch 350/460 | Loss=0.113341 | diff=0.1044 | coarse=0.1122 | 14.7s
  Epoch 23 Batch 400/460 | Loss=0.127544 | diff=0.1168 | coarse=0.1345 | 16.9s
  Epoch 23 Batch 450/460 | Loss=0.114747 | diff=0.1049 | coarse=0.1233 | 19.1s
  Epoch 23 Batch 460/460 | Loss=0.072581 | diff=0.0689 | coarse=0.0458 | 19.5s
Epoch 23/120 | Loss=0.138817 | Val RMSE=15.0993 | Val MAE=11.8844 | Val MAPE=53.25% | LR=6.59e-04 | 29.3s
[INFO] start epoch 24/120
  Epoch 24 Batch 50/460 | Loss=0.143285 | diff=0.1320 | coarse=0.1405 | 2.0s
  Epoch 24 Batch 100/460 | Loss=0.131958 | diff=0.1210 | coarse=0.1375 | 4.0s
  Epoch 24 Batch 150/460 | Loss=0.142411 | diff=0.1313 | coarse=0.1394 | 6.1s
  Epoch 24 Batch 200/460 | Loss=0.146853 | diff=0.1341 | coarse=0.1597 | 8.2s
  Epoch 24 Batch 250/460 | Loss=0.142479 | diff=0.1306 | coarse=0.1487 | 10.2s
  Epoch 24 Batch 300/460 | Loss=0.122708 | diff=0.1114 | coarse=0.1417 | 12.3s
  Epoch 24 Batch 350/460 | Loss=0.129165 | diff=0.1191 | coarse=0.1258 | 14.3s
  Epoch 24 Batch 400/460 | Loss=0.119752 | diff=0.1094 | coarse=0.1293 | 16.4s
  Epoch 24 Batch 450/460 | Loss=0.109960 | diff=0.1010 | coarse=0.1122 | 18.5s
  Epoch 24 Batch 460/460 | Loss=0.054609 | diff=0.0512 | coarse=0.0423 | 18.9s
Epoch 24/120 | Loss=0.138441 | Val RMSE=14.8324 | Val MAE=11.5832 | Val MAPE=51.28% | LR=6.54e-04 | 28.6s
[INFO] start epoch 25/120
  [WARN] skip non-finite grad at epoch 25 batch 40
  Epoch 25 Batch 50/460 | Loss=0.204296 | diff=0.1863 | coarse=0.2254 | 2.0s
  Epoch 25 Batch 100/460 | Loss=0.126063 | diff=0.1158 | coarse=0.1285 | 4.0s
  Epoch 25 Batch 150/460 | Loss=0.158816 | diff=0.1480 | coarse=0.1352 | 6.1s
  Epoch 25 Batch 200/460 | Loss=0.125949 | diff=0.1134 | coarse=0.1563 | 8.2s
  Epoch 25 Batch 250/460 | Loss=0.138002 | diff=0.1268 | coarse=0.1396 | 10.2s
  Epoch 25 Batch 300/460 | Loss=0.120963 | diff=0.1114 | coarse=0.1193 | 12.3s
  Epoch 25 Batch 350/460 | Loss=0.113249 | diff=0.1045 | coarse=0.1100 | 14.3s
  Epoch 25 Batch 400/460 | Loss=0.116727 | diff=0.1064 | coarse=0.1286 | 16.4s
  Epoch 25 Batch 450/460 | Loss=0.106035 | diff=0.0974 | coarse=0.1083 | 18.4s
  Epoch 25 Batch 460/460 | Loss=0.059549 | diff=0.0555 | coarse=0.0509 | 18.8s
Epoch 25/120 | Loss=0.138209 | Val RMSE=13.6423 | Val MAE=10.2089 | Val MAPE=43.28% | LR=6.49e-04 | 28.5s
[INFO] start epoch 26/120
  Epoch 26 Batch 50/460 | Loss=0.141386 | diff=0.1302 | coarse=0.1402 | 2.0s
  Epoch 26 Batch 100/460 | Loss=0.125277 | diff=0.1151 | coarse=0.1268 | 4.1s
  Epoch 26 Batch 150/460 | Loss=0.153901 | diff=0.1423 | coarse=0.1453 | 6.2s
  Epoch 26 Batch 200/460 | Loss=0.116287 | diff=0.1054 | coarse=0.1360 | 8.2s
  Epoch 26 Batch 250/460 | Loss=0.148234 | diff=0.1366 | coarse=0.1452 | 10.3s
  Epoch 26 Batch 300/460 | Loss=0.118140 | diff=0.1087 | coarse=0.1176 | 12.4s
  Epoch 26 Batch 350/460 | Loss=0.107129 | diff=0.0986 | coarse=0.1063 | 14.5s
  Epoch 26 Batch 400/460 | Loss=0.113433 | diff=0.1033 | coarse=0.1261 | 16.6s
  Epoch 26 Batch 450/460 | Loss=0.110645 | diff=0.1020 | coarse=0.1081 | 18.7s
  Epoch 26 Batch 460/460 | Loss=0.056032 | diff=0.0517 | coarse=0.0547 | 19.1s
Epoch 26/120 | Loss=0.130675 | Val RMSE=13.3798 | Val MAE=9.9072 | Val MAPE=40.96% | LR=6.44e-04 | 28.8s
[INFO] start epoch 27/120
  Epoch 27 Batch 50/460 | Loss=0.153576 | diff=0.1415 | coarse=0.1512 | 2.0s
  Epoch 27 Batch 100/460 | Loss=0.124781 | diff=0.1148 | coarse=0.1252 | 4.1s
  Epoch 27 Batch 150/460 | Loss=0.143281 | diff=0.1324 | coarse=0.1355 | 6.1s
  Epoch 27 Batch 200/460 | Loss=0.121823 | diff=0.1121 | coarse=0.1213 | 8.2s
  Epoch 27 Batch 250/460 | Loss=0.157178 | diff=0.1448 | coarse=0.1543 | 10.3s
  Epoch 27 Batch 300/460 | Loss=0.115591 | diff=0.1061 | coarse=0.1185 | 12.4s
  Epoch 27 Batch 350/460 | Loss=0.101891 | diff=0.0936 | coarse=0.1032 | 14.5s
  Epoch 27 Batch 400/460 | Loss=0.112677 | diff=0.1026 | coarse=0.1260 | 16.6s
  Epoch 27 Batch 450/460 | Loss=0.134938 | diff=0.1255 | coarse=0.1180 | 18.7s
  Epoch 27 Batch 460/460 | Loss=0.100141 | diff=0.0963 | coarse=0.0475 | 19.1s
Epoch 27/120 | Loss=0.127982 | Val RMSE=13.6556 | Val MAE=10.0905 | Val MAPE=42.19% | LR=6.39e-04 | 28.9s
[INFO] start epoch 28/120
  Epoch 28 Batch 50/460 | Loss=0.148120 | diff=0.1373 | coarse=0.1359 | 2.0s
  Epoch 28 Batch 100/460 | Loss=0.116665 | diff=0.1071 | coarse=0.1196 | 4.1s
  Epoch 28 Batch 150/460 | Loss=0.131222 | diff=0.1215 | coarse=0.1212 | 6.2s
  Epoch 28 Batch 200/460 | Loss=0.117503 | diff=0.1082 | coarse=0.1165 | 8.3s
  Epoch 28 Batch 250/460 | Loss=0.142022 | diff=0.1307 | coarse=0.1418 | 10.3s
  Epoch 28 Batch 300/460 | Loss=0.110215 | diff=0.1013 | coarse=0.1117 | 12.4s
  Epoch 28 Batch 350/460 | Loss=0.103519 | diff=0.0954 | coarse=0.1018 | 14.5s
  Epoch 28 Batch 400/460 | Loss=0.118526 | diff=0.1073 | coarse=0.1403 | 16.6s
  Epoch 28 Batch 450/460 | Loss=0.130274 | diff=0.1211 | coarse=0.1148 | 18.7s
  Epoch 28 Batch 460/460 | Loss=0.064603 | diff=0.0616 | coarse=0.0376 | 19.1s
Epoch 28/120 | Loss=0.125121 | Val RMSE=13.3817 | Val MAE=10.0725 | Val MAPE=42.93% | LR=6.33e-04 | 28.7s
[INFO] start epoch 29/120
  Epoch 29 Batch 50/460 | Loss=0.135068 | diff=0.1245 | coarse=0.1316 | 2.0s
  Epoch 29 Batch 100/460 | Loss=0.114503 | diff=0.1051 | coarse=0.1178 | 4.1s
  Epoch 29 Batch 150/460 | Loss=0.132114 | diff=0.1217 | coarse=0.1302 | 6.1s
  Epoch 29 Batch 200/460 | Loss=0.123232 | diff=0.1143 | coarse=0.1112 | 8.2s
  Epoch 29 Batch 250/460 | Loss=0.124550 | diff=0.1145 | coarse=0.1261 | 10.3s
  Epoch 29 Batch 300/460 | Loss=0.112689 | diff=0.1037 | coarse=0.1129 | 12.4s
  Epoch 29 Batch 350/460 | Loss=0.099755 | diff=0.0918 | coarse=0.0997 | 14.5s
  Epoch 29 Batch 400/460 | Loss=0.118493 | diff=0.1067 | coarse=0.1472 | 16.6s
  Epoch 29 Batch 450/460 | Loss=0.117818 | diff=0.1084 | coarse=0.1173 | 18.6s
  Epoch 29 Batch 460/460 | Loss=0.062331 | diff=0.0589 | coarse=0.0432 | 19.1s
Epoch 29/120 | Loss=0.121969 | Val RMSE=12.7498 | Val MAE=9.3531 | Val MAPE=39.00% | LR=6.27e-04 | 28.7s
  [BEST] epoch=29, val_rmse=12.7498
[INFO] start epoch 30/120
  Epoch 30 Batch 50/460 | Loss=0.137734 | diff=0.1271 | coarse=0.1332 | 2.0s
  Epoch 30 Batch 100/460 | Loss=0.112918 | diff=0.1036 | coarse=0.1167 | 4.1s
  Epoch 30 Batch 150/460 | Loss=0.130818 | diff=0.1209 | coarse=0.1244 | 6.1s
  Epoch 30 Batch 200/460 | Loss=0.113988 | diff=0.1041 | coarse=0.1240 | 8.2s
  Epoch 30 Batch 250/460 | Loss=0.124985 | diff=0.1148 | coarse=0.1274 | 10.3s
  Epoch 30 Batch 300/460 | Loss=0.110366 | diff=0.1007 | coarse=0.1213 | 12.4s
  Epoch 30 Batch 350/460 | Loss=0.128567 | diff=0.1181 | coarse=0.1308 | 14.5s
  Epoch 30 Batch 400/460 | Loss=0.121060 | diff=0.1082 | coarse=0.1612 | 16.5s
  Epoch 30 Batch 450/460 | Loss=0.113173 | diff=0.1029 | coarse=0.1283 | 18.6s
  Epoch 30 Batch 460/460 | Loss=0.059825 | diff=0.0561 | coarse=0.0472 | 19.0s
Epoch 30/120 | Loss=0.123200 | Val RMSE=13.5129 | Val MAE=10.2560 | Val MAPE=44.74% | LR=6.21e-04 | 28.7s
[INFO] start epoch 31/120
  Epoch 31 Batch 50/460 | Loss=0.136518 | diff=0.1263 | coarse=0.1272 | 2.0s
  Epoch 31 Batch 100/460 | Loss=0.135801 | diff=0.1241 | coarse=0.1460 | 4.1s
  Epoch 31 Batch 150/460 | Loss=0.134825 | diff=0.1237 | coarse=0.1385 | 6.2s
  Epoch 31 Batch 200/460 | Loss=0.114086 | diff=0.1030 | coarse=0.1380 | 8.2s
  Epoch 31 Batch 250/460 | Loss=0.124432 | diff=0.1143 | coarse=0.1267 | 10.3s
  Epoch 31 Batch 300/460 | Loss=0.110360 | diff=0.1001 | coarse=0.1283 | 12.4s
  Epoch 31 Batch 350/460 | Loss=0.133821 | diff=0.1225 | coarse=0.1411 | 14.5s
  Epoch 31 Batch 400/460 | Loss=0.112016 | diff=0.1007 | coarse=0.1409 | 16.6s
  Epoch 31 Batch 450/460 | Loss=0.108639 | diff=0.0983 | coarse=0.1290 | 18.7s
  Epoch 31 Batch 460/460 | Loss=0.090080 | diff=0.0857 | coarse=0.0544 | 19.1s
Epoch 31/120 | Loss=0.124436 | Val RMSE=13.3044 | Val MAE=9.8826 | Val MAPE=42.21% | LR=6.15e-04 | 28.8s
[INFO] start epoch 32/120
  [WARN] skip non-finite grad at epoch 32 batch 36
  Epoch 32 Batch 50/460 | Loss=0.150491 | diff=0.1379 | coarse=0.1579 | 2.0s
  Epoch 32 Batch 100/460 | Loss=0.142734 | diff=0.1297 | coarse=0.1625 | 4.1s
  Epoch 32 Batch 150/460 | Loss=0.135837 | diff=0.1248 | coarse=0.1381 | 6.1s
  Epoch 32 Batch 200/460 | Loss=0.108807 | diff=0.0971 | coarse=0.1464 | 8.2s
  Epoch 32 Batch 250/460 | Loss=0.118567 | diff=0.1090 | coarse=0.1194 | 10.3s
  Epoch 32 Batch 300/460 | Loss=0.108159 | diff=0.0975 | coarse=0.1337 | 12.4s
  Epoch 32 Batch 350/460 | Loss=0.132078 | diff=0.1209 | coarse=0.1403 | 14.5s
  Epoch 32 Batch 400/460 | Loss=0.127846 | diff=0.1167 | coarse=0.1393 | 16.5s
  Epoch 32 Batch 450/460 | Loss=0.102569 | diff=0.0933 | coarse=0.1155 | 18.6s
  Epoch 32 Batch 460/460 | Loss=0.071882 | diff=0.0677 | coarse=0.0521 | 19.0s
Epoch 32/120 | Loss=0.123739 | Val RMSE=13.3436 | Val MAE=9.8717 | Val MAPE=42.85% | LR=6.09e-04 | 28.7s
[INFO] start epoch 33/120
  Epoch 33 Batch 50/460 | Loss=0.139478 | diff=0.1272 | coarse=0.1539 | 2.0s
  Epoch 33 Batch 100/460 | Loss=0.137534 | diff=0.1245 | coarse=0.1625 | 4.1s
  Epoch 33 Batch 150/460 | Loss=0.128369 | diff=0.1183 | coarse=0.1260 | 6.2s
  Epoch 33 Batch 200/460 | Loss=0.108514 | diff=0.0991 | coarse=0.1177 | 8.2s
  Epoch 33 Batch 250/460 | Loss=0.119913 | diff=0.1104 | coarse=0.1187 | 10.3s
  Epoch 33 Batch 300/460 | Loss=0.103663 | diff=0.0944 | coarse=0.1154 | 12.4s
  Epoch 33 Batch 350/460 | Loss=0.107744 | diff=0.0989 | coarse=0.1105 | 14.5s
  Epoch 33 Batch 400/460 | Loss=0.118059 | diff=0.1084 | coarse=0.1204 | 16.6s
  Epoch 33 Batch 450/460 | Loss=0.094395 | diff=0.0862 | coarse=0.1028 | 18.7s
  Epoch 33 Batch 460/460 | Loss=0.071455 | diff=0.0677 | coarse=0.0470 | 19.1s
Epoch 33/120 | Loss=0.120123 | Val RMSE=13.3740 | Val MAE=9.9416 | Val MAPE=43.53% | LR=6.03e-04 | 28.7s
[INFO] start epoch 34/120
  Epoch 34 Batch 50/460 | Loss=0.137321 | diff=0.1260 | coarse=0.1419 | 2.3s
  Epoch 34 Batch 100/460 | Loss=0.127361 | diff=0.1157 | coarse=0.1453 | 4.4s
  Epoch 34 Batch 150/460 | Loss=0.129728 | diff=0.1195 | coarse=0.1283 | 6.5s
  Epoch 34 Batch 200/460 | Loss=0.122656 | diff=0.1139 | coarse=0.1093 | 8.6s
  Epoch 34 Batch 250/460 | Loss=0.125828 | diff=0.1160 | coarse=0.1231 | 10.6s
  Epoch 34 Batch 300/460 | Loss=0.102894 | diff=0.0934 | coarse=0.1191 | 12.7s
  Epoch 34 Batch 350/460 | Loss=0.099053 | diff=0.0909 | coarse=0.1018 | 14.8s
  Epoch 34 Batch 400/460 | Loss=0.162275 | diff=0.1515 | coarse=0.1352 | 16.9s
  Epoch 34 Batch 450/460 | Loss=0.101400 | diff=0.0926 | coarse=0.1095 | 19.0s
  Epoch 34 Batch 460/460 | Loss=0.059523 | diff=0.0564 | coarse=0.0394 | 19.4s
Epoch 34/120 | Loss=0.120049 | Val RMSE=13.2121 | Val MAE=9.7696 | Val MAPE=41.85% | LR=5.96e-04 | 29.0s
[INFO] start epoch 35/120
  Epoch 35 Batch 50/460 | Loss=0.122949 | diff=0.1129 | coarse=0.1251 | 2.0s
  Epoch 35 Batch 100/460 | Loss=0.119711 | diff=0.1090 | coarse=0.1343 | 4.1s
  Epoch 35 Batch 150/460 | Loss=0.118935 | diff=0.1096 | coarse=0.1167 | 6.2s
  Epoch 35 Batch 200/460 | Loss=0.109674 | diff=0.1013 | coarse=0.1046 | 8.2s
  Epoch 35 Batch 250/460 | Loss=0.114622 | diff=0.1054 | coarse=0.1149 | 10.3s
  Epoch 35 Batch 300/460 | Loss=0.102135 | diff=0.0925 | coarse=0.1203 | 12.4s
  Epoch 35 Batch 350/460 | Loss=0.095434 | diff=0.0877 | coarse=0.0971 | 14.5s
  Epoch 35 Batch 400/460 | Loss=0.172872 | diff=0.1616 | coarse=0.1414 | 16.6s
  Epoch 35 Batch 450/460 | Loss=0.092323 | diff=0.0843 | coarse=0.1005 | 18.7s
  Epoch 35 Batch 460/460 | Loss=0.053837 | diff=0.0508 | coarse=0.0382 | 19.1s
Epoch 35/120 | Loss=0.114596 | Val RMSE=12.8943 | Val MAE=9.5056 | Val MAPE=40.69% | LR=5.89e-04 | 28.7s
[INFO] start epoch 36/120
  Epoch 36 Batch 50/460 | Loss=0.119707 | diff=0.1102 | coarse=0.1191 | 2.0s
  Epoch 36 Batch 100/460 | Loss=0.116277 | diff=0.1068 | coarse=0.1181 | 4.1s
  Epoch 36 Batch 150/460 | Loss=0.118094 | diff=0.1088 | coarse=0.1165 | 6.2s
  Epoch 36 Batch 200/460 | Loss=0.106903 | diff=0.0981 | coarse=0.1101 | 8.2s
  Epoch 36 Batch 250/460 | Loss=0.113483 | diff=0.1045 | coarse=0.1122 | 10.3s
  Epoch 36 Batch 300/460 | Loss=0.102057 | diff=0.0920 | coarse=0.1255 | 12.4s
  Epoch 36 Batch 350/460 | Loss=0.098755 | diff=0.0911 | coarse=0.0962 | 14.5s
  Epoch 36 Batch 400/460 | Loss=0.148419 | diff=0.1373 | coarse=0.1392 | 16.6s
  Epoch 36 Batch 450/460 | Loss=0.092930 | diff=0.0846 | coarse=0.1044 | 18.7s
  Epoch 36 Batch 460/460 | Loss=0.051516 | diff=0.0485 | coarse=0.0378 | 19.2s
Epoch 36/120 | Loss=0.114196 | Val RMSE=13.3860 | Val MAE=9.9186 | Val MAPE=42.75% | LR=5.82e-04 | 28.7s
[INFO] start epoch 37/120
  Epoch 37 Batch 50/460 | Loss=0.120450 | diff=0.1109 | coarse=0.1193 | 2.0s
  Epoch 37 Batch 100/460 | Loss=0.109609 | diff=0.1007 | coarse=0.1117 | 4.0s
  Epoch 37 Batch 150/460 | Loss=0.118598 | diff=0.1094 | coarse=0.1156 | 6.0s
  Epoch 37 Batch 200/460 | Loss=0.113069 | diff=0.1036 | coarse=0.1178 | 8.0s
  Epoch 37 Batch 250/460 | Loss=0.113456 | diff=0.1043 | coarse=0.1151 | 10.1s
  Epoch 37 Batch 300/460 | Loss=0.101634 | diff=0.0919 | coarse=0.1215 | 12.1s
  Epoch 37 Batch 350/460 | Loss=0.102595 | diff=0.0935 | coarse=0.1135 | 14.1s
  Epoch 37 Batch 400/460 | Loss=0.140002 | diff=0.1283 | coarse=0.1463 | 16.2s
  Epoch 37 Batch 450/460 | Loss=0.091478 | diff=0.0830 | coarse=0.1062 | 18.2s
  Epoch 37 Batch 460/460 | Loss=0.044719 | diff=0.0418 | coarse=0.0368 | 18.6s
Epoch 37/120 | Loss=0.111966 | Val RMSE=13.8937 | Val MAE=10.4880 | Val MAPE=45.94% | LR=5.75e-04 | 28.1s
[INFO] start epoch 38/120
  Epoch 38 Batch 50/460 | Loss=0.116255 | diff=0.1067 | coarse=0.1196 | 2.0s
  Epoch 38 Batch 100/460 | Loss=0.109091 | diff=0.1004 | coarse=0.1085 | 4.0s
  Epoch 38 Batch 150/460 | Loss=0.120313 | diff=0.1106 | coarse=0.1210 | 6.0s
  Epoch 38 Batch 200/460 | Loss=0.111560 | diff=0.1020 | coarse=0.1198 | 8.0s
  Epoch 38 Batch 250/460 | Loss=0.119194 | diff=0.1098 | coarse=0.1178 | 10.1s
  Epoch 38 Batch 300/460 | Loss=0.102405 | diff=0.0935 | coarse=0.1109 | 12.1s
  Epoch 38 Batch 350/460 | Loss=0.114252 | diff=0.1026 | coarse=0.1458 | 14.1s
  Epoch 38 Batch 400/460 | Loss=0.111203 | diff=0.1014 | coarse=0.1225 | 16.2s
  Epoch 38 Batch 450/460 | Loss=0.108353 | diff=0.0980 | coarse=0.1295 | 18.2s
  Epoch 38 Batch 460/460 | Loss=0.063027 | diff=0.0600 | coarse=0.0384 | 18.6s
Epoch 38/120 | Loss=0.116462 | Val RMSE=14.4660 | Val MAE=11.0481 | Val MAPE=49.00% | LR=5.67e-04 | 28.3s
[INFO] start epoch 39/120
  Epoch 39 Batch 50/460 | Loss=0.119661 | diff=0.1095 | coarse=0.1267 | 2.0s
  Epoch 39 Batch 100/460 | Loss=0.105333 | diff=0.0964 | coarse=0.1112 | 4.0s
  Epoch 39 Batch 150/460 | Loss=0.123855 | diff=0.1140 | coarse=0.1236 | 6.0s
  Epoch 39 Batch 200/460 | Loss=0.113415 | diff=0.1051 | coarse=0.1043 | 8.0s
  Epoch 39 Batch 250/460 | Loss=0.139079 | diff=0.1281 | coarse=0.1367 | 10.0s
  Epoch 39 Batch 300/460 | Loss=0.101573 | diff=0.0929 | coarse=0.1082 | 12.1s
  Epoch 39 Batch 350/460 | Loss=0.116111 | diff=0.1069 | coarse=0.1157 | 14.1s
  Epoch 39 Batch 400/460 | Loss=0.108129 | diff=0.0991 | coarse=0.1134 | 16.1s
  Epoch 39 Batch 450/460 | Loss=0.102087 | diff=0.0925 | coarse=0.1204 | 18.2s
  Epoch 39 Batch 460/460 | Loss=0.048373 | diff=0.0450 | coarse=0.0427 | 18.6s
Epoch 39/120 | Loss=0.116708 | Val RMSE=13.5980 | Val MAE=10.1387 | Val MAPE=44.01% | LR=5.60e-04 | 28.2s
[INFO] start epoch 40/120
  Epoch 40 Batch 50/460 | Loss=0.112885 | diff=0.1036 | coarse=0.1155 | 2.0s
  Epoch 40 Batch 100/460 | Loss=0.103733 | diff=0.0949 | coarse=0.1101 | 4.0s
  Epoch 40 Batch 150/460 | Loss=0.112490 | diff=0.1030 | coarse=0.1189 | 6.0s
  Epoch 40 Batch 200/460 | Loss=0.110317 | diff=0.1020 | coarse=0.1043 | 8.0s
  Epoch 40 Batch 250/460 | Loss=0.129235 | diff=0.1176 | coarse=0.1452 | 10.0s
  Epoch 40 Batch 300/460 | Loss=0.108517 | diff=0.1003 | coarse=0.1024 | 12.1s
  Epoch 40 Batch 350/460 | Loss=0.104945 | diff=0.0965 | coarse=0.1054 | 14.1s
  [WARN] skip non-finite grad at epoch 40 batch 367
  Epoch 40 Batch 400/460 | Loss=0.102280 | diff=0.0935 | coarse=0.1102 | 16.1s
  Epoch 40 Batch 450/460 | Loss=0.113202 | diff=0.1043 | coarse=0.1107 | 18.1s
  Epoch 40 Batch 460/460 | Loss=0.043491 | diff=0.0402 | coarse=0.0411 | 18.6s
Epoch 40/120 | Loss=0.113297 | Val RMSE=13.3448 | Val MAE=9.9616 | Val MAPE=42.66% | LR=5.52e-04 | 28.0s
[INFO] start epoch 41/120
  Epoch 41 Batch 50/460 | Loss=0.113347 | diff=0.1038 | coarse=0.1197 | 2.0s
  Epoch 41 Batch 100/460 | Loss=0.101659 | diff=0.0931 | coarse=0.1072 | 4.0s
  Epoch 41 Batch 150/460 | Loss=0.113353 | diff=0.1036 | coarse=0.1214 | 6.0s
  Epoch 41 Batch 200/460 | Loss=0.098467 | diff=0.0899 | coarse=0.1073 | 8.0s
  Epoch 41 Batch 250/460 | Loss=0.132459 | diff=0.1201 | coarse=0.1550 | 10.1s
  Epoch 41 Batch 300/460 | Loss=0.098688 | diff=0.0908 | coarse=0.0984 | 12.1s
  Epoch 41 Batch 350/460 | Loss=0.106719 | diff=0.0986 | coarse=0.1016 | 14.2s
  Epoch 41 Batch 400/460 | Loss=0.104820 | diff=0.0959 | coarse=0.1119 | 16.2s
  Epoch 41 Batch 450/460 | Loss=0.106831 | diff=0.0989 | coarse=0.0988 | 18.2s
  Epoch 41 Batch 460/460 | Loss=0.037124 | diff=0.0340 | coarse=0.0387 | 18.6s
Epoch 41/120 | Loss=0.109256 | Val RMSE=12.4247 | Val MAE=8.8303 | Val MAPE=36.24% | LR=5.44e-04 | 28.1s
  [BEST] epoch=41, val_rmse=12.4247
[INFO] start epoch 42/120
  Epoch 42 Batch 50/460 | Loss=0.115934 | diff=0.1060 | coarse=0.1238 | 2.0s
  Epoch 42 Batch 100/460 | Loss=0.097450 | diff=0.0892 | coarse=0.1027 | 4.1s
  Epoch 42 Batch 150/460 | Loss=0.110549 | diff=0.1009 | coarse=0.1203 | 6.2s
  Epoch 42 Batch 200/460 | Loss=0.095599 | diff=0.0863 | coarse=0.1161 | 8.3s
  Epoch 42 Batch 250/460 | Loss=0.134321 | diff=0.1207 | coarse=0.1705 | 10.3s
  Epoch 42 Batch 300/460 | Loss=0.112316 | diff=0.1041 | coarse=0.1022 | 12.4s
  Epoch 42 Batch 350/460 | Loss=0.100303 | diff=0.0930 | coarse=0.0918 | 14.5s
  Epoch 42 Batch 400/460 | Loss=0.100656 | diff=0.0910 | coarse=0.1206 | 16.6s
  Epoch 42 Batch 450/460 | Loss=0.103598 | diff=0.0954 | coarse=0.1023 | 18.7s
  Epoch 42 Batch 460/460 | Loss=0.037774 | diff=0.0344 | coarse=0.0426 | 19.1s
Epoch 42/120 | Loss=0.108551 | Val RMSE=12.6131 | Val MAE=9.0171 | Val MAPE=37.25% | LR=5.36e-04 | 28.7s
[INFO] start epoch 43/120
  Epoch 43 Batch 50/460 | Loss=0.111319 | diff=0.1017 | coarse=0.1201 | 2.0s
  Epoch 43 Batch 100/460 | Loss=0.093361 | diff=0.0851 | coarse=0.1030 | 4.1s
  Epoch 43 Batch 150/460 | Loss=0.116731 | diff=0.1076 | coarse=0.1139 | 6.1s
  Epoch 43 Batch 200/460 | Loss=0.094309 | diff=0.0849 | coarse=0.1175 | 8.2s
  Epoch 43 Batch 250/460 | Loss=0.125080 | diff=0.1117 | coarse=0.1669 | 10.3s
  Epoch 43 Batch 300/460 | Loss=0.098664 | diff=0.0907 | coarse=0.1002 | 12.4s
  [WARN] skip non-finite grad at epoch 43 batch 309
  Epoch 43 Batch 350/460 | Loss=0.093096 | diff=0.0857 | coarse=0.0923 | 14.5s
  Epoch 43 Batch 400/460 | Loss=0.109830 | diff=0.0998 | coarse=0.1252 | 16.6s
  Epoch 43 Batch 450/460 | Loss=0.101114 | diff=0.0925 | coarse=0.1079 | 18.6s
  Epoch 43 Batch 460/460 | Loss=0.038699 | diff=0.0353 | coarse=0.0429 | 19.1s
Epoch 43/120 | Loss=0.109710 | Val RMSE=12.5682 | Val MAE=8.9418 | Val MAPE=36.72% | LR=5.28e-04 | 28.7s
[INFO] start epoch 44/120
  Epoch 44 Batch 50/460 | Loss=0.119104 | diff=0.1087 | coarse=0.1306 | 2.0s
  Epoch 44 Batch 100/460 | Loss=0.097166 | diff=0.0885 | coarse=0.1084 | 4.1s
  Epoch 44 Batch 150/460 | Loss=0.125002 | diff=0.1137 | coarse=0.1407 | 6.1s
  Epoch 44 Batch 200/460 | Loss=0.095290 | diff=0.0842 | coarse=0.1390 | 8.2s
  Epoch 44 Batch 250/460 | Loss=0.122585 | diff=0.1099 | coarse=0.1589 | 10.3s
  Epoch 44 Batch 300/460 | Loss=0.100631 | diff=0.0924 | coarse=0.1028 | 12.3s
  Epoch 44 Batch 350/460 | Loss=0.091356 | diff=0.0837 | coarse=0.0958 | 14.4s
  Epoch 44 Batch 400/460 | Loss=0.105864 | diff=0.0961 | coarse=0.1221 | 16.4s
  Epoch 44 Batch 450/460 | Loss=0.095498 | diff=0.0874 | coarse=0.1008 | 18.5s
  Epoch 44 Batch 460/460 | Loss=0.039073 | diff=0.0360 | coarse=0.0385 | 18.9s
Epoch 44/120 | Loss=0.109308 | Val RMSE=12.4455 | Val MAE=8.8223 | Val MAPE=35.67% | LR=5.19e-04 | 28.5s
[INFO] start epoch 45/120
  Epoch 45 Batch 50/460 | Loss=0.114327 | diff=0.1048 | coarse=0.1189 | 2.0s
  Epoch 45 Batch 100/460 | Loss=0.097970 | diff=0.0892 | coarse=0.1092 | 4.0s
  Epoch 45 Batch 150/460 | Loss=0.110639 | diff=0.0998 | coarse=0.1354 | 6.1s
  Epoch 45 Batch 200/460 | Loss=0.088924 | diff=0.0787 | coarse=0.1275 | 8.1s
  Epoch 45 Batch 250/460 | Loss=0.113147 | diff=0.1022 | coarse=0.1362 | 10.2s
  Epoch 45 Batch 300/460 | Loss=0.109369 | diff=0.0999 | coarse=0.1188 | 12.3s
  Epoch 45 Batch 350/460 | Loss=0.106856 | diff=0.0996 | coarse=0.0903 | 14.3s
  Epoch 45 Batch 400/460 | Loss=0.106095 | diff=0.0975 | coarse=0.1079 | 16.4s
  Epoch 45 Batch 450/460 | Loss=0.097214 | diff=0.0902 | coarse=0.0882 | 18.4s
  Epoch 45 Batch 460/460 | Loss=0.049964 | diff=0.0473 | coarse=0.0332 | 18.9s
Epoch 45/120 | Loss=0.108044 | Val RMSE=12.9978 | Val MAE=9.3986 | Val MAPE=39.85% | LR=5.11e-04 | 28.5s
[INFO] start epoch 46/120
  Epoch 46 Batch 50/460 | Loss=0.105091 | diff=0.0963 | coarse=0.1103 | 2.0s
  Epoch 46 Batch 100/460 | Loss=0.103791 | diff=0.0933 | coarse=0.1311 | 4.0s
  Epoch 46 Batch 150/460 | Loss=0.108035 | diff=0.0988 | coarse=0.1158 | 6.1s
  Epoch 46 Batch 200/460 | Loss=0.086681 | diff=0.0772 | coarse=0.1185 | 8.2s
  Epoch 46 Batch 250/460 | Loss=0.110413 | diff=0.1010 | coarse=0.1180 | 10.2s
  Epoch 46 Batch 300/460 | Loss=0.108869 | diff=0.1002 | coarse=0.1086 | 12.3s
  Epoch 46 Batch 350/460 | Loss=0.112879 | diff=0.1055 | coarse=0.0919 | 14.3s
  Epoch 46 Batch 400/460 | Loss=0.100348 | diff=0.0925 | coarse=0.0977 | 16.4s
  Epoch 46 Batch 450/460 | Loss=0.091544 | diff=0.0842 | coarse=0.0920 | 18.5s
  Epoch 46 Batch 460/460 | Loss=0.056457 | diff=0.0539 | coarse=0.0322 | 18.9s
Epoch 46/120 | Loss=0.103812 | Val RMSE=13.4500 | Val MAE=9.8059 | Val MAPE=42.05% | LR=5.02e-04 | 28.5s
[INFO] start epoch 47/120
  Epoch 47 Batch 50/460 | Loss=0.103863 | diff=0.0951 | coarse=0.1100 | 2.0s
  Epoch 47 Batch 100/460 | Loss=0.107436 | diff=0.0957 | coarse=0.1465 | 4.0s
  Epoch 47 Batch 150/460 | Loss=0.106963 | diff=0.0977 | coarse=0.1154 | 6.1s
  Epoch 47 Batch 200/460 | Loss=0.091687 | diff=0.0836 | coarse=0.1013 | 8.2s
  Epoch 47 Batch 250/460 | Loss=0.116537 | diff=0.1078 | coarse=0.1092 | 10.2s
  Epoch 47 Batch 300/460 | Loss=0.096168 | diff=0.0887 | coarse=0.0938 | 12.3s
  Epoch 47 Batch 350/460 | Loss=0.105279 | diff=0.0972 | coarse=0.1011 | 14.4s
  Epoch 47 Batch 400/460 | Loss=0.102991 | diff=0.0950 | coarse=0.0998 | 16.4s
  Epoch 47 Batch 450/460 | Loss=0.086774 | diff=0.0791 | coarse=0.0954 | 18.5s
  Epoch 47 Batch 460/460 | Loss=0.054796 | diff=0.0522 | coarse=0.0320 | 18.9s
Epoch 47/120 | Loss=0.103626 | Val RMSE=12.9449 | Val MAE=9.2552 | Val MAPE=38.98% | LR=4.94e-04 | 28.6s
[INFO] start epoch 48/120
  Epoch 48 Batch 50/460 | Loss=0.109014 | diff=0.0996 | coarse=0.1171 | 2.0s
  Epoch 48 Batch 100/460 | Loss=0.106761 | diff=0.0957 | coarse=0.1381 | 4.0s
  Epoch 48 Batch 150/460 | Loss=0.106401 | diff=0.0978 | coarse=0.1075 | 6.1s
  Epoch 48 Batch 200/460 | Loss=0.094204 | diff=0.0867 | coarse=0.0934 | 8.2s
  Epoch 48 Batch 250/460 | Loss=0.107527 | diff=0.0992 | coarse=0.1041 | 10.2s
  Epoch 48 Batch 300/460 | Loss=0.094597 | diff=0.0871 | coarse=0.0934 | 12.3s
  Epoch 48 Batch 350/460 | Loss=0.085757 | diff=0.0788 | coarse=0.0871 | 14.3s
  Epoch 48 Batch 400/460 | Loss=0.094806 | diff=0.0867 | coarse=0.1018 | 16.4s
  Epoch 48 Batch 450/460 | Loss=0.081909 | diff=0.0743 | coarse=0.0956 | 18.5s
  Epoch 48 Batch 460/460 | Loss=0.049629 | diff=0.0471 | coarse=0.0322 | 18.9s
Epoch 48/120 | Loss=0.101459 | Val RMSE=12.8007 | Val MAE=9.0943 | Val MAPE=38.02% | LR=4.85e-04 | 28.5s
[INFO] start epoch 49/120
  Epoch 49 Batch 50/460 | Loss=0.105405 | diff=0.0967 | coarse=0.1087 | 2.0s
  Epoch 49 Batch 100/460 | Loss=0.102722 | diff=0.0930 | coarse=0.1216 | 4.0s
  Epoch 49 Batch 150/460 | Loss=0.113015 | diff=0.1045 | coarse=0.1069 | 6.1s
  Epoch 49 Batch 200/460 | Loss=0.089667 | diff=0.0817 | coarse=0.0993 | 8.1s
  Epoch 49 Batch 250/460 | Loss=0.099089 | diff=0.0906 | coarse=0.1061 | 10.2s
  Epoch 49 Batch 300/460 | Loss=0.093613 | diff=0.0864 | coarse=0.0904 | 12.3s
  Epoch 49 Batch 350/460 | Loss=0.083438 | diff=0.0768 | coarse=0.0834 | 14.3s
  Epoch 49 Batch 400/460 | Loss=0.094491 | diff=0.0864 | coarse=0.1017 | 16.4s
  Epoch 49 Batch 450/460 | Loss=0.083918 | diff=0.0770 | coarse=0.0864 | 18.4s
  Epoch 49 Batch 460/460 | Loss=0.039088 | diff=0.0366 | coarse=0.0309 | 18.9s
Epoch 49/120 | Loss=0.098925 | Val RMSE=12.4318 | Val MAE=8.6409 | Val MAPE=35.10% | LR=4.76e-04 | 28.5s
[INFO] start epoch 50/120
  Epoch 50 Batch 50/460 | Loss=0.103757 | diff=0.0952 | coarse=0.1070 | 2.0s
  Epoch 50 Batch 100/460 | Loss=0.099759 | diff=0.0910 | coarse=0.1101 | 4.0s
  Epoch 50 Batch 150/460 | Loss=0.127327 | diff=0.1184 | coarse=0.1121 | 6.1s
  Epoch 50 Batch 200/460 | Loss=0.094387 | diff=0.0854 | coarse=0.1121 | 8.1s
  Epoch 50 Batch 250/460 | Loss=0.097348 | diff=0.0890 | coarse=0.1048 | 10.2s
  Epoch 50 Batch 300/460 | Loss=0.091565 | diff=0.0842 | coarse=0.0923 | 12.3s
  Epoch 50 Batch 350/460 | Loss=0.087287 | diff=0.0804 | coarse=0.0856 | 14.3s
  Epoch 50 Batch 400/460 | Loss=0.094562 | diff=0.0855 | coarse=0.1134 | 16.4s
  Epoch 50 Batch 450/460 | Loss=0.087956 | diff=0.0812 | coarse=0.0842 | 18.5s
  Epoch 50 Batch 460/460 | Loss=0.033204 | diff=0.0306 | coarse=0.0331 | 18.9s
Epoch 50/120 | Loss=0.098284 | Val RMSE=12.5088 | Val MAE=8.7159 | Val MAPE=36.04% | LR=4.67e-04 | 28.6s
[INFO] start epoch 51/120
  Epoch 51 Batch 50/460 | Loss=0.114252 | diff=0.1053 | coarse=0.1121 | 2.0s
  Epoch 51 Batch 100/460 | Loss=0.102280 | diff=0.0944 | coarse=0.0979 | 4.0s
  Epoch 51 Batch 150/460 | Loss=0.117009 | diff=0.1076 | coarse=0.1176 | 6.1s
  Epoch 51 Batch 200/460 | Loss=0.088701 | diff=0.0791 | coarse=0.1196 | 8.1s
  Epoch 51 Batch 250/460 | Loss=0.096478 | diff=0.0877 | coarse=0.1102 | 10.2s
  Epoch 51 Batch 300/460 | Loss=0.092602 | diff=0.0851 | coarse=0.0935 | 12.3s
  Epoch 51 Batch 350/460 | Loss=0.083636 | diff=0.0766 | coarse=0.0877 | 14.3s
  Epoch 51 Batch 400/460 | Loss=0.094740 | diff=0.0850 | coarse=0.1212 | 16.4s
  Epoch 51 Batch 450/460 | Loss=0.077641 | diff=0.0710 | coarse=0.0831 | 18.4s
  Epoch 51 Batch 460/460 | Loss=0.038384 | diff=0.0352 | coarse=0.0392 | 18.9s
Epoch 51/120 | Loss=0.097496 | Val RMSE=12.4631 | Val MAE=8.6182 | Val MAPE=35.04% | LR=4.58e-04 | 28.5s
[INFO] start epoch 52/120
  Epoch 52 Batch 50/460 | Loss=0.099478 | diff=0.0909 | coarse=0.1076 | 2.0s
  Epoch 52 Batch 100/460 | Loss=0.099717 | diff=0.0918 | coarse=0.0993 | 4.0s
  Epoch 52 Batch 150/460 | Loss=0.104126 | diff=0.0956 | coarse=0.1060 | 6.1s
  [WARN] skip non-finite grad at epoch 52 batch 176
  Epoch 52 Batch 200/460 | Loss=0.109145 | diff=0.0942 | coarse=0.1873 | 8.2s
  Epoch 52 Batch 250/460 | Loss=0.098603 | diff=0.0903 | coarse=0.1040 | 10.2s
  Epoch 52 Batch 300/460 | Loss=0.088039 | diff=0.0804 | coarse=0.0952 | 12.3s
  Epoch 52 Batch 350/460 | Loss=0.081961 | diff=0.0753 | coarse=0.0836 | 14.4s
  Epoch 52 Batch 400/460 | Loss=0.102448 | diff=0.0926 | coarse=0.1232 | 16.4s
  Epoch 52 Batch 450/460 | Loss=0.074804 | diff=0.0685 | coarse=0.0791 | 18.5s
  Epoch 52 Batch 460/460 | Loss=0.042910 | diff=0.0403 | coarse=0.0329 | 18.9s
Epoch 52/120 | Loss=0.096911 | Val RMSE=12.7190 | Val MAE=8.9251 | Val MAPE=37.68% | LR=4.49e-04 | 28.6s
[INFO] start epoch 53/120
  Epoch 53 Batch 50/460 | Loss=0.097071 | diff=0.0879 | coarse=0.1147 | 2.0s
  Epoch 53 Batch 100/460 | Loss=0.095339 | diff=0.0876 | coarse=0.0970 | 4.0s
  Epoch 53 Batch 150/460 | Loss=0.106984 | diff=0.0981 | coarse=0.1105 | 6.1s
  Epoch 53 Batch 200/460 | Loss=0.092602 | diff=0.0796 | coarse=0.1624 | 8.1s
  Epoch 53 Batch 250/460 | Loss=0.099243 | diff=0.0908 | coarse=0.1050 | 10.2s
  Epoch 53 Batch 300/460 | Loss=0.088338 | diff=0.0802 | coarse=0.1022 | 12.3s
  Epoch 53 Batch 350/460 | Loss=0.079482 | diff=0.0729 | coarse=0.0826 | 14.3s
  Epoch 53 Batch 400/460 | Loss=0.101547 | diff=0.0926 | coarse=0.1123 | 16.4s
  Epoch 53 Batch 450/460 | Loss=0.074525 | diff=0.0683 | coarse=0.0784 | 18.4s
  Epoch 53 Batch 460/460 | Loss=0.049876 | diff=0.0474 | coarse=0.0306 | 18.9s
Epoch 53/120 | Loss=0.096651 | Val RMSE=13.1810 | Val MAE=9.4084 | Val MAPE=40.20% | LR=4.40e-04 | 28.5s
[INFO] start epoch 54/120
  Epoch 54 Batch 50/460 | Loss=0.094523 | diff=0.0861 | coarse=0.1052 | 2.0s
  Epoch 54 Batch 100/460 | Loss=0.090274 | diff=0.0823 | coarse=0.0993 | 4.0s
  Epoch 54 Batch 150/460 | Loss=0.105333 | diff=0.0957 | coarse=0.1199 | 6.1s
  Epoch 54 Batch 200/460 | Loss=0.084224 | diff=0.0740 | coarse=0.1277 | 8.1s
  Epoch 54 Batch 250/460 | Loss=0.107222 | diff=0.0992 | coarse=0.0999 | 10.2s
  Epoch 54 Batch 300/460 | Loss=0.087997 | diff=0.0797 | coarse=0.1039 | 12.3s
  Epoch 54 Batch 350/460 | Loss=0.081379 | diff=0.0733 | coarse=0.1006 | 14.3s
  Epoch 54 Batch 400/460 | Loss=0.090399 | diff=0.0823 | coarse=0.1007 | 16.4s
  Epoch 54 Batch 450/460 | Loss=0.074205 | diff=0.0678 | coarse=0.0796 | 18.5s
  Epoch 54 Batch 460/460 | Loss=0.052172 | diff=0.0499 | coarse=0.0288 | 18.9s
Epoch 54/120 | Loss=0.094853 | Val RMSE=13.0999 | Val MAE=9.3799 | Val MAPE=39.83% | LR=4.31e-04 | 28.6s
[INFO] start epoch 55/120
  Epoch 55 Batch 50/460 | Loss=0.097502 | diff=0.0896 | coarse=0.0990 | 2.4s
  Epoch 55 Batch 100/460 | Loss=0.092706 | diff=0.0840 | coarse=0.1092 | 4.8s
  Epoch 55 Batch 150/460 | Loss=0.098067 | diff=0.0892 | coarse=0.1104 | 7.2s
  Epoch 55 Batch 200/460 | Loss=0.082523 | diff=0.0736 | coarse=0.1117 | 9.4s
  Epoch 55 Batch 250/460 | Loss=0.102947 | diff=0.0951 | coarse=0.0976 | 11.6s
  Epoch 55 Batch 300/460 | Loss=0.085736 | diff=0.0785 | coarse=0.0901 | 13.8s
  Epoch 55 Batch 350/460 | Loss=0.080105 | diff=0.0717 | coarse=0.1047 | 16.0s
  Epoch 55 Batch 400/460 | Loss=0.087795 | diff=0.0801 | coarse=0.0962 | 18.2s
  Epoch 55 Batch 450/460 | Loss=0.075375 | diff=0.0689 | coarse=0.0816 | 20.4s
  Epoch 55 Batch 460/460 | Loss=0.042110 | diff=0.0398 | coarse=0.0290 | 20.8s
Epoch 55/120 | Loss=0.092352 | Val RMSE=12.7799 | Val MAE=9.0255 | Val MAPE=38.32% | LR=4.21e-04 | 30.5s
[INFO] start epoch 56/120
  Epoch 56 Batch 50/460 | Loss=0.096241 | diff=0.0882 | coarse=0.1000 | 2.0s
  Epoch 56 Batch 100/460 | Loss=0.092369 | diff=0.0837 | coarse=0.1086 | 4.0s
  Epoch 56 Batch 150/460 | Loss=0.096798 | diff=0.0884 | coarse=0.1044 | 6.1s
  Epoch 56 Batch 200/460 | Loss=0.087288 | diff=0.0795 | coarse=0.0980 | 8.1s
  Epoch 56 Batch 250/460 | Loss=0.098816 | diff=0.0911 | coarse=0.0966 | 10.2s
  Epoch 56 Batch 300/460 | Loss=0.082531 | diff=0.0755 | coarse=0.0876 | 12.2s
  Epoch 56 Batch 350/460 | Loss=0.080610 | diff=0.0725 | coarse=0.1011 | 14.3s
  [WARN] skip non-finite grad at epoch 56 batch 375
  Epoch 56 Batch 400/460 | Loss=0.092006 | diff=0.0842 | coarse=0.0978 | 16.4s
  Epoch 56 Batch 450/460 | Loss=0.073269 | diff=0.0670 | coarse=0.0787 | 18.4s
  Epoch 56 Batch 460/460 | Loss=0.040573 | diff=0.0383 | coarse=0.0285 | 18.8s
Epoch 56/120 | Loss=0.091281 | Val RMSE=12.8683 | Val MAE=9.1511 | Val MAPE=38.89% | LR=4.12e-04 | 28.5s
[EARLY STOP] patience=15, best_val_rmse=12.4247 at epoch 41
[INFO] PE-DiffWaveNet noleak training finished
{
  "split_mode": "noleak",
  "model_name": "PE-DiffWaveNet",
  "best_epoch": 41,
  "best_valid_rmse": 12.424670886496141,
  "best_valid_mae": 8.830251854558032,
  "best_valid_mape": 36.24097003765795,
  "test_rmse": 11.333553185110024,
  "test_mae": 7.9542111390600185,
  "test_mape": 31.893778347613548,
  "relative_rmse": 2.7642812646609816,
  "relative_mae": 1.9400514973317118,
  "train_scale_max": 410.0,
  "world_size": 1,
  "eval_inference_steps": 50,
  "eval_num_samples": 3,
  "eval_t_start_ratio": 0.25,
  "use_diffusion": 1,
  "use_pe_graph": 0,
  "use_pe_film": 1,
  "pe_source": "train",
  "pe_graph_alpha": 1.0,
  "pe_film_scale": 1.0,
  "pe_film_zero_init": 0,
  "normalize_pe_features": 1,
  "pe_shuffle_seed": -1,
  "pe_adaptive_loss": 0,
  "pe_loss_weight": 0.15,
  "pe_loss_start_step": 4,
  "pe_loss_normalize": 1,
  "per_step_rmse": [
    6.877577963870898,
    9.284079514167242,
    10.964302142546344,
    12.158597192208923,
    13.058312418251106,
    14.093772573577114
  ],
  "per_step_mae": [
    4.9888050393529815,
    6.634626946155701,
    7.899601486112059,
    8.691036427723676,
    9.354988853517797,
    10.156208081497892
  ],
  "step4_6_rmse_avg": 13.103560728012381,
  "peak_mode": "percentile",
  "peak_threshold": 65.99999815225601,
  "peak_count": 36556,
  "peak_ratio": 0.1000520020800832,
  "rmse_peak": 13.403204328859374,
  "mae_peak": 8.627681146994
}
  Peak_mode      : percentile
  Peak_threshold : 66.00 μg/m³
  Peak_count     : 36556
  Peak_ratio     : 10.01%
  RMSE_peak      : 13.4032
  MAE_peak       : 8.6277
Per-step metrics:
  Step        RMSE         MAE
     1      6.8776      4.9888
     2      9.2841      6.6346
     3     10.9643      7.8996
     4     12.1586      8.6910
     5     13.0583      9.3550
     6     14.0938     10.1562
[INFO] outputs: /home/cl/ozone-forecast/matrix_N95_PEDiffWaveNet_noleak_g3_pedw_no_pe_graph_p6_l24_s42
[INFO] weights: /home/cl/ozone-forecast/weights_N95/weights_pediffwavenet_noleak_g3_pedw_no_pe_graph_p6_l24_s42
