[INFO] PE-DiffWaveNet noleak training
[INFO] device=cuda, world_size=1
[INFO] output_dir=/home/cl/ozone-forecast/matrix_N95_PEDiffWaveNet_noleak_g3_pedw_p3_l24_s42
[INFO] clean_room=1, pe_source=train, use_pe_graph=1, use_pe_film=1, use_diffusion=1, pe_graph_alpha=1.0, pe_film_scale=1.0, pe_film_zero_init=0, pe_shuffle_seed=-1, pe_adaptive_loss=0, pe_loss_weight=0.15
[INFO] loading meteorological data...
[INFO] loading met cache: /home/cl/ozone-forecast/matrix_N95/met_raw_aligned_cache.npz
[INFO] trainX=(7352, 24, 95, 15), trainY=(7352, 3, 95)
[INFO] validX=(643, 24, 95, 15), validY=(643, 3, 95)
[INFO] testX=(644, 24, 95, 15), testY=(644, 3, 95)
[INFO] train-only PE time range: {'start_idx': 0, 'end_idx': 7377, 'start_time': '2022-01-01 00:00:00', 'end_time': '2022-11-05 23:00:00', 'length': 7378}
[INFO] building PE features: nodes=95, scales=[6, 9, 12, 24, 48, 72], step=1
[INFO] PE feature progress: 20/95
[INFO] PE feature progress: 40/95
[INFO] PE feature progress: 60/95
[INFO] PE feature progress: 80/95
[INFO] PE feature progress: 95/95
[INFO] building PE features: nodes=95, scales=[6, 9, 12, 24, 48, 72], step=1
[INFO] PE feature progress: 20/95
[INFO] PE feature progress: 40/95
[INFO] PE feature progress: 60/95
[INFO] PE feature progress: 80/95
[INFO] PE feature progress: 95/95
[INFO] graph nnz: S=691, T=1570, PE=2293
[INFO] train batches/epoch=460, effective_batch=16
[INFO] model_params=621392
/home/cl/ozone-forecast/code/train_pediffwavenet_noleak.py:410: FutureWarning: `torch.cuda.amp.GradScaler(args...)` is deprecated. Please use `torch.amp.GradScaler('cuda', args...)` instead.
  scaler = torch.cuda.amp.GradScaler(enabled=use_amp)
[INFO] start epoch 1/120
  [WARN] skip non-finite grad at epoch 1 batch 1
  [WARN] skip non-finite grad at epoch 1 batch 2
  [WARN] skip non-finite grad at epoch 1 batch 3
  Epoch 1 Batch 50/460 | Loss=1.609145 | diff=1.4692 | coarse=1.7490 | 2.9s
  Epoch 1 Batch 100/460 | Loss=0.411503 | diff=0.3845 | coarse=0.3372 | 5.1s
  Epoch 1 Batch 150/460 | Loss=0.120316 | diff=0.1083 | coarse=0.1499 | 7.3s
  Epoch 1 Batch 200/460 | Loss=0.115782 | diff=0.1047 | coarse=0.1380 | 9.4s
  Epoch 1 Batch 250/460 | Loss=0.140491 | diff=0.1291 | coarse=0.1422 | 11.5s
  Epoch 1 Batch 300/460 | Loss=0.198968 | diff=0.1874 | coarse=0.1447 | 13.6s
  Epoch 1 Batch 350/460 | Loss=0.091951 | diff=0.0843 | coarse=0.0952 | 15.8s
  Epoch 1 Batch 400/460 | Loss=0.106955 | diff=0.0969 | coarse=0.1254 | 17.9s
  Epoch 1 Batch 450/460 | Loss=0.088231 | diff=0.0811 | coarse=0.0897 | 20.0s
  Epoch 1 Batch 460/460 | Loss=0.043476 | diff=0.0397 | coarse=0.0476 | 20.5s
Epoch 1/120 | Loss=0.554043 | Val RMSE=116.5821 | Val MAE=113.0668 | Val MAPE=517.48% | LR=2.80e-04 | 30.5s
  [BEST] epoch=1, val_rmse=116.5821
[INFO] start epoch 2/120
  Epoch 2 Batch 50/460 | Loss=0.104668 | diff=0.0966 | coarse=0.1013 | 2.1s
  Epoch 2 Batch 100/460 | Loss=0.096958 | diff=0.0895 | coarse=0.0936 | 4.3s
  Epoch 2 Batch 150/460 | Loss=0.068525 | diff=0.0629 | coarse=0.0704 | 6.5s
  Epoch 2 Batch 200/460 | Loss=0.166028 | diff=0.1541 | coarse=0.1492 | 8.6s
  Epoch 2 Batch 250/460 | Loss=0.251436 | diff=0.2330 | coarse=0.2300 | 10.8s
  Epoch 2 Batch 300/460 | Loss=0.088985 | diff=0.0833 | coarse=0.0716 | 13.0s
  Epoch 2 Batch 350/460 | Loss=0.109180 | diff=0.1000 | coarse=0.1151 | 15.2s
  Epoch 2 Batch 400/460 | Loss=0.148469 | diff=0.1334 | coarse=0.1882 | 17.3s
  Epoch 2 Batch 450/460 | Loss=0.081219 | diff=0.0766 | coarse=0.0581 | 19.5s
  Epoch 2 Batch 460/460 | Loss=0.064025 | diff=0.0610 | coarse=0.0375 | 19.9s
Epoch 2/120 | Loss=0.116776 | Val RMSE=91.3861 | Val MAE=88.8455 | Val MAPE=408.16% | LR=4.20e-04 | 30.2s
  [BEST] epoch=2, val_rmse=91.3861
[INFO] start epoch 3/120
  Epoch 3 Batch 50/460 | Loss=0.090250 | diff=0.0833 | coarse=0.0863 | 2.1s
  Epoch 3 Batch 100/460 | Loss=0.093409 | diff=0.0864 | coarse=0.0870 | 4.2s
  Epoch 3 Batch 150/460 | Loss=0.062706 | diff=0.0578 | coarse=0.0610 | 6.3s
  Epoch 3 Batch 200/460 | Loss=0.171580 | diff=0.1600 | coarse=0.1451 | 8.5s
  Epoch 3 Batch 250/460 | Loss=0.247279 | diff=0.2332 | coarse=0.1761 | 10.6s
  Epoch 3 Batch 300/460 | Loss=0.080488 | diff=0.0753 | coarse=0.0646 | 12.8s
  Epoch 3 Batch 350/460 | Loss=0.092589 | diff=0.0842 | coarse=0.1050 | 14.9s
  Epoch 3 Batch 400/460 | Loss=0.144331 | diff=0.1319 | coarse=0.1559 | 17.1s
  Epoch 3 Batch 450/460 | Loss=0.069083 | diff=0.0647 | coarse=0.0543 | 19.2s
  Epoch 3 Batch 460/460 | Loss=0.060632 | diff=0.0578 | coarse=0.0358 | 19.6s
Epoch 3/120 | Loss=0.106131 | Val RMSE=78.9668 | Val MAE=76.9524 | Val MAPE=353.52% | LR=5.60e-04 | 29.7s
  [BEST] epoch=3, val_rmse=78.9668
[INFO] start epoch 4/120
  Epoch 4 Batch 50/460 | Loss=0.075144 | diff=0.0694 | coarse=0.0712 | 2.0s
  Epoch 4 Batch 100/460 | Loss=0.090675 | diff=0.0842 | coarse=0.0811 | 4.2s
  Epoch 4 Batch 150/460 | Loss=0.064912 | diff=0.0599 | coarse=0.0623 | 6.3s
  Epoch 4 Batch 200/460 | Loss=0.178424 | diff=0.1655 | coarse=0.1619 | 8.4s
  Epoch 4 Batch 250/460 | Loss=0.241890 | diff=0.2293 | coarse=0.1569 | 10.6s
  Epoch 4 Batch 300/460 | Loss=0.078956 | diff=0.0742 | coarse=0.0592 | 12.7s
  Epoch 4 Batch 350/460 | Loss=0.084929 | diff=0.0764 | coarse=0.1061 | 14.8s
  Epoch 4 Batch 400/460 | Loss=0.155334 | diff=0.1430 | coarse=0.1537 | 17.0s
  Epoch 4 Batch 450/460 | Loss=0.063226 | diff=0.0591 | coarse=0.0519 | 19.1s
  Epoch 4 Batch 460/460 | Loss=0.057080 | diff=0.0543 | coarse=0.0348 | 19.5s
Epoch 4/120 | Loss=0.100287 | Val RMSE=69.1602 | Val MAE=67.4206 | Val MAPE=309.80% | LR=7.00e-04 | 29.6s
  [BEST] epoch=4, val_rmse=69.1602
[INFO] start epoch 5/120
  Epoch 5 Batch 50/460 | Loss=0.070405 | diff=0.0651 | coarse=0.0658 | 2.0s
  Epoch 5 Batch 100/460 | Loss=0.082996 | diff=0.0767 | coarse=0.0790 | 4.1s
  Epoch 5 Batch 150/460 | Loss=0.067596 | diff=0.0625 | coarse=0.0637 | 6.2s
  Epoch 5 Batch 200/460 | Loss=0.185747 | diff=0.1720 | coarse=0.1716 | 8.2s
  Epoch 5 Batch 250/460 | Loss=0.229984 | diff=0.2190 | coarse=0.1374 | 10.3s
  Epoch 5 Batch 300/460 | Loss=0.082284 | diff=0.0776 | coarse=0.0579 | 12.4s
  Epoch 5 Batch 350/460 | Loss=0.079467 | diff=0.0713 | coarse=0.1022 | 14.5s
  Epoch 5 Batch 400/460 | Loss=0.161670 | diff=0.1484 | coarse=0.1662 | 16.7s
  Epoch 5 Batch 450/460 | Loss=0.060373 | diff=0.0562 | coarse=0.0521 | 18.9s
  Epoch 5 Batch 460/460 | Loss=0.053237 | diff=0.0506 | coarse=0.0330 | 19.3s
Epoch 5/120 | Loss=0.096626 | Val RMSE=62.9586 | Val MAE=61.2687 | Val MAPE=282.42% | LR=7.00e-04 | 29.2s
  [BEST] epoch=5, val_rmse=62.9586
[INFO] start epoch 6/120
  Epoch 6 Batch 50/460 | Loss=0.067980 | diff=0.0628 | coarse=0.0649 | 2.0s
  Epoch 6 Batch 100/460 | Loss=0.075839 | diff=0.0696 | coarse=0.0785 | 4.0s
  Epoch 6 Batch 150/460 | Loss=0.062773 | diff=0.0579 | coarse=0.0609 | 6.1s
  Epoch 6 Batch 200/460 | Loss=0.152732 | diff=0.1416 | coarse=0.1388 | 8.2s
  Epoch 6 Batch 250/460 | Loss=0.223194 | diff=0.2113 | coarse=0.1487 | 10.3s
  Epoch 6 Batch 300/460 | Loss=0.086098 | diff=0.0810 | coarse=0.0635 | 12.3s
  Epoch 6 Batch 350/460 | Loss=0.076981 | diff=0.0687 | coarse=0.1039 | 14.4s
  Epoch 6 Batch 400/460 | Loss=0.157549 | diff=0.1447 | coarse=0.1607 | 16.4s
  Epoch 6 Batch 450/460 | Loss=0.059256 | diff=0.0551 | coarse=0.0517 | 18.5s
  Epoch 6 Batch 460/460 | Loss=0.050887 | diff=0.0482 | coarse=0.0332 | 18.9s
Epoch 6/120 | Loss=0.091174 | Val RMSE=54.4472 | Val MAE=52.7535 | Val MAPE=244.28% | LR=7.00e-04 | 28.7s
  [BEST] epoch=6, val_rmse=54.4472
[INFO] start epoch 7/120
  Epoch 7 Batch 50/460 | Loss=0.065219 | diff=0.0603 | coarse=0.0614 | 2.0s
  Epoch 7 Batch 100/460 | Loss=0.073448 | diff=0.0674 | coarse=0.0753 | 4.0s
  Epoch 7 Batch 150/460 | Loss=0.059556 | diff=0.0549 | coarse=0.0578 | 6.1s
  Epoch 7 Batch 200/460 | Loss=0.143966 | diff=0.1357 | coarse=0.1027 | 8.2s
  Epoch 7 Batch 250/460 | Loss=0.198656 | diff=0.1884 | coarse=0.1287 | 10.2s
  Epoch 7 Batch 300/460 | Loss=0.082011 | diff=0.0770 | coarse=0.0621 | 12.3s
  Epoch 7 Batch 350/460 | Loss=0.074660 | diff=0.0657 | coarse=0.1120 | 14.4s
  Epoch 7 Batch 400/460 | Loss=0.141223 | diff=0.1300 | coarse=0.1401 | 16.4s
  Epoch 7 Batch 450/460 | Loss=0.058120 | diff=0.0539 | coarse=0.0526 | 18.5s
  Epoch 7 Batch 460/460 | Loss=0.045920 | diff=0.0434 | coarse=0.0319 | 18.9s
Epoch 7/120 | Loss=0.086167 | Val RMSE=44.5725 | Val MAE=42.8298 | Val MAPE=200.01% | LR=6.99e-04 | 29.1s
  [BEST] epoch=7, val_rmse=44.5725
[INFO] start epoch 8/120
  Epoch 8 Batch 50/460 | Loss=0.063354 | diff=0.0586 | coarse=0.0595 | 2.0s
  Epoch 8 Batch 100/460 | Loss=0.070940 | diff=0.0651 | coarse=0.0725 | 4.0s
  Epoch 8 Batch 150/460 | Loss=0.057366 | diff=0.0530 | coarse=0.0552 | 6.1s
  Epoch 8 Batch 200/460 | Loss=0.130631 | diff=0.1235 | coarse=0.0895 | 8.2s
  Epoch 8 Batch 250/460 | Loss=0.167600 | diff=0.1594 | coarse=0.1030 | 10.2s
  Epoch 8 Batch 300/460 | Loss=0.077015 | diff=0.0722 | coarse=0.0596 | 12.3s
  Epoch 8 Batch 350/460 | Loss=0.071164 | diff=0.0627 | coarse=0.1053 | 14.4s
  Epoch 8 Batch 400/460 | Loss=0.127227 | diff=0.1175 | coarse=0.1219 | 16.4s
  Epoch 8 Batch 450/460 | Loss=0.053345 | diff=0.0492 | coarse=0.0521 | 18.5s
  Epoch 8 Batch 460/460 | Loss=0.043413 | diff=0.0406 | coarse=0.0352 | 18.9s
Epoch 8/120 | Loss=0.081430 | Val RMSE=33.1989 | Val MAE=31.3540 | Val MAPE=147.56% | LR=6.99e-04 | 28.9s
  [BEST] epoch=8, val_rmse=33.1989
[INFO] start epoch 9/120
  Epoch 9 Batch 50/460 | Loss=0.064746 | diff=0.0598 | coarse=0.0615 | 2.1s
  Epoch 9 Batch 100/460 | Loss=0.068043 | diff=0.0625 | coarse=0.0695 | 4.2s
  Epoch 9 Batch 150/460 | Loss=0.055453 | diff=0.0512 | coarse=0.0533 | 6.3s
  Epoch 9 Batch 200/460 | Loss=0.114539 | diff=0.1082 | coarse=0.0792 | 8.5s
  Epoch 9 Batch 250/460 | Loss=0.137720 | diff=0.1310 | coarse=0.0844 | 10.6s
  Epoch 9 Batch 300/460 | Loss=0.074553 | diff=0.0698 | coarse=0.0591 | 12.7s
  Epoch 9 Batch 350/460 | Loss=0.071199 | diff=0.0635 | coarse=0.0959 | 14.9s
  Epoch 9 Batch 400/460 | Loss=0.116858 | diff=0.1081 | coarse=0.1098 | 17.0s
  Epoch 9 Batch 450/460 | Loss=0.051236 | diff=0.0471 | coarse=0.0518 | 19.1s
  Epoch 9 Batch 460/460 | Loss=0.039588 | diff=0.0368 | coarse=0.0351 | 19.5s
Epoch 9/120 | Loss=0.076964 | Val RMSE=21.8440 | Val MAE=19.7916 | Val MAPE=92.08% | LR=6.98e-04 | 29.7s
  [BEST] epoch=9, val_rmse=21.8440
[INFO] start epoch 10/120
  Epoch 10 Batch 50/460 | Loss=0.063718 | diff=0.0589 | coarse=0.0605 | 2.1s
  Epoch 10 Batch 100/460 | Loss=0.066183 | diff=0.0608 | coarse=0.0675 | 4.2s
  Epoch 10 Batch 150/460 | Loss=0.054076 | diff=0.0499 | coarse=0.0525 | 6.3s
  Epoch 10 Batch 200/460 | Loss=0.106098 | diff=0.1003 | coarse=0.0725 | 8.5s
  Epoch 10 Batch 250/460 | Loss=0.119817 | diff=0.1134 | coarse=0.0804 | 10.6s
  Epoch 10 Batch 300/460 | Loss=0.070796 | diff=0.0660 | coarse=0.0604 | 12.7s
  Epoch 10 Batch 350/460 | Loss=0.072912 | diff=0.0663 | coarse=0.0821 | 14.9s
  Epoch 10 Batch 400/460 | Loss=0.112456 | diff=0.1040 | coarse=0.1058 | 17.0s
  Epoch 10 Batch 450/460 | Loss=0.048341 | diff=0.0443 | coarse=0.0507 | 19.2s
  Epoch 10 Batch 460/460 | Loss=0.037158 | diff=0.0347 | coarse=0.0303 | 19.6s
Epoch 10/120 | Loss=0.072574 | Val RMSE=16.5315 | Val MAE=14.3097 | Val MAPE=66.64% | LR=6.97e-04 | 29.6s
  [BEST] epoch=10, val_rmse=16.5315
[INFO] start epoch 11/120
  Epoch 11 Batch 50/460 | Loss=0.063380 | diff=0.0587 | coarse=0.0589 | 2.1s
  Epoch 11 Batch 100/460 | Loss=0.064730 | diff=0.0595 | coarse=0.0656 | 4.2s
  Epoch 11 Batch 150/460 | Loss=0.052032 | diff=0.0480 | coarse=0.0505 | 6.3s
  Epoch 11 Batch 200/460 | Loss=0.092145 | diff=0.0868 | coarse=0.0669 | 8.4s
  Epoch 11 Batch 250/460 | Loss=0.102789 | diff=0.0964 | coarse=0.0796 | 10.6s
  Epoch 11 Batch 300/460 | Loss=0.064866 | diff=0.0604 | coarse=0.0554 | 12.7s
  Epoch 11 Batch 350/460 | Loss=0.072268 | diff=0.0667 | coarse=0.0699 | 14.8s
  Epoch 11 Batch 400/460 | Loss=0.115810 | diff=0.1067 | coarse=0.1137 | 16.9s
  Epoch 11 Batch 450/460 | Loss=0.047836 | diff=0.0440 | coarse=0.0484 | 19.1s
  Epoch 11 Batch 460/460 | Loss=0.032528 | diff=0.0302 | coarse=0.0289 | 19.5s
Epoch 11/120 | Loss=0.068094 | Val RMSE=12.2634 | Val MAE=9.8152 | Val MAPE=43.57% | LR=6.95e-04 | 29.5s
  [BEST] epoch=11, val_rmse=12.2634
[INFO] start epoch 12/120
  Epoch 12 Batch 50/460 | Loss=0.060347 | diff=0.0559 | coarse=0.0559 | 2.0s
  Epoch 12 Batch 100/460 | Loss=0.062660 | diff=0.0577 | coarse=0.0616 | 4.2s
  Epoch 12 Batch 150/460 | Loss=0.052589 | diff=0.0484 | coarse=0.0517 | 6.3s
  Epoch 12 Batch 200/460 | Loss=0.073285 | diff=0.0685 | coarse=0.0598 | 8.4s
  Epoch 12 Batch 250/460 | Loss=0.088771 | diff=0.0824 | coarse=0.0793 | 10.5s
  Epoch 12 Batch 300/460 | Loss=0.058809 | diff=0.0547 | coarse=0.0510 | 12.7s
  Epoch 12 Batch 350/460 | Loss=0.060810 | diff=0.0560 | coarse=0.0601 | 14.8s
  Epoch 12 Batch 400/460 | Loss=0.110643 | diff=0.1020 | coarse=0.1084 | 16.9s
  Epoch 12 Batch 450/460 | Loss=0.046217 | diff=0.0426 | coarse=0.0450 | 19.1s
  Epoch 12 Batch 460/460 | Loss=0.031027 | diff=0.0288 | coarse=0.0282 | 19.5s
Epoch 12/120 | Loss=0.064766 | Val RMSE=11.8904 | Val MAE=9.5301 | Val MAPE=42.83% | LR=6.94e-04 | 29.6s
  [BEST] epoch=12, val_rmse=11.8904
[INFO] start epoch 13/120
  Epoch 13 Batch 50/460 | Loss=0.056537 | diff=0.0523 | coarse=0.0531 | 2.0s
  Epoch 13 Batch 100/460 | Loss=0.060122 | diff=0.0554 | coarse=0.0591 | 4.1s
  Epoch 13 Batch 150/460 | Loss=0.050571 | diff=0.0465 | coarse=0.0506 | 6.2s
  Epoch 13 Batch 200/460 | Loss=0.059019 | diff=0.0550 | coarse=0.0502 | 8.3s
  Epoch 13 Batch 250/460 | Loss=0.081147 | diff=0.0749 | coarse=0.0784 | 10.5s
  Epoch 13 Batch 300/460 | Loss=0.053835 | diff=0.0500 | coarse=0.0476 | 12.6s
  Epoch 13 Batch 350/460 | Loss=0.056251 | diff=0.0516 | coarse=0.0575 | 14.7s
  Epoch 13 Batch 400/460 | Loss=0.100812 | diff=0.0932 | coarse=0.0951 | 16.8s
  Epoch 13 Batch 450/460 | Loss=0.044144 | diff=0.0408 | coarse=0.0423 | 18.9s
  Epoch 13 Batch 460/460 | Loss=0.028830 | diff=0.0266 | coarse=0.0276 | 19.3s
Epoch 13/120 | Loss=0.062184 | Val RMSE=12.7683 | Val MAE=10.5730 | Val MAPE=47.66% | LR=6.92e-04 | 29.4s
[INFO] start epoch 14/120
  Epoch 14 Batch 50/460 | Loss=0.054787 | diff=0.0506 | coarse=0.0520 | 2.0s
  Epoch 14 Batch 100/460 | Loss=0.060474 | diff=0.0556 | coarse=0.0603 | 4.1s
  Epoch 14 Batch 150/460 | Loss=0.051337 | diff=0.0470 | coarse=0.0537 | 6.2s
  Epoch 14 Batch 200/460 | Loss=0.057423 | diff=0.0534 | coarse=0.0509 | 8.3s
  Epoch 14 Batch 250/460 | Loss=0.075848 | diff=0.0701 | coarse=0.0714 | 10.5s
  Epoch 14 Batch 300/460 | Loss=0.051989 | diff=0.0482 | coarse=0.0476 | 12.6s
  Epoch 14 Batch 350/460 | Loss=0.056391 | diff=0.0517 | coarse=0.0581 | 14.7s
  Epoch 14 Batch 400/460 | Loss=0.092890 | diff=0.0862 | coarse=0.0842 | 16.8s
  Epoch 14 Batch 450/460 | Loss=0.048382 | diff=0.0444 | coarse=0.0500 | 18.9s
  Epoch 14 Batch 460/460 | Loss=0.032984 | diff=0.0308 | coarse=0.0271 | 19.4s
Epoch 14/120 | Loss=0.061788 | Val RMSE=15.1051 | Val MAE=13.0544 | Val MAPE=60.64% | LR=6.89e-04 | 29.4s
[INFO] start epoch 15/120
  Epoch 15 Batch 50/460 | Loss=0.056761 | diff=0.0525 | coarse=0.0533 | 2.1s
  Epoch 15 Batch 100/460 | Loss=0.059708 | diff=0.0549 | coarse=0.0599 | 4.2s
  Epoch 15 Batch 150/460 | Loss=0.064220 | diff=0.0589 | coarse=0.0663 | 6.3s
  Epoch 15 Batch 200/460 | Loss=0.080604 | diff=0.0749 | coarse=0.0708 | 8.5s
  Epoch 15 Batch 250/460 | Loss=0.075727 | diff=0.0700 | coarse=0.0710 | 10.6s
  Epoch 15 Batch 300/460 | Loss=0.055206 | diff=0.0509 | coarse=0.0534 | 12.7s
  Epoch 15 Batch 350/460 | Loss=0.055758 | diff=0.0512 | coarse=0.0565 | 14.9s
  Epoch 15 Batch 400/460 | Loss=0.094365 | diff=0.0875 | coarse=0.0856 | 17.0s
  Epoch 15 Batch 450/460 | Loss=0.052812 | diff=0.0489 | coarse=0.0490 | 19.1s
  Epoch 15 Batch 460/460 | Loss=0.035611 | diff=0.0327 | coarse=0.0370 | 19.6s
Epoch 15/120 | Loss=0.062362 | Val RMSE=17.6340 | Val MAE=15.6365 | Val MAPE=72.39% | LR=6.87e-04 | 29.7s
[INFO] start epoch 16/120
  Epoch 16 Batch 50/460 | Loss=0.056733 | diff=0.0525 | coarse=0.0529 | 2.0s
  Epoch 16 Batch 100/460 | Loss=0.066453 | diff=0.0614 | coarse=0.0626 | 4.1s
  Epoch 16 Batch 150/460 | Loss=0.056279 | diff=0.0518 | coarse=0.0563 | 6.2s
  Epoch 16 Batch 200/460 | Loss=0.063472 | diff=0.0589 | coarse=0.0574 | 8.3s
  Epoch 16 Batch 250/460 | Loss=0.075698 | diff=0.0698 | coarse=0.0741 | 10.5s
  Epoch 16 Batch 300/460 | Loss=0.053994 | diff=0.0502 | coarse=0.0468 | 12.6s
  Epoch 16 Batch 350/460 | Loss=0.061661 | diff=0.0568 | coarse=0.0609 | 14.7s
  Epoch 16 Batch 400/460 | Loss=0.109994 | diff=0.1011 | coarse=0.1107 | 16.8s
  Epoch 16 Batch 450/460 | Loss=0.099407 | diff=0.0943 | coarse=0.0640 | 18.9s
  Epoch 16 Batch 460/460 | Loss=0.034407 | diff=0.0311 | coarse=0.0419 | 19.3s
Epoch 16/120 | Loss=0.061619 | Val RMSE=14.9055 | Val MAE=12.7732 | Val MAPE=57.64% | LR=6.84e-04 | 29.5s
[INFO] start epoch 17/120
  Epoch 17 Batch 50/460 | Loss=0.055526 | diff=0.0512 | coarse=0.0535 | 2.4s
  Epoch 17 Batch 100/460 | Loss=0.058272 | diff=0.0538 | coarse=0.0557 | 4.5s
  Epoch 17 Batch 150/460 | Loss=0.053185 | diff=0.0489 | coarse=0.0531 | 6.6s
  Epoch 17 Batch 200/460 | Loss=0.047614 | diff=0.0440 | coarse=0.0455 | 8.6s
  Epoch 17 Batch 250/460 | Loss=0.080621 | diff=0.0743 | coarse=0.0790 | 10.7s
  Epoch 17 Batch 300/460 | Loss=0.076346 | diff=0.0722 | coarse=0.0523 | 12.8s
  Epoch 17 Batch 350/460 | Loss=0.067127 | diff=0.0621 | coarse=0.0634 | 14.9s
  Epoch 17 Batch 400/460 | Loss=0.081080 | diff=0.0752 | coarse=0.0741 | 16.9s
  Epoch 17 Batch 450/460 | Loss=0.066770 | diff=0.0626 | coarse=0.0517 | 19.0s
  Epoch 17 Batch 460/460 | Loss=0.028753 | diff=0.0263 | coarse=0.0306 | 19.4s
Epoch 17/120 | Loss=0.060367 | Val RMSE=16.4879 | Val MAE=14.4581 | Val MAPE=65.59% | LR=6.81e-04 | 29.6s
[INFO] start epoch 18/120
  Epoch 18 Batch 50/460 | Loss=0.053783 | diff=0.0495 | coarse=0.0529 | 2.0s
  Epoch 18 Batch 100/460 | Loss=0.057752 | diff=0.0533 | coarse=0.0558 | 4.1s
  Epoch 18 Batch 150/460 | Loss=0.051613 | diff=0.0476 | coarse=0.0504 | 6.1s
  Epoch 18 Batch 200/460 | Loss=0.045205 | diff=0.0420 | coarse=0.0398 | 8.2s
  Epoch 18 Batch 250/460 | Loss=0.073944 | diff=0.0685 | coarse=0.0682 | 10.3s
  Epoch 18 Batch 300/460 | Loss=0.057968 | diff=0.0540 | coarse=0.0492 | 12.4s
  Epoch 18 Batch 350/460 | Loss=0.053649 | diff=0.0488 | coarse=0.0602 | 14.5s
  Epoch 18 Batch 400/460 | Loss=0.077981 | diff=0.0722 | coarse=0.0716 | 16.6s
  Epoch 18 Batch 450/460 | Loss=0.061840 | diff=0.0575 | coarse=0.0543 | 18.7s
  Epoch 18 Batch 460/460 | Loss=0.029912 | diff=0.0280 | coarse=0.0241 | 19.1s
Epoch 18/120 | Loss=0.058373 | Val RMSE=14.9921 | Val MAE=12.9476 | Val MAPE=58.90% | LR=6.78e-04 | 29.1s
[INFO] start epoch 19/120
  Epoch 19 Batch 50/460 | Loss=0.058180 | diff=0.0536 | coarse=0.0570 | 2.1s
  Epoch 19 Batch 100/460 | Loss=0.056500 | diff=0.0520 | coarse=0.0557 | 4.2s
  Epoch 19 Batch 150/460 | Loss=0.054287 | diff=0.0505 | coarse=0.0472 | 6.3s
  Epoch 19 Batch 200/460 | Loss=0.064258 | diff=0.0606 | coarse=0.0455 | 8.5s
  Epoch 19 Batch 250/460 | Loss=0.086214 | diff=0.0794 | coarse=0.0846 | 10.6s
  Epoch 19 Batch 300/460 | Loss=0.052157 | diff=0.0485 | coarse=0.0452 | 12.7s
  Epoch 19 Batch 350/460 | Loss=0.055203 | diff=0.0508 | coarse=0.0548 | 14.9s
  Epoch 19 Batch 400/460 | Loss=0.074762 | diff=0.0693 | coarse=0.0679 | 17.0s
  Epoch 19 Batch 450/460 | Loss=0.050763 | diff=0.0466 | coarse=0.0523 | 19.1s
  Epoch 19 Batch 460/460 | Loss=0.032873 | diff=0.0309 | coarse=0.0241 | 19.6s
Epoch 19/120 | Loss=0.059068 | Val RMSE=15.9715 | Val MAE=13.8062 | Val MAPE=61.74% | LR=6.75e-04 | 29.7s
[INFO] start epoch 20/120
  [WARN] skip non-finite grad at epoch 20 batch 21
  Epoch 20 Batch 50/460 | Loss=0.054467 | diff=0.0502 | coarse=0.0528 | 2.0s
  Epoch 20 Batch 100/460 | Loss=0.055302 | diff=0.0511 | coarse=0.0529 | 4.2s
  Epoch 20 Batch 150/460 | Loss=0.046307 | diff=0.0428 | coarse=0.0441 | 6.3s
  Epoch 20 Batch 200/460 | Loss=0.048280 | diff=0.0451 | coarse=0.0395 | 8.4s
  Epoch 20 Batch 250/460 | Loss=0.092811 | diff=0.0864 | coarse=0.0800 | 10.6s
  Epoch 20 Batch 300/460 | Loss=0.051655 | diff=0.0478 | coarse=0.0477 | 12.7s
  Epoch 20 Batch 350/460 | Loss=0.052281 | diff=0.0479 | coarse=0.0543 | 14.8s
  Epoch 20 Batch 400/460 | Loss=0.079844 | diff=0.0736 | coarse=0.0775 | 17.0s
  Epoch 20 Batch 450/460 | Loss=0.047264 | diff=0.0438 | coarse=0.0439 | 19.1s
  Epoch 20 Batch 460/460 | Loss=0.030375 | diff=0.0285 | coarse=0.0240 | 19.6s
Epoch 20/120 | Loss=0.059178 | Val RMSE=14.5720 | Val MAE=12.4503 | Val MAPE=55.09% | LR=6.71e-04 | 29.7s
[INFO] start epoch 21/120
  Epoch 21 Batch 50/460 | Loss=0.053164 | diff=0.0492 | coarse=0.0490 | 2.0s
  Epoch 21 Batch 100/460 | Loss=0.054376 | diff=0.0503 | coarse=0.0515 | 4.2s
  Epoch 21 Batch 150/460 | Loss=0.043534 | diff=0.0402 | coarse=0.0416 | 6.3s
  Epoch 21 Batch 200/460 | Loss=0.038790 | diff=0.0358 | coarse=0.0377 | 8.7s
  Epoch 21 Batch 250/460 | Loss=0.074522 | diff=0.0693 | coarse=0.0653 | 11.1s
  Epoch 21 Batch 300/460 | Loss=0.052395 | diff=0.0485 | coarse=0.0491 | 13.4s
  Epoch 21 Batch 350/460 | Loss=0.053444 | diff=0.0489 | coarse=0.0571 | 15.7s
  Epoch 21 Batch 400/460 | Loss=0.092771 | diff=0.0856 | coarse=0.0900 | 18.0s
  Epoch 21 Batch 450/460 | Loss=0.042031 | diff=0.0384 | coarse=0.0450 | 20.3s
  Epoch 21 Batch 460/460 | Loss=0.028669 | diff=0.0268 | coarse=0.0229 | 20.8s
Epoch 21/120 | Loss=0.056484 | Val RMSE=14.2761 | Val MAE=12.1244 | Val MAPE=53.92% | LR=6.67e-04 | 30.9s
[INFO] start epoch 22/120
  Epoch 22 Batch 50/460 | Loss=0.051316 | diff=0.0471 | coarse=0.0530 | 2.0s
  Epoch 22 Batch 100/460 | Loss=0.059674 | diff=0.0554 | coarse=0.0529 | 4.2s
  Epoch 22 Batch 150/460 | Loss=0.041690 | diff=0.0385 | coarse=0.0404 | 6.3s
  Epoch 22 Batch 200/460 | Loss=0.036568 | diff=0.0335 | coarse=0.0377 | 8.4s
  Epoch 22 Batch 250/460 | Loss=0.070575 | diff=0.0652 | coarse=0.0677 | 10.5s
  Epoch 22 Batch 300/460 | Loss=0.045113 | diff=0.0417 | coarse=0.0425 | 12.6s
  Epoch 22 Batch 350/460 | Loss=0.058342 | diff=0.0531 | coarse=0.0653 | 14.7s
  Epoch 22 Batch 400/460 | Loss=0.079910 | diff=0.0733 | coarse=0.0831 | 16.8s
  Epoch 22 Batch 450/460 | Loss=0.039963 | diff=0.0366 | coarse=0.0414 | 19.0s
  Epoch 22 Batch 460/460 | Loss=0.027490 | diff=0.0256 | coarse=0.0232 | 19.4s
Epoch 22/120 | Loss=0.054200 | Val RMSE=12.3988 | Val MAE=10.1378 | Val MAPE=44.65% | LR=6.63e-04 | 29.5s
[INFO] start epoch 23/120
  Epoch 23 Batch 50/460 | Loss=0.054500 | diff=0.0498 | coarse=0.0587 | 2.0s
  Epoch 23 Batch 100/460 | Loss=0.062996 | diff=0.0588 | coarse=0.0530 | 4.1s
  Epoch 23 Batch 150/460 | Loss=0.041651 | diff=0.0384 | coarse=0.0411 | 6.2s
  Epoch 23 Batch 200/460 | Loss=0.037289 | diff=0.0342 | coarse=0.0391 | 8.3s
  Epoch 23 Batch 250/460 | Loss=0.070736 | diff=0.0655 | coarse=0.0658 | 10.4s
  Epoch 23 Batch 300/460 | Loss=0.043814 | diff=0.0405 | coarse=0.0416 | 12.6s
  Epoch 23 Batch 350/460 | Loss=0.063694 | diff=0.0572 | coarse=0.0816 | 14.7s
  Epoch 23 Batch 400/460 | Loss=0.065707 | diff=0.0605 | coarse=0.0652 | 16.8s
  Epoch 23 Batch 450/460 | Loss=0.038195 | diff=0.0350 | coarse=0.0400 | 18.9s
  Epoch 23 Batch 460/460 | Loss=0.027083 | diff=0.0253 | coarse=0.0228 | 19.3s
Epoch 23/120 | Loss=0.052932 | Val RMSE=12.3428 | Val MAE=10.0236 | Val MAPE=43.99% | LR=6.59e-04 | 29.4s
[INFO] start epoch 24/120
  Epoch 24 Batch 50/460 | Loss=0.053563 | diff=0.0490 | coarse=0.0569 | 2.0s
  Epoch 24 Batch 100/460 | Loss=0.063610 | diff=0.0592 | coarse=0.0550 | 4.1s
  Epoch 24 Batch 150/460 | Loss=0.040905 | diff=0.0377 | coarse=0.0401 | 6.2s
  Epoch 24 Batch 200/460 | Loss=0.037619 | diff=0.0345 | coarse=0.0389 | 8.3s
  Epoch 24 Batch 250/460 | Loss=0.068193 | diff=0.0631 | coarse=0.0631 | 10.4s
  Epoch 24 Batch 300/460 | Loss=0.043752 | diff=0.0404 | coarse=0.0423 | 12.6s
  Epoch 24 Batch 350/460 | Loss=0.064963 | diff=0.0577 | coarse=0.0904 | 14.7s
  Epoch 24 Batch 400/460 | Loss=0.062206 | diff=0.0573 | coarse=0.0611 | 16.8s
  Epoch 24 Batch 450/460 | Loss=0.038896 | diff=0.0358 | coarse=0.0383 | 18.9s
  Epoch 24 Batch 460/460 | Loss=0.030929 | diff=0.0290 | coarse=0.0244 | 19.3s
Epoch 24/120 | Loss=0.052699 | Val RMSE=11.9023 | Val MAE=9.5892 | Val MAPE=41.44% | LR=6.54e-04 | 29.4s
[INFO] start epoch 25/120
  Epoch 25 Batch 50/460 | Loss=0.067295 | diff=0.0619 | coarse=0.0670 | 2.0s
  Epoch 25 Batch 100/460 | Loss=0.071306 | diff=0.0668 | coarse=0.0561 | 4.1s
  Epoch 25 Batch 150/460 | Loss=0.046487 | diff=0.0431 | coarse=0.0417 | 6.2s
  Epoch 25 Batch 200/460 | Loss=0.038352 | diff=0.0354 | coarse=0.0369 | 8.3s
  Epoch 25 Batch 250/460 | Loss=0.065662 | diff=0.0607 | coarse=0.0618 | 10.5s
  Epoch 25 Batch 300/460 | Loss=0.043930 | diff=0.0405 | coarse=0.0434 | 12.6s
  Epoch 25 Batch 350/460 | Loss=0.055861 | diff=0.0491 | coarse=0.0842 | 14.7s
  Epoch 25 Batch 400/460 | Loss=0.062970 | diff=0.0582 | coarse=0.0602 | 16.8s
  Epoch 25 Batch 450/460 | Loss=0.043864 | diff=0.0407 | coarse=0.0398 | 18.9s
  Epoch 25 Batch 460/460 | Loss=0.029197 | diff=0.0271 | coarse=0.0267 | 19.3s
Epoch 25/120 | Loss=0.053663 | Val RMSE=12.4256 | Val MAE=10.1331 | Val MAPE=44.47% | LR=6.49e-04 | 29.5s
[INFO] start epoch 26/120
  Epoch 26 Batch 50/460 | Loss=0.054680 | diff=0.0493 | coarse=0.0671 | 2.0s
  Epoch 26 Batch 100/460 | Loss=0.060831 | diff=0.0553 | coarse=0.0692 | 4.2s
  Epoch 26 Batch 150/460 | Loss=0.047614 | diff=0.0440 | coarse=0.0450 | 6.3s
  Epoch 26 Batch 200/460 | Loss=0.038796 | diff=0.0359 | coarse=0.0358 | 8.4s
  Epoch 26 Batch 250/460 | Loss=0.079614 | diff=0.0737 | coarse=0.0738 | 10.5s
  Epoch 26 Batch 300/460 | Loss=0.047735 | diff=0.0441 | coarse=0.0455 | 12.6s
  Epoch 26 Batch 350/460 | Loss=0.050994 | diff=0.0447 | coarse=0.0787 | 14.8s
  Epoch 26 Batch 400/460 | Loss=0.083365 | diff=0.0766 | coarse=0.0844 | 16.9s
  Epoch 26 Batch 450/460 | Loss=0.056723 | diff=0.0533 | coarse=0.0422 | 19.0s
  Epoch 26 Batch 460/460 | Loss=0.024266 | diff=0.0225 | coarse=0.0219 | 19.4s
Epoch 26/120 | Loss=0.055130 | Val RMSE=11.9927 | Val MAE=9.7632 | Val MAPE=42.07% | LR=6.44e-04 | 29.6s
[INFO] start epoch 27/120
  Epoch 27 Batch 50/460 | Loss=0.051177 | diff=0.0473 | coarse=0.0487 | 2.0s
  Epoch 27 Batch 100/460 | Loss=0.056304 | diff=0.0516 | coarse=0.0585 | 4.1s
  Epoch 27 Batch 150/460 | Loss=0.042283 | diff=0.0389 | coarse=0.0418 | 6.2s
  Epoch 27 Batch 200/460 | Loss=0.040502 | diff=0.0374 | coarse=0.0384 | 8.4s
  Epoch 27 Batch 250/460 | Loss=0.077372 | diff=0.0718 | coarse=0.0694 | 10.5s
  Epoch 27 Batch 300/460 | Loss=0.044537 | diff=0.0411 | coarse=0.0435 | 12.6s
  Epoch 27 Batch 350/460 | Loss=0.049113 | diff=0.0446 | coarse=0.0560 | 14.7s
  [WARN] skip non-finite grad at epoch 27 batch 373
  Epoch 27 Batch 400/460 | Loss=0.085091 | diff=0.0790 | coarse=0.0762 | 16.8s
  Epoch 27 Batch 450/460 | Loss=0.041913 | diff=0.0388 | coarse=0.0389 | 18.9s
  Epoch 27 Batch 460/460 | Loss=0.023735 | diff=0.0220 | coarse=0.0220 | 19.3s
Epoch 27/120 | Loss=0.055237 | Val RMSE=13.9475 | Val MAE=11.8928 | Val MAPE=54.27% | LR=6.39e-04 | 29.2s
[EARLY STOP] patience=15, best_val_rmse=11.8904 at epoch 12
[INFO] PE-DiffWaveNet noleak training finished
{
  "split_mode": "noleak",
  "model_name": "PE-DiffWaveNet",
  "best_epoch": 12,
  "best_valid_rmse": 11.890385823986744,
  "best_valid_mae": 9.530053136434601,
  "best_valid_mape": 42.83150232721833,
  "test_rmse": 11.62764430296796,
  "test_mae": 9.363566733416736,
  "test_mape": 43.310392314866675,
  "relative_rmse": 2.8360108056019415,
  "relative_mae": 2.2837967642479846,
  "train_scale_max": 410.0,
  "world_size": 1,
  "eval_inference_steps": 50,
  "eval_num_samples": 3,
  "eval_t_start_ratio": 0.25,
  "use_diffusion": 1,
  "use_pe_graph": 1,
  "use_pe_film": 1,
  "pe_source": "train",
  "pe_graph_alpha": 1.0,
  "pe_film_scale": 1.0,
  "pe_film_zero_init": 0,
  "normalize_pe_features": 1,
  "pe_shuffle_seed": -1,
  "pe_adaptive_loss": 0,
  "pe_loss_weight": 0.15,
  "pe_loss_start_step": 4,
  "pe_loss_normalize": 1,
  "per_step_rmse": [
    10.262935599515297,
    11.801406806957639,
    12.688785850739436
  ],
  "per_step_mae": [
    8.54966100232615,
    9.505853622752191,
    10.035185575171862
  ],
  "step4_6_rmse_avg": null,
  "peak_mode": "percentile",
  "peak_threshold": 64.99999910593033,
  "peak_count": 20646,
  "peak_ratio": 0.11248774109186009,
  "rmse_peak": 9.448456287196755,
  "mae_peak": 6.7521671863666315
}
  Peak_mode      : percentile
  Peak_threshold : 65.00 μg/m³
  Peak_count     : 20646
  Peak_ratio     : 11.25%
  RMSE_peak      : 9.4485
  MAE_peak       : 6.7522
Per-step metrics:
  Step        RMSE         MAE
     1     10.2629      8.5497
     2     11.8014      9.5059
     3     12.6888     10.0352
[INFO] outputs: /home/cl/ozone-forecast/matrix_N95_PEDiffWaveNet_noleak_g3_pedw_p3_l24_s42
[INFO] weights: /home/cl/ozone-forecast/weights_N95/weights_pediffwavenet_noleak_g3_pedw_p3_l24_s42
