[INFO] PE-DiffWaveNet noleak training
[INFO] device=cuda, world_size=1
[INFO] output_dir=/home/cl/ozone-forecast/matrix_N95_PEDiffWaveNet_noleak_g3_pedw_p6_l24_s42
[INFO] clean_room=1, pe_source=train, use_pe_graph=1, use_pe_film=1, use_diffusion=1, pe_graph_alpha=1.0, pe_film_scale=1.0, pe_film_zero_init=0, pe_shuffle_seed=-1, pe_adaptive_loss=0, pe_loss_weight=0.15
[INFO] loading meteorological data...
[INFO] loading met cache: /home/cl/ozone-forecast/matrix_N95/met_raw_aligned_cache.npz
[INFO] trainX=(7349, 24, 95, 15), trainY=(7349, 6, 95)
[INFO] validX=(640, 24, 95, 15), validY=(640, 6, 95)
[INFO] testX=(641, 24, 95, 15), testY=(641, 6, 95)
[INFO] train-only PE time range: {'start_idx': 0, 'end_idx': 7377, 'start_time': '2022-01-01 00:00:00', 'end_time': '2022-11-05 23:00:00', 'length': 7378}
[INFO] building PE features: nodes=95, scales=[6, 9, 12, 24, 48, 72], step=1
[INFO] PE feature progress: 20/95
[INFO] PE feature progress: 40/95
[INFO] PE feature progress: 60/95
[INFO] PE feature progress: 80/95
[INFO] PE feature progress: 95/95
[INFO] building PE features: nodes=95, scales=[6, 9, 12, 24, 48, 72], step=1
[INFO] PE feature progress: 20/95
[INFO] PE feature progress: 40/95
[INFO] PE feature progress: 60/95
[INFO] PE feature progress: 80/95
[INFO] PE feature progress: 95/95
[INFO] graph nnz: S=691, T=1570, PE=2293
[INFO] train batches/epoch=460, effective_batch=16
[INFO] model_params=621635
/home/cl/ozone-forecast/code/train_pediffwavenet_noleak.py:410: FutureWarning: `torch.cuda.amp.GradScaler(args...)` is deprecated. Please use `torch.amp.GradScaler('cuda', args...)` instead.
  scaler = torch.cuda.amp.GradScaler(enabled=use_amp)
[INFO] start epoch 1/120
  [WARN] skip non-finite grad at epoch 1 batch 1
  [WARN] skip non-finite grad at epoch 1 batch 2
  [WARN] skip non-finite grad at epoch 1 batch 3
  [WARN] skip non-finite grad at epoch 1 batch 4
  [WARN] skip non-finite grad at epoch 1 batch 5
  Epoch 1 Batch 50/460 | Loss=6.574916 | diff=6.1202 | coarse=5.6838 | 3.0s
  Epoch 1 Batch 100/460 | Loss=1.333451 | diff=1.1581 | coarse=2.1917 | 5.1s
  Epoch 1 Batch 150/460 | Loss=0.391910 | diff=0.3528 | coarse=0.4892 | 7.4s
  Epoch 1 Batch 200/460 | Loss=0.450984 | diff=0.4070 | coarse=0.5494 | 9.6s
  Epoch 1 Batch 250/460 | Loss=0.310479 | diff=0.2793 | coarse=0.3901 | 11.7s
  Epoch 1 Batch 300/460 | Loss=0.374495 | diff=0.3389 | coarse=0.4454 | 13.9s
  Epoch 1 Batch 350/460 | Loss=0.310907 | diff=0.2853 | coarse=0.3197 | 16.1s
  Epoch 1 Batch 400/460 | Loss=0.238917 | diff=0.2166 | coarse=0.2795 | 18.2s
  Epoch 1 Batch 450/460 | Loss=0.325432 | diff=0.3006 | coarse=0.3103 | 20.4s
  Epoch 1 Batch 460/460 | Loss=0.395920 | diff=0.3780 | coarse=0.2245 | 20.9s
Epoch 1/120 | Loss=1.458897 | Val RMSE=108.2612 | Val MAE=104.7283 | Val MAPE=482.69% | LR=2.80e-04 | 31.1s
  [BEST] epoch=1, val_rmse=108.2612
[INFO] start epoch 2/120
  Epoch 2 Batch 50/460 | Loss=0.371480 | diff=0.3405 | coarse=0.3877 | 2.1s
  Epoch 2 Batch 100/460 | Loss=0.443749 | diff=0.4151 | coarse=0.3584 | 4.3s
  Epoch 2 Batch 150/460 | Loss=0.386810 | diff=0.3576 | coarse=0.3649 | 6.5s
  Epoch 2 Batch 200/460 | Loss=0.320711 | diff=0.3006 | coarse=0.2511 | 8.7s
  Epoch 2 Batch 250/460 | Loss=0.301884 | diff=0.2772 | coarse=0.3081 | 10.9s
  Epoch 2 Batch 300/460 | Loss=0.301470 | diff=0.2788 | coarse=0.2835 | 13.1s
  Epoch 2 Batch 350/460 | Loss=0.308631 | diff=0.2847 | coarse=0.2995 | 15.3s
  Epoch 2 Batch 400/460 | Loss=0.293556 | diff=0.2678 | coarse=0.3225 | 17.4s
  Epoch 2 Batch 450/460 | Loss=0.256999 | diff=0.2379 | coarse=0.2382 | 19.6s
  Epoch 2 Batch 460/460 | Loss=0.340475 | diff=0.3289 | coarse=0.1442 | 20.1s
Epoch 2/120 | Loss=0.335644 | Val RMSE=89.6376 | Val MAE=86.6292 | Val MAPE=402.33% | LR=4.20e-04 | 30.3s
  [BEST] epoch=2, val_rmse=89.6376
[INFO] start epoch 3/120
  Epoch 3 Batch 50/460 | Loss=0.333301 | diff=0.3069 | coarse=0.3304 | 2.1s
  Epoch 3 Batch 100/460 | Loss=0.363390 | diff=0.3403 | coarse=0.2890 | 4.3s
  Epoch 3 Batch 150/460 | Loss=0.361263 | diff=0.3340 | coarse=0.3405 | 6.5s
  Epoch 3 Batch 200/460 | Loss=0.329880 | diff=0.3105 | coarse=0.2422 | 8.7s
  Epoch 3 Batch 250/460 | Loss=0.283398 | diff=0.2616 | coarse=0.2726 | 10.9s
  Epoch 3 Batch 300/460 | Loss=0.264320 | diff=0.2430 | coarse=0.2661 | 13.0s
  Epoch 3 Batch 350/460 | Loss=0.300055 | diff=0.2737 | coarse=0.3299 | 15.2s
  Epoch 3 Batch 400/460 | Loss=0.263007 | diff=0.2427 | coarse=0.2535 | 17.4s
  Epoch 3 Batch 450/460 | Loss=0.216420 | diff=0.2004 | coarse=0.2000 | 19.6s
  Epoch 3 Batch 460/460 | Loss=0.320089 | diff=0.3102 | coarse=0.1234 | 20.0s
Epoch 3/120 | Loss=0.303358 | Val RMSE=75.0564 | Val MAE=72.4867 | Val MAPE=337.30% | LR=5.60e-04 | 30.3s
  [BEST] epoch=3, val_rmse=75.0564
[INFO] start epoch 4/120
  Epoch 4 Batch 50/460 | Loss=0.333251 | diff=0.3068 | coarse=0.3306 | 2.1s
  Epoch 4 Batch 100/460 | Loss=0.356904 | diff=0.3347 | coarse=0.2771 | 4.3s
  Epoch 4 Batch 150/460 | Loss=0.397254 | diff=0.3625 | coarse=0.4349 | 6.5s
  Epoch 4 Batch 200/460 | Loss=0.346117 | diff=0.3234 | coarse=0.2838 | 8.7s
  Epoch 4 Batch 250/460 | Loss=0.261904 | diff=0.2416 | coarse=0.2542 | 10.9s
  Epoch 4 Batch 300/460 | Loss=0.246463 | diff=0.2259 | coarse=0.2573 | 13.1s
  Epoch 4 Batch 350/460 | Loss=0.275409 | diff=0.2506 | coarse=0.3105 | 15.2s
  Epoch 4 Batch 400/460 | Loss=0.250129 | diff=0.2312 | coarse=0.2363 | 17.5s
  Epoch 4 Batch 450/460 | Loss=0.206383 | diff=0.1912 | coarse=0.1903 | 19.8s
  Epoch 4 Batch 460/460 | Loss=0.316055 | diff=0.3065 | coarse=0.1196 | 20.3s
Epoch 4/120 | Loss=0.290109 | Val RMSE=65.7060 | Val MAE=63.4947 | Val MAPE=295.61% | LR=7.00e-04 | 30.4s
  [BEST] epoch=4, val_rmse=65.7060
[INFO] start epoch 5/120
  Epoch 5 Batch 50/460 | Loss=0.324970 | diff=0.2995 | coarse=0.3182 | 2.1s
  Epoch 5 Batch 100/460 | Loss=0.334222 | diff=0.3136 | coarse=0.2575 | 4.3s
  Epoch 5 Batch 150/460 | Loss=0.391336 | diff=0.3566 | coarse=0.4348 | 6.5s
  Epoch 5 Batch 200/460 | Loss=0.311338 | diff=0.2900 | coarse=0.2668 | 8.8s
  Epoch 5 Batch 250/460 | Loss=0.268894 | diff=0.2483 | coarse=0.2578 | 11.1s
  Epoch 5 Batch 300/460 | Loss=0.234278 | diff=0.2130 | coarse=0.2663 | 13.5s
  Epoch 5 Batch 350/460 | Loss=0.236025 | diff=0.2163 | coarse=0.2466 | 15.8s
  Epoch 5 Batch 400/460 | Loss=0.236605 | diff=0.2182 | coarse=0.2305 | 18.2s
  Epoch 5 Batch 450/460 | Loss=0.214915 | diff=0.1997 | coarse=0.1899 | 20.5s
  Epoch 5 Batch 460/460 | Loss=0.316103 | diff=0.3067 | coarse=0.1170 | 21.0s
Epoch 5/120 | Loss=0.279940 | Val RMSE=58.1149 | Val MAE=55.8914 | Val MAPE=261.78% | LR=7.00e-04 | 31.1s
  [BEST] epoch=5, val_rmse=58.1149
[INFO] start epoch 6/120
  Epoch 6 Batch 50/460 | Loss=0.302448 | diff=0.2794 | coarse=0.2883 | 2.1s
  Epoch 6 Batch 100/460 | Loss=0.298460 | diff=0.2801 | coarse=0.2296 | 4.3s
  Epoch 6 Batch 150/460 | Loss=0.360119 | diff=0.3279 | coarse=0.4027 | 6.6s
  Epoch 6 Batch 200/460 | Loss=0.317263 | diff=0.2962 | coarse=0.2628 | 8.9s
  Epoch 6 Batch 250/460 | Loss=0.248116 | diff=0.2283 | coarse=0.2473 | 11.2s
  Epoch 6 Batch 300/460 | Loss=0.222454 | diff=0.2021 | coarse=0.2547 | 13.5s
  Epoch 6 Batch 350/460 | Loss=0.221908 | diff=0.2025 | coarse=0.2425 | 15.8s
  Epoch 6 Batch 400/460 | Loss=0.228142 | diff=0.2100 | coarse=0.2266 | 18.1s
  Epoch 6 Batch 450/460 | Loss=0.199653 | diff=0.1854 | coarse=0.1782 | 20.4s
  Epoch 6 Batch 460/460 | Loss=0.311120 | diff=0.3024 | coarse=0.1088 | 20.8s
Epoch 6/120 | Loss=0.262138 | Val RMSE=47.6722 | Val MAE=45.4433 | Val MAPE=213.92% | LR=7.00e-04 | 31.0s
  [BEST] epoch=6, val_rmse=47.6722
[INFO] start epoch 7/120
  Epoch 7 Batch 50/460 | Loss=0.283511 | diff=0.2620 | coarse=0.2694 | 2.1s
  Epoch 7 Batch 100/460 | Loss=0.278251 | diff=0.2607 | coarse=0.2197 | 4.3s
  Epoch 7 Batch 150/460 | Loss=0.311312 | diff=0.2851 | coarse=0.3279 | 6.5s
  Epoch 7 Batch 200/460 | Loss=0.313467 | diff=0.2899 | coarse=0.2948 | 8.6s
  Epoch 7 Batch 250/460 | Loss=0.236809 | diff=0.2184 | coarse=0.2301 | 10.8s
  Epoch 7 Batch 300/460 | Loss=0.211873 | diff=0.1926 | coarse=0.2404 | 13.0s
  Epoch 7 Batch 350/460 | Loss=0.208163 | diff=0.1904 | coarse=0.2216 | 15.1s
  Epoch 7 Batch 400/460 | Loss=0.217441 | diff=0.2004 | coarse=0.2131 | 17.3s
  Epoch 7 Batch 450/460 | Loss=0.190736 | diff=0.1772 | coarse=0.1696 | 19.5s
  Epoch 7 Batch 460/460 | Loss=0.294094 | diff=0.2862 | coarse=0.0983 | 19.9s
Epoch 7/120 | Loss=0.248230 | Val RMSE=34.5327 | Val MAE=32.1643 | Val MAPE=152.42% | LR=6.99e-04 | 30.0s
  [BEST] epoch=7, val_rmse=34.5327
[INFO] start epoch 8/120
  Epoch 8 Batch 50/460 | Loss=0.260745 | diff=0.2413 | coarse=0.2436 | 2.1s
  Epoch 8 Batch 100/460 | Loss=0.252427 | diff=0.2356 | coarse=0.2099 | 4.3s
  Epoch 8 Batch 150/460 | Loss=0.293293 | diff=0.2691 | coarse=0.3019 | 6.6s
  Epoch 8 Batch 200/460 | Loss=0.313315 | diff=0.2900 | coarse=0.2908 | 8.9s
  Epoch 8 Batch 250/460 | Loss=0.222157 | diff=0.2052 | coarse=0.2118 | 11.2s
  Epoch 8 Batch 300/460 | Loss=0.206295 | diff=0.1871 | coarse=0.2397 | 13.5s
  Epoch 8 Batch 350/460 | Loss=0.203489 | diff=0.1865 | coarse=0.2123 | 15.8s
  Epoch 8 Batch 400/460 | Loss=0.205309 | diff=0.1891 | coarse=0.2032 | 18.1s
  Epoch 8 Batch 450/460 | Loss=0.179219 | diff=0.1669 | coarse=0.1544 | 20.4s
  Epoch 8 Batch 460/460 | Loss=0.273523 | diff=0.2665 | coarse=0.0879 | 20.9s
Epoch 8/120 | Loss=0.236400 | Val RMSE=28.0071 | Val MAE=25.6115 | Val MAPE=121.37% | LR=6.99e-04 | 31.0s
  [BEST] epoch=8, val_rmse=28.0071
[INFO] start epoch 9/120
  Epoch 9 Batch 50/460 | Loss=0.245418 | diff=0.2272 | coarse=0.2281 | 2.1s
  Epoch 9 Batch 100/460 | Loss=0.238048 | diff=0.2220 | coarse=0.2009 | 4.2s
  Epoch 9 Batch 150/460 | Loss=0.257061 | diff=0.2338 | coarse=0.2912 | 6.4s
  Epoch 9 Batch 200/460 | Loss=0.302950 | diff=0.2794 | coarse=0.2942 | 8.5s
  Epoch 9 Batch 250/460 | Loss=0.208778 | diff=0.1929 | coarse=0.1985 | 10.7s
  Epoch 9 Batch 300/460 | Loss=0.203674 | diff=0.1835 | coarse=0.2520 | 12.9s
  Epoch 9 Batch 350/460 | Loss=0.193053 | diff=0.1778 | coarse=0.1912 | 15.0s
  Epoch 9 Batch 400/460 | Loss=0.188582 | diff=0.1733 | coarse=0.1906 | 17.2s
  Epoch 9 Batch 450/460 | Loss=0.170823 | diff=0.1592 | coarse=0.1448 | 19.3s
  Epoch 9 Batch 460/460 | Loss=0.270053 | diff=0.2635 | coarse=0.0822 | 19.8s
Epoch 9/120 | Loss=0.224486 | Val RMSE=24.1645 | Val MAE=21.7224 | Val MAPE=103.40% | LR=6.98e-04 | 29.7s
  [BEST] epoch=9, val_rmse=24.1645
[INFO] start epoch 10/120
  Epoch 10 Batch 50/460 | Loss=0.222257 | diff=0.2054 | coarse=0.2103 | 2.1s
  Epoch 10 Batch 100/460 | Loss=0.225446 | diff=0.2100 | coarse=0.1933 | 4.2s
  Epoch 10 Batch 150/460 | Loss=0.245420 | diff=0.2232 | coarse=0.2775 | 6.4s
  Epoch 10 Batch 200/460 | Loss=0.284285 | diff=0.2626 | coarse=0.2713 | 8.5s
  Epoch 10 Batch 250/460 | Loss=0.199854 | diff=0.1849 | coarse=0.1868 | 10.7s
  Epoch 10 Batch 300/460 | Loss=0.195839 | diff=0.1762 | coarse=0.2450 | 12.8s
  Epoch 10 Batch 350/460 | Loss=0.177223 | diff=0.1638 | coarse=0.1680 | 15.0s
  Epoch 10 Batch 400/460 | Loss=0.176240 | diff=0.1619 | coarse=0.1795 | 17.2s
  Epoch 10 Batch 450/460 | Loss=0.158306 | diff=0.1475 | coarse=0.1353 | 19.3s
  Epoch 10 Batch 460/460 | Loss=0.236312 | diff=0.2308 | coarse=0.0694 | 19.8s
Epoch 10/120 | Loss=0.213436 | Val RMSE=20.9387 | Val MAE=18.4345 | Val MAPE=87.50% | LR=6.97e-04 | 29.9s
  [BEST] epoch=10, val_rmse=20.9387
[INFO] start epoch 11/120
  Epoch 11 Batch 50/460 | Loss=0.206140 | diff=0.1900 | coarse=0.2013 | 2.1s
  Epoch 11 Batch 100/460 | Loss=0.198886 | diff=0.1837 | coarse=0.1897 | 4.2s
  Epoch 11 Batch 150/460 | Loss=0.231589 | diff=0.2101 | coarse=0.2689 | 6.4s
  Epoch 11 Batch 200/460 | Loss=0.275856 | diff=0.2549 | coarse=0.2622 | 8.5s
  Epoch 11 Batch 250/460 | Loss=0.197303 | diff=0.1825 | coarse=0.1846 | 10.7s
  Epoch 11 Batch 300/460 | Loss=0.187781 | diff=0.1687 | coarse=0.2382 | 12.8s
  Epoch 11 Batch 350/460 | Loss=0.181330 | diff=0.1679 | coarse=0.1676 | 15.0s
  Epoch 11 Batch 400/460 | Loss=0.169521 | diff=0.1559 | coarse=0.1704 | 17.1s
  Epoch 11 Batch 450/460 | Loss=0.154588 | diff=0.1439 | coarse=0.1340 | 19.3s
  Epoch 11 Batch 460/460 | Loss=0.221877 | diff=0.2162 | coarse=0.0711 | 19.7s
Epoch 11/120 | Loss=0.202932 | Val RMSE=17.5473 | Val MAE=14.9996 | Val MAPE=70.09% | LR=6.95e-04 | 29.9s
  [BEST] epoch=11, val_rmse=17.5473
[INFO] start epoch 12/120
  Epoch 12 Batch 50/460 | Loss=0.199510 | diff=0.1839 | coarse=0.1947 | 2.1s
  Epoch 12 Batch 100/460 | Loss=0.190298 | diff=0.1756 | coarse=0.1841 | 4.3s
  Epoch 12 Batch 150/460 | Loss=0.215344 | diff=0.1955 | coarse=0.2476 | 6.4s
  Epoch 12 Batch 200/460 | Loss=0.262594 | diff=0.2409 | coarse=0.2718 | 8.6s
  Epoch 12 Batch 250/460 | Loss=0.194789 | diff=0.1798 | coarse=0.1871 | 10.8s
  Epoch 12 Batch 300/460 | Loss=0.184793 | diff=0.1676 | coarse=0.2148 | 12.9s
  Epoch 12 Batch 350/460 | Loss=0.176755 | diff=0.1639 | coarse=0.1609 | 15.1s
  Epoch 12 Batch 400/460 | Loss=0.163444 | diff=0.1506 | coarse=0.1603 | 17.3s
  Epoch 12 Batch 450/460 | Loss=0.144202 | diff=0.1338 | coarse=0.1301 | 19.5s
  Epoch 12 Batch 460/460 | Loss=0.206952 | diff=0.2013 | coarse=0.0713 | 20.0s
Epoch 12/120 | Loss=0.192997 | Val RMSE=16.5896 | Val MAE=14.0168 | Val MAPE=65.69% | LR=6.94e-04 | 30.1s
  [BEST] epoch=12, val_rmse=16.5896
[INFO] start epoch 13/120
  Epoch 13 Batch 50/460 | Loss=0.189752 | diff=0.1749 | coarse=0.1860 | 2.1s
  Epoch 13 Batch 100/460 | Loss=0.183182 | diff=0.1689 | coarse=0.1785 | 4.3s
  Epoch 13 Batch 150/460 | Loss=0.198434 | diff=0.1807 | coarse=0.2219 | 6.4s
  Epoch 13 Batch 200/460 | Loss=0.199269 | diff=0.1843 | coarse=0.1867 | 8.6s
  Epoch 13 Batch 250/460 | Loss=0.185042 | diff=0.1705 | coarse=0.1812 | 10.8s
  Epoch 13 Batch 300/460 | Loss=0.183915 | diff=0.1682 | coarse=0.1963 | 13.0s
  Epoch 13 Batch 350/460 | Loss=0.166486 | diff=0.1539 | coarse=0.1579 | 15.1s
  Epoch 13 Batch 400/460 | Loss=0.164114 | diff=0.1514 | coarse=0.1593 | 17.3s
  Epoch 13 Batch 450/460 | Loss=0.143867 | diff=0.1335 | coarse=0.1291 | 19.5s
  Epoch 13 Batch 460/460 | Loss=0.179530 | diff=0.1747 | coarse=0.0602 | 19.9s
Epoch 13/120 | Loss=0.183890 | Val RMSE=14.3592 | Val MAE=11.5379 | Val MAPE=52.60% | LR=6.92e-04 | 30.1s
  [BEST] epoch=13, val_rmse=14.3592
[INFO] start epoch 14/120
  Epoch 14 Batch 50/460 | Loss=0.179374 | diff=0.1651 | coarse=0.1782 | 2.1s
  Epoch 14 Batch 100/460 | Loss=0.180281 | diff=0.1660 | coarse=0.1781 | 4.2s
  Epoch 14 Batch 150/460 | Loss=0.187474 | diff=0.1713 | coarse=0.2022 | 6.4s
  Epoch 14 Batch 200/460 | Loss=0.185236 | diff=0.1710 | coarse=0.1774 | 8.5s
  Epoch 14 Batch 250/460 | Loss=0.181672 | diff=0.1677 | coarse=0.1751 | 10.7s
  Epoch 14 Batch 300/460 | Loss=0.189394 | diff=0.1745 | coarse=0.1856 | 12.8s
  Epoch 14 Batch 350/460 | Loss=0.152686 | diff=0.1413 | coarse=0.1425 | 15.0s
  Epoch 14 Batch 400/460 | Loss=0.156880 | diff=0.1447 | coarse=0.1524 | 17.2s
  Epoch 14 Batch 450/460 | Loss=0.146948 | diff=0.1370 | coarse=0.1241 | 19.5s
  Epoch 14 Batch 460/460 | Loss=0.167460 | diff=0.1628 | coarse=0.0583 | 20.0s
Epoch 14/120 | Loss=0.175613 | Val RMSE=15.3347 | Val MAE=12.3660 | Val MAPE=57.28% | LR=6.89e-04 | 30.1s
[INFO] start epoch 15/120
  Epoch 15 Batch 50/460 | Loss=0.178684 | diff=0.1646 | coarse=0.1757 | 2.1s
  Epoch 15 Batch 100/460 | Loss=0.170332 | diff=0.1573 | coarse=0.1631 | 4.2s
  Epoch 15 Batch 150/460 | Loss=0.181714 | diff=0.1654 | coarse=0.2040 | 6.4s
  Epoch 15 Batch 200/460 | Loss=0.161864 | diff=0.1492 | coarse=0.1581 | 8.5s
  Epoch 15 Batch 250/460 | Loss=0.178645 | diff=0.1649 | coarse=0.1718 | 10.7s
  Epoch 15 Batch 300/460 | Loss=0.180711 | diff=0.1666 | coarse=0.1770 | 12.9s
  Epoch 15 Batch 350/460 | Loss=0.140259 | diff=0.1296 | coarse=0.1330 | 15.0s
  Epoch 15 Batch 400/460 | Loss=0.151070 | diff=0.1395 | coarse=0.1442 | 17.2s
  Epoch 15 Batch 450/460 | Loss=0.134102 | diff=0.1238 | coarse=0.1291 | 19.3s
  Epoch 15 Batch 460/460 | Loss=0.150082 | diff=0.1454 | coarse=0.0581 | 19.8s
Epoch 15/120 | Loss=0.166369 | Val RMSE=14.7488 | Val MAE=11.8456 | Val MAPE=54.09% | LR=6.87e-04 | 29.9s
[INFO] start epoch 16/120
  Epoch 16 Batch 50/460 | Loss=0.170466 | diff=0.1572 | coarse=0.1661 | 2.1s
  Epoch 16 Batch 100/460 | Loss=0.165286 | diff=0.1526 | coarse=0.1582 | 4.2s
  Epoch 16 Batch 150/460 | Loss=0.173813 | diff=0.1593 | coarse=0.1817 | 6.4s
  Epoch 16 Batch 200/460 | Loss=0.157038 | diff=0.1446 | coarse=0.1560 | 8.5s
  Epoch 16 Batch 250/460 | Loss=0.172193 | diff=0.1587 | coarse=0.1685 | 10.7s
  Epoch 16 Batch 300/460 | Loss=0.162608 | diff=0.1492 | coarse=0.1675 | 12.8s
  Epoch 16 Batch 350/460 | Loss=0.156917 | diff=0.1451 | coarse=0.1480 | 15.0s
  Epoch 16 Batch 400/460 | Loss=0.155705 | diff=0.1438 | coarse=0.1484 | 17.1s
  Epoch 16 Batch 450/460 | Loss=0.120135 | diff=0.1106 | coarse=0.1192 | 19.3s
  Epoch 16 Batch 460/460 | Loss=0.123090 | diff=0.1185 | coarse=0.0574 | 19.7s
Epoch 16/120 | Loss=0.160512 | Val RMSE=15.0158 | Val MAE=11.8792 | Val MAPE=54.15% | LR=6.84e-04 | 29.8s
[INFO] start epoch 17/120
  Epoch 17 Batch 50/460 | Loss=0.171706 | diff=0.1579 | coarse=0.1732 | 2.1s
  Epoch 17 Batch 100/460 | Loss=0.164804 | diff=0.1519 | coarse=0.1612 | 4.2s
  Epoch 17 Batch 150/460 | Loss=0.172915 | diff=0.1583 | coarse=0.1822 | 6.4s
  Epoch 17 Batch 200/460 | Loss=0.136564 | diff=0.1246 | coarse=0.1502 | 8.6s
  Epoch 17 Batch 250/460 | Loss=0.180610 | diff=0.1665 | coarse=0.1763 | 10.7s
  Epoch 17 Batch 300/460 | Loss=0.153934 | diff=0.1419 | coarse=0.1501 | 12.9s
  Epoch 17 Batch 350/460 | Loss=0.140225 | diff=0.1297 | coarse=0.1313 | 15.0s
  Epoch 17 Batch 400/460 | Loss=0.156490 | diff=0.1446 | coarse=0.1492 | 17.2s
  Epoch 17 Batch 450/460 | Loss=0.119965 | diff=0.1104 | coarse=0.1191 | 19.4s
  Epoch 17 Batch 460/460 | Loss=0.136514 | diff=0.1311 | coarse=0.0671 | 19.8s
Epoch 17/120 | Loss=0.155534 | Val RMSE=15.3001 | Val MAE=12.0955 | Val MAPE=55.55% | LR=6.81e-04 | 30.2s
[INFO] start epoch 18/120
  Epoch 18 Batch 50/460 | Loss=0.163362 | diff=0.1506 | coarse=0.1596 | 2.1s
  Epoch 18 Batch 100/460 | Loss=0.163628 | diff=0.1508 | coarse=0.1603 | 4.3s
  Epoch 18 Batch 150/460 | Loss=0.169938 | diff=0.1560 | coarse=0.1742 | 6.6s
  Epoch 18 Batch 200/460 | Loss=0.211432 | diff=0.1959 | coarse=0.1947 | 8.9s
  Epoch 18 Batch 250/460 | Loss=0.174147 | diff=0.1603 | coarse=0.1737 | 11.2s
  Epoch 18 Batch 300/460 | Loss=0.146694 | diff=0.1353 | coarse=0.1425 | 13.5s
  Epoch 18 Batch 350/460 | Loss=0.131946 | diff=0.1216 | coarse=0.1289 | 15.8s
  Epoch 18 Batch 400/460 | Loss=0.135432 | diff=0.1251 | coarse=0.1289 | 18.1s
  Epoch 18 Batch 450/460 | Loss=0.129951 | diff=0.1199 | coarse=0.1257 | 20.4s
  Epoch 18 Batch 460/460 | Loss=0.111817 | diff=0.1066 | coarse=0.0654 | 20.8s
Epoch 18/120 | Loss=0.153460 | Val RMSE=16.3094 | Val MAE=13.1938 | Val MAPE=60.86% | LR=6.78e-04 | 31.1s
[INFO] start epoch 19/120
  Epoch 19 Batch 50/460 | Loss=0.155116 | diff=0.1433 | coarse=0.1479 | 2.1s
  Epoch 19 Batch 100/460 | Loss=0.170334 | diff=0.1570 | coarse=0.1673 | 4.2s
  Epoch 19 Batch 150/460 | Loss=0.161552 | diff=0.1483 | coarse=0.1662 | 6.4s
  Epoch 19 Batch 200/460 | Loss=0.138509 | diff=0.1258 | coarse=0.1590 | 8.5s
  Epoch 19 Batch 250/460 | Loss=0.158515 | diff=0.1459 | coarse=0.1580 | 10.7s
  Epoch 19 Batch 300/460 | Loss=0.138041 | diff=0.1273 | coarse=0.1348 | 12.8s
  Epoch 19 Batch 350/460 | Loss=0.123158 | diff=0.1135 | coarse=0.1213 | 15.0s
  Epoch 19 Batch 400/460 | Loss=0.133055 | diff=0.1225 | coarse=0.1319 | 17.1s
  Epoch 19 Batch 450/460 | Loss=0.114582 | diff=0.1051 | coarse=0.1182 | 19.3s
  Epoch 19 Batch 460/460 | Loss=0.081089 | diff=0.0766 | coarse=0.0567 | 19.7s
Epoch 19/120 | Loss=0.145208 | Val RMSE=16.5355 | Val MAE=13.5241 | Val MAPE=62.24% | LR=6.75e-04 | 29.8s
[INFO] start epoch 20/120
  Epoch 20 Batch 50/460 | Loss=0.147560 | diff=0.1361 | coarse=0.1433 | 2.1s
  Epoch 20 Batch 100/460 | Loss=0.169581 | diff=0.1557 | coarse=0.1736 | 4.2s
  Epoch 20 Batch 150/460 | Loss=0.156888 | diff=0.1435 | coarse=0.1673 | 6.4s
  Epoch 20 Batch 200/460 | Loss=0.162701 | diff=0.1452 | coarse=0.2188 | 8.6s
  Epoch 20 Batch 250/460 | Loss=0.160592 | diff=0.1481 | coarse=0.1568 | 10.7s
  Epoch 20 Batch 300/460 | Loss=0.155225 | diff=0.1435 | coarse=0.1470 | 12.9s
  Epoch 20 Batch 350/460 | Loss=0.123989 | diff=0.1142 | coarse=0.1224 | 15.0s
  Epoch 20 Batch 400/460 | Loss=0.129470 | diff=0.1195 | coarse=0.1252 | 17.2s
  Epoch 20 Batch 450/460 | Loss=0.128557 | diff=0.1184 | coarse=0.1267 | 19.4s
  Epoch 20 Batch 460/460 | Loss=0.082674 | diff=0.0782 | coarse=0.0562 | 19.8s
Epoch 20/120 | Loss=0.144132 | Val RMSE=14.1044 | Val MAE=11.1005 | Val MAPE=48.95% | LR=6.71e-04 | 29.9s
  [BEST] epoch=20, val_rmse=14.1044
[INFO] start epoch 21/120
  Epoch 21 Batch 50/460 | Loss=0.152346 | diff=0.1402 | coarse=0.1523 | 2.1s
  Epoch 21 Batch 100/460 | Loss=0.168048 | diff=0.1562 | coarse=0.1485 | 4.2s
  Epoch 21 Batch 150/460 | Loss=0.157728 | diff=0.1451 | coarse=0.1573 | 6.4s
  Epoch 21 Batch 200/460 | Loss=0.150562 | diff=0.1342 | coarse=0.2047 | 8.5s
  Epoch 21 Batch 250/460 | Loss=0.164181 | diff=0.1511 | coarse=0.1634 | 10.7s
  Epoch 21 Batch 300/460 | Loss=0.152000 | diff=0.1406 | coarse=0.1422 | 12.9s
  Epoch 21 Batch 350/460 | Loss=0.129948 | diff=0.1204 | coarse=0.1188 | 15.0s
  Epoch 21 Batch 400/460 | Loss=0.140924 | diff=0.1292 | coarse=0.1463 | 17.2s
  Epoch 21 Batch 450/460 | Loss=0.111573 | diff=0.1025 | coarse=0.1131 | 19.3s
  Epoch 21 Batch 460/460 | Loss=0.094768 | diff=0.0890 | coarse=0.0715 | 19.7s
Epoch 21/120 | Loss=0.149007 | Val RMSE=14.3928 | Val MAE=11.5187 | Val MAPE=51.86% | LR=6.67e-04 | 29.9s
[INFO] start epoch 22/120
  Epoch 22 Batch 50/460 | Loss=0.150092 | diff=0.1381 | coarse=0.1495 | 2.1s
  Epoch 22 Batch 100/460 | Loss=0.153217 | diff=0.1416 | coarse=0.1451 | 4.2s
  Epoch 22 Batch 150/460 | Loss=0.145916 | diff=0.1341 | coarse=0.1480 | 6.4s
  Epoch 22 Batch 200/460 | Loss=0.139879 | diff=0.1286 | coarse=0.1409 | 8.6s
  Epoch 22 Batch 250/460 | Loss=0.152368 | diff=0.1403 | coarse=0.1514 | 10.7s
  Epoch 22 Batch 300/460 | Loss=0.139730 | diff=0.1278 | coarse=0.1489 | 12.9s
  Epoch 22 Batch 350/460 | Loss=0.122333 | diff=0.1130 | coarse=0.1165 | 15.0s
  Epoch 22 Batch 400/460 | Loss=0.129433 | diff=0.1191 | coarse=0.1288 | 17.2s
  Epoch 22 Batch 450/460 | Loss=0.108604 | diff=0.0995 | coarse=0.1133 | 19.4s
  Epoch 22 Batch 460/460 | Loss=0.074448 | diff=0.0699 | coarse=0.0564 | 19.8s
Epoch 22/120 | Loss=0.142691 | Val RMSE=13.7267 | Val MAE=10.7605 | Val MAPE=47.05% | LR=6.63e-04 | 30.0s
  [BEST] epoch=22, val_rmse=13.7267
[INFO] start epoch 23/120
  Epoch 23 Batch 50/460 | Loss=0.135716 | diff=0.1250 | coarse=0.1337 | 2.1s
  Epoch 23 Batch 100/460 | Loss=0.140585 | diff=0.1300 | coarse=0.1325 | 4.2s
  Epoch 23 Batch 150/460 | Loss=0.152506 | diff=0.1409 | coarse=0.1447 | 6.4s
  Epoch 23 Batch 200/460 | Loss=0.126671 | diff=0.1134 | coarse=0.1659 | 8.5s
  Epoch 23 Batch 250/460 | Loss=0.134602 | diff=0.1237 | coarse=0.1362 | 10.6s
  Epoch 23 Batch 300/460 | Loss=0.128411 | diff=0.1172 | coarse=0.1401 | 12.8s
  Epoch 23 Batch 350/460 | Loss=0.117568 | diff=0.1083 | coarse=0.1162 | 14.9s
  Epoch 23 Batch 400/460 | Loss=0.117197 | diff=0.1070 | coarse=0.1269 | 17.1s
  Epoch 23 Batch 450/460 | Loss=0.103621 | diff=0.0951 | coarse=0.1061 | 19.2s
  Epoch 23 Batch 460/460 | Loss=0.059942 | diff=0.0558 | coarse=0.0520 | 19.7s
Epoch 23/120 | Loss=0.129627 | Val RMSE=13.5811 | Val MAE=10.6011 | Val MAPE=45.84% | LR=6.59e-04 | 29.8s
  [BEST] epoch=23, val_rmse=13.5811
[INFO] start epoch 24/120
  Epoch 24 Batch 50/460 | Loss=0.137083 | diff=0.1266 | coarse=0.1315 | 2.1s
  Epoch 24 Batch 100/460 | Loss=0.147710 | diff=0.1371 | coarse=0.1328 | 4.2s
  Epoch 24 Batch 150/460 | Loss=0.142583 | diff=0.1312 | coarse=0.1418 | 6.4s
  Epoch 24 Batch 200/460 | Loss=0.128583 | diff=0.1142 | coarse=0.1802 | 8.6s
  Epoch 24 Batch 250/460 | Loss=0.135076 | diff=0.1240 | coarse=0.1385 | 10.7s
  Epoch 24 Batch 300/460 | Loss=0.130349 | diff=0.1193 | coarse=0.1380 | 12.9s
  Epoch 24 Batch 350/460 | Loss=0.115684 | diff=0.1066 | coarse=0.1132 | 15.0s
  Epoch 24 Batch 400/460 | Loss=0.127506 | diff=0.1164 | coarse=0.1386 | 17.2s
  Epoch 24 Batch 450/460 | Loss=0.101362 | diff=0.0930 | coarse=0.1046 | 19.4s
  Epoch 24 Batch 460/460 | Loss=0.049651 | diff=0.0461 | coarse=0.0441 | 19.8s
Epoch 24/120 | Loss=0.131013 | Val RMSE=14.6228 | Val MAE=11.5185 | Val MAPE=50.21% | LR=6.54e-04 | 29.9s
[INFO] start epoch 25/120
  [WARN] skip non-finite grad at epoch 25 batch 34
  Epoch 25 Batch 50/460 | Loss=0.148468 | diff=0.1369 | coarse=0.1440 | 2.1s
  Epoch 25 Batch 100/460 | Loss=0.143772 | diff=0.1332 | coarse=0.1317 | 4.3s
  Epoch 25 Batch 150/460 | Loss=0.133012 | diff=0.1224 | coarse=0.1323 | 6.4s
  Epoch 25 Batch 200/460 | Loss=0.122048 | diff=0.1113 | coarse=0.1338 | 8.6s
  Epoch 25 Batch 250/460 | Loss=0.133443 | diff=0.1226 | coarse=0.1352 | 10.8s
  Epoch 25 Batch 300/460 | Loss=0.118895 | diff=0.1073 | coarse=0.1453 | 13.0s
  Epoch 25 Batch 350/460 | Loss=0.118298 | diff=0.1094 | coarse=0.1108 | 15.2s
  Epoch 25 Batch 400/460 | Loss=0.109607 | diff=0.1000 | coarse=0.1201 | 17.3s
  Epoch 25 Batch 450/460 | Loss=0.108325 | diff=0.0991 | coarse=0.1154 | 19.5s
  Epoch 25 Batch 460/460 | Loss=0.058650 | diff=0.0549 | coarse=0.0467 | 20.0s
Epoch 25/120 | Loss=0.134613 | Val RMSE=13.8871 | Val MAE=10.9087 | Val MAPE=47.16% | LR=6.49e-04 | 30.1s
[INFO] start epoch 26/120
  Epoch 26 Batch 50/460 | Loss=0.136407 | diff=0.1252 | coarse=0.1400 | 2.1s
  Epoch 26 Batch 100/460 | Loss=0.132348 | diff=0.1221 | coarse=0.1276 | 4.3s
  Epoch 26 Batch 150/460 | Loss=0.132306 | diff=0.1214 | coarse=0.1367 | 6.5s
  Epoch 26 Batch 200/460 | Loss=0.108629 | diff=0.0996 | coarse=0.1123 | 8.6s
  Epoch 26 Batch 250/460 | Loss=0.140385 | diff=0.1282 | coarse=0.1521 | 10.8s
  Epoch 26 Batch 300/460 | Loss=0.120711 | diff=0.1094 | coarse=0.1420 | 13.0s
  Epoch 26 Batch 350/460 | Loss=0.109026 | diff=0.1004 | coarse=0.1084 | 15.2s
  Epoch 26 Batch 400/460 | Loss=0.114537 | diff=0.1056 | coarse=0.1117 | 17.4s
  Epoch 26 Batch 450/460 | Loss=0.102900 | diff=0.0939 | coarse=0.1120 | 19.6s
  Epoch 26 Batch 460/460 | Loss=0.045254 | diff=0.0415 | coarse=0.0467 | 20.0s
Epoch 26/120 | Loss=0.131980 | Val RMSE=13.1622 | Val MAE=10.1112 | Val MAPE=43.53% | LR=6.44e-04 | 30.2s
  [BEST] epoch=26, val_rmse=13.1622
[INFO] start epoch 27/120
  Epoch 27 Batch 50/460 | Loss=0.128716 | diff=0.1181 | coarse=0.1321 | 2.1s
  Epoch 27 Batch 100/460 | Loss=0.146590 | diff=0.1329 | coarse=0.1708 | 4.3s
  Epoch 27 Batch 150/460 | Loss=0.143933 | diff=0.1329 | coarse=0.1373 | 6.4s
  Epoch 27 Batch 200/460 | Loss=0.109821 | diff=0.0992 | coarse=0.1323 | 8.6s
  Epoch 27 Batch 250/460 | Loss=0.134156 | diff=0.1229 | coarse=0.1409 | 10.8s
  Epoch 27 Batch 300/460 | Loss=0.137307 | diff=0.1277 | coarse=0.1204 | 13.0s
  Epoch 27 Batch 350/460 | Loss=0.138350 | diff=0.1256 | coarse=0.1588 | 15.1s
  Epoch 27 Batch 400/460 | Loss=0.124687 | diff=0.1134 | coarse=0.1413 | 17.3s
  Epoch 27 Batch 450/460 | Loss=0.128115 | diff=0.1196 | coarse=0.1070 | 19.5s
  Epoch 27 Batch 460/460 | Loss=0.060243 | diff=0.0568 | coarse=0.0428 | 19.9s
Epoch 27/120 | Loss=0.136165 | Val RMSE=13.9391 | Val MAE=10.8906 | Val MAPE=47.80% | LR=6.39e-04 | 30.1s
[INFO] start epoch 28/120
  Epoch 28 Batch 50/460 | Loss=0.143149 | diff=0.1329 | coarse=0.1286 | 2.1s
  Epoch 28 Batch 100/460 | Loss=0.129013 | diff=0.1174 | coarse=0.1455 | 4.2s
  Epoch 28 Batch 150/460 | Loss=0.132502 | diff=0.1219 | coarse=0.1320 | 6.4s
  Epoch 28 Batch 200/460 | Loss=0.114494 | diff=0.1012 | coarse=0.1659 | 8.6s
  Epoch 28 Batch 250/460 | Loss=0.129636 | diff=0.1186 | coarse=0.1385 | 10.7s
  Epoch 28 Batch 300/460 | Loss=0.112928 | diff=0.1036 | coarse=0.1161 | 12.9s
  Epoch 28 Batch 350/460 | Loss=0.114059 | diff=0.1048 | coarse=0.1161 | 15.1s
  Epoch 28 Batch 400/460 | Loss=0.108753 | diff=0.0987 | coarse=0.1254 | 17.2s
  Epoch 28 Batch 450/460 | Loss=0.108397 | diff=0.0999 | coarse=0.1060 | 19.4s
  Epoch 28 Batch 460/460 | Loss=0.048654 | diff=0.0455 | coarse=0.0397 | 19.8s
Epoch 28/120 | Loss=0.123188 | Val RMSE=13.1248 | Val MAE=10.0020 | Val MAPE=42.39% | LR=6.33e-04 | 30.0s
  [BEST] epoch=28, val_rmse=13.1248
[INFO] start epoch 29/120
  Epoch 29 Batch 50/460 | Loss=0.128084 | diff=0.1184 | coarse=0.1211 | 2.1s
  Epoch 29 Batch 100/460 | Loss=0.119154 | diff=0.1091 | coarse=0.1254 | 4.3s
  Epoch 29 Batch 150/460 | Loss=0.121859 | diff=0.1117 | coarse=0.1269 | 6.4s
  Epoch 29 Batch 200/460 | Loss=0.113758 | diff=0.0999 | coarse=0.1736 | 8.6s
  Epoch 29 Batch 250/460 | Loss=0.122801 | diff=0.1124 | coarse=0.1301 | 10.8s
  Epoch 29 Batch 300/460 | Loss=0.109327 | diff=0.1005 | coarse=0.1107 | 13.0s
  Epoch 29 Batch 350/460 | Loss=0.117601 | diff=0.1072 | coarse=0.1302 | 15.2s
  Epoch 29 Batch 400/460 | Loss=0.105806 | diff=0.0957 | coarse=0.1264 | 17.3s
  Epoch 29 Batch 450/460 | Loss=0.101813 | diff=0.0936 | coarse=0.1030 | 19.5s
  Epoch 29 Batch 460/460 | Loss=0.047755 | diff=0.0447 | coarse=0.0382 | 19.9s
Epoch 29/120 | Loss=0.117415 | Val RMSE=13.1472 | Val MAE=9.8664 | Val MAPE=42.05% | LR=6.27e-04 | 30.0s
[INFO] start epoch 30/120
  Epoch 30 Batch 50/460 | Loss=0.130178 | diff=0.1204 | coarse=0.1222 | 2.1s
  Epoch 30 Batch 100/460 | Loss=0.123157 | diff=0.1121 | coarse=0.1378 | 4.3s
  Epoch 30 Batch 150/460 | Loss=0.118075 | diff=0.1081 | coarse=0.1243 | 6.4s
  Epoch 30 Batch 200/460 | Loss=0.117036 | diff=0.1062 | coarse=0.1351 | 8.7s
  Epoch 30 Batch 250/460 | Loss=0.128490 | diff=0.1183 | coarse=0.1270 | 10.8s
  Epoch 30 Batch 300/460 | Loss=0.110113 | diff=0.1014 | coarse=0.1095 | 13.0s
  Epoch 30 Batch 350/460 | Loss=0.124410 | diff=0.1123 | coarse=0.1510 | 15.2s
  Epoch 30 Batch 400/460 | Loss=0.114345 | diff=0.1042 | coarse=0.1270 | 17.4s
  Epoch 30 Batch 450/460 | Loss=0.108172 | diff=0.1000 | coarse=0.1017 | 19.6s
  Epoch 30 Batch 460/460 | Loss=0.050855 | diff=0.0479 | coarse=0.0365 | 20.0s
Epoch 30/120 | Loss=0.118004 | Val RMSE=13.6024 | Val MAE=10.3711 | Val MAPE=44.13% | LR=6.21e-04 | 30.1s
[INFO] start epoch 31/120
  Epoch 31 Batch 50/460 | Loss=0.121349 | diff=0.1117 | coarse=0.1206 | 2.1s
  Epoch 31 Batch 100/460 | Loss=0.139026 | diff=0.1260 | coarse=0.1623 | 4.6s
  Epoch 31 Batch 150/460 | Loss=0.121492 | diff=0.1116 | coarse=0.1231 | 6.9s
  Epoch 31 Batch 200/460 | Loss=0.130811 | diff=0.1222 | coarse=0.1081 | 9.2s
  Epoch 31 Batch 250/460 | Loss=0.129424 | diff=0.1191 | coarse=0.1289 | 11.4s
  Epoch 31 Batch 300/460 | Loss=0.107875 | diff=0.0993 | coarse=0.1076 | 13.7s
  Epoch 31 Batch 350/460 | Loss=0.123616 | diff=0.1120 | coarse=0.1455 | 15.9s
  Epoch 31 Batch 400/460 | Loss=0.144584 | diff=0.1341 | coarse=0.1306 | 18.1s
  Epoch 31 Batch 450/460 | Loss=0.135809 | diff=0.1248 | coarse=0.1380 | 20.4s
  Epoch 31 Batch 460/460 | Loss=0.083480 | diff=0.0789 | coarse=0.0575 | 20.8s
Epoch 31/120 | Loss=0.124934 | Val RMSE=14.1930 | Val MAE=10.9440 | Val MAPE=47.56% | LR=6.15e-04 | 30.7s
[INFO] start epoch 32/120
  Epoch 32 Batch 50/460 | Loss=0.125545 | diff=0.1161 | coarse=0.1179 | 2.0s
  Epoch 32 Batch 100/460 | Loss=0.130539 | diff=0.1189 | coarse=0.1450 | 4.1s
  Epoch 32 Batch 150/460 | Loss=0.124362 | diff=0.1141 | coarse=0.1285 | 6.2s
  Epoch 32 Batch 200/460 | Loss=0.122526 | diff=0.1137 | coarse=0.1101 | 8.3s
  Epoch 32 Batch 250/460 | Loss=0.129382 | diff=0.1193 | coarse=0.1258 | 10.4s
  Epoch 32 Batch 300/460 | Loss=0.109344 | diff=0.1002 | coarse=0.1148 | 12.5s
  Epoch 32 Batch 350/460 | Loss=0.152422 | diff=0.1402 | coarse=0.1533 | 14.7s
  Epoch 32 Batch 400/460 | Loss=0.198074 | diff=0.1853 | coarse=0.1591 | 16.8s
  Epoch 32 Batch 450/460 | Loss=0.114511 | diff=0.1050 | coarse=0.1183 | 18.9s
  Epoch 32 Batch 460/460 | Loss=0.061943 | diff=0.0573 | coarse=0.0575 | 19.3s
Epoch 32/120 | Loss=0.125896 | Val RMSE=15.9993 | Val MAE=12.9956 | Val MAPE=58.27% | LR=6.09e-04 | 29.3s
[INFO] start epoch 33/120
  Epoch 33 Batch 50/460 | Loss=0.125929 | diff=0.1162 | coarse=0.1221 | 2.1s
  Epoch 33 Batch 100/460 | Loss=0.125803 | diff=0.1160 | coarse=0.1225 | 4.2s
  Epoch 33 Batch 150/460 | Loss=0.119987 | diff=0.1101 | coarse=0.1233 | 6.3s
  Epoch 33 Batch 200/460 | Loss=0.115970 | diff=0.1074 | coarse=0.1068 | 8.4s
  Epoch 33 Batch 250/460 | Loss=0.122452 | diff=0.1126 | coarse=0.1228 | 10.5s
  Epoch 33 Batch 300/460 | Loss=0.111848 | diff=0.1012 | coarse=0.1333 | 12.6s
  Epoch 33 Batch 350/460 | Loss=0.112689 | diff=0.1039 | coarse=0.1099 | 14.7s
  [WARN] skip non-finite grad at epoch 33 batch 361
  Epoch 33 Batch 400/460 | Loss=0.172210 | diff=0.1599 | coarse=0.1535 | 16.9s
  Epoch 33 Batch 450/460 | Loss=0.106915 | diff=0.0953 | coarse=0.1446 | 19.0s
  Epoch 33 Batch 460/460 | Loss=0.062371 | diff=0.0569 | coarse=0.0685 | 19.4s
Epoch 33/120 | Loss=0.122104 | Val RMSE=14.5229 | Val MAE=11.4611 | Val MAPE=50.76% | LR=6.03e-04 | 29.3s
[INFO] start epoch 34/120
  [WARN] skip non-finite grad at epoch 34 batch 36
  Epoch 34 Batch 50/460 | Loss=0.119663 | diff=0.1100 | coarse=0.1207 | 2.0s
  Epoch 34 Batch 100/460 | Loss=0.114617 | diff=0.1052 | coarse=0.1178 | 4.1s
  Epoch 34 Batch 150/460 | Loss=0.124033 | diff=0.1136 | coarse=0.1302 | 6.2s
  Epoch 34 Batch 200/460 | Loss=0.115340 | diff=0.1046 | coarse=0.1339 | 8.3s
  Epoch 34 Batch 250/460 | Loss=0.122859 | diff=0.1130 | coarse=0.1229 | 10.4s
  Epoch 34 Batch 300/460 | Loss=0.111374 | diff=0.1027 | coarse=0.1090 | 12.5s
  Epoch 34 Batch 350/460 | Loss=0.102345 | diff=0.0937 | coarse=0.1076 | 14.6s
  Epoch 34 Batch 400/460 | Loss=0.149811 | diff=0.1379 | coarse=0.1484 | 16.7s
  Epoch 34 Batch 450/460 | Loss=0.095948 | diff=0.0860 | coarse=0.1247 | 18.8s
  Epoch 34 Batch 460/460 | Loss=0.045340 | diff=0.0407 | coarse=0.0574 | 19.3s
Epoch 34/120 | Loss=0.118243 | Val RMSE=12.8116 | Val MAE=9.5940 | Val MAPE=40.90% | LR=5.96e-04 | 29.5s
  [BEST] epoch=34, val_rmse=12.8116
[INFO] start epoch 35/120
  Epoch 35 Batch 50/460 | Loss=0.110934 | diff=0.1019 | coarse=0.1124 | 2.1s
  Epoch 35 Batch 100/460 | Loss=0.104959 | diff=0.0962 | coarse=0.1091 | 4.3s
  Epoch 35 Batch 150/460 | Loss=0.117661 | diff=0.1081 | coarse=0.1200 | 6.4s
  Epoch 35 Batch 200/460 | Loss=0.109648 | diff=0.0999 | coarse=0.1214 | 8.6s
  Epoch 35 Batch 250/460 | Loss=0.116769 | diff=0.1074 | coarse=0.1172 | 10.8s
  Epoch 35 Batch 300/460 | Loss=0.112522 | diff=0.1042 | coarse=0.1038 | 12.9s
  Epoch 35 Batch 350/460 | Loss=0.101243 | diff=0.0919 | coarse=0.1172 | 15.1s
  Epoch 35 Batch 400/460 | Loss=0.142435 | diff=0.1300 | coarse=0.1559 | 17.3s
  Epoch 35 Batch 450/460 | Loss=0.096837 | diff=0.0875 | coarse=0.1162 | 19.5s
  Epoch 35 Batch 460/460 | Loss=0.044568 | diff=0.0409 | coarse=0.0453 | 19.9s
Epoch 35/120 | Loss=0.112352 | Val RMSE=12.7225 | Val MAE=9.4324 | Val MAPE=40.00% | LR=5.89e-04 | 30.0s
  [BEST] epoch=35, val_rmse=12.7225
[INFO] start epoch 36/120
  Epoch 36 Batch 50/460 | Loss=0.111577 | diff=0.1027 | coarse=0.1112 | 2.1s
  Epoch 36 Batch 100/460 | Loss=0.109967 | diff=0.1010 | coarse=0.1126 | 4.2s
  Epoch 36 Batch 150/460 | Loss=0.114226 | diff=0.1046 | coarse=0.1198 | 6.4s
  Epoch 36 Batch 200/460 | Loss=0.106611 | diff=0.0975 | coarse=0.1141 | 8.5s
  Epoch 36 Batch 250/460 | Loss=0.121740 | diff=0.1118 | coarse=0.1245 | 10.7s
  Epoch 36 Batch 300/460 | Loss=0.113109 | diff=0.1041 | coarse=0.1131 | 12.9s
  Epoch 36 Batch 350/460 | Loss=0.109443 | diff=0.0989 | coarse=0.1319 | 15.0s
  Epoch 36 Batch 400/460 | Loss=0.124703 | diff=0.1140 | coarse=0.1334 | 17.2s
  Epoch 36 Batch 450/460 | Loss=0.091431 | diff=0.0828 | coarse=0.1078 | 19.4s
  Epoch 36 Batch 460/460 | Loss=0.045517 | diff=0.0422 | coarse=0.0415 | 19.8s
Epoch 36/120 | Loss=0.112288 | Val RMSE=12.6654 | Val MAE=9.2364 | Val MAPE=38.65% | LR=5.82e-04 | 29.7s
  [BEST] epoch=36, val_rmse=12.6654
[INFO] start epoch 37/120
  Epoch 37 Batch 50/460 | Loss=0.105296 | diff=0.0969 | coarse=0.1050 | 2.1s
  Epoch 37 Batch 100/460 | Loss=0.120707 | diff=0.1119 | coarse=0.1101 | 4.2s
  Epoch 37 Batch 150/460 | Loss=0.113111 | diff=0.1037 | coarse=0.1181 | 6.4s
  Epoch 37 Batch 200/460 | Loss=0.112049 | diff=0.1038 | coarse=0.1034 | 8.5s
  Epoch 37 Batch 250/460 | Loss=0.118783 | diff=0.1085 | coarse=0.1281 | 10.7s
  Epoch 37 Batch 300/460 | Loss=0.105902 | diff=0.0974 | coarse=0.1061 | 12.8s
  Epoch 37 Batch 350/460 | Loss=0.107943 | diff=0.0976 | coarse=0.1293 | 15.0s
  Epoch 37 Batch 400/460 | Loss=0.119943 | diff=0.1101 | coarse=0.1234 | 17.1s
  Epoch 37 Batch 450/460 | Loss=0.093373 | diff=0.0840 | coarse=0.1175 | 19.3s
  Epoch 37 Batch 460/460 | Loss=0.039675 | diff=0.0363 | coarse=0.0418 | 19.7s
Epoch 37/120 | Loss=0.112572 | Val RMSE=13.4783 | Val MAE=10.2196 | Val MAPE=44.06% | LR=5.75e-04 | 29.9s
[INFO] start epoch 38/120
  Epoch 38 Batch 50/460 | Loss=0.102882 | diff=0.0942 | coarse=0.1084 | 2.1s
  Epoch 38 Batch 100/460 | Loss=0.117891 | diff=0.1088 | coarse=0.1141 | 4.3s
  Epoch 38 Batch 150/460 | Loss=0.112692 | diff=0.1029 | coarse=0.1226 | 6.4s
  Epoch 38 Batch 200/460 | Loss=0.105397 | diff=0.0975 | coarse=0.0988 | 8.6s
  Epoch 38 Batch 250/460 | Loss=0.126454 | diff=0.1160 | coarse=0.1309 | 10.8s
  Epoch 38 Batch 300/460 | Loss=0.111778 | diff=0.1032 | coarse=0.1069 | 13.0s
  Epoch 38 Batch 350/460 | Loss=0.102969 | diff=0.0930 | coarse=0.1246 | 15.1s
  Epoch 38 Batch 400/460 | Loss=0.102453 | diff=0.0937 | coarse=0.1091 | 17.3s
  Epoch 38 Batch 450/460 | Loss=0.108223 | diff=0.1000 | coarse=0.1028 | 19.5s
  Epoch 38 Batch 460/460 | Loss=0.037070 | diff=0.0342 | coarse=0.0353 | 20.0s
Epoch 38/120 | Loss=0.115207 | Val RMSE=13.0813 | Val MAE=9.8442 | Val MAPE=42.25% | LR=5.67e-04 | 30.1s
[INFO] start epoch 39/120
  Epoch 39 Batch 50/460 | Loss=0.102342 | diff=0.0937 | coarse=0.1082 | 2.1s
  Epoch 39 Batch 100/460 | Loss=0.102146 | diff=0.0938 | coarse=0.1049 | 4.3s
  Epoch 39 Batch 150/460 | Loss=0.121212 | diff=0.1109 | coarse=0.1291 | 6.6s
  Epoch 39 Batch 200/460 | Loss=0.101473 | diff=0.0928 | coarse=0.1082 | 8.9s
  Epoch 39 Batch 250/460 | Loss=0.154035 | diff=0.1395 | coarse=0.1815 | 11.2s
  Epoch 39 Batch 300/460 | Loss=0.109163 | diff=0.1004 | coarse=0.1100 | 13.5s
  Epoch 39 Batch 350/460 | Loss=0.099380 | diff=0.0910 | coarse=0.1046 | 15.9s
  Epoch 39 Batch 400/460 | Loss=0.108855 | diff=0.0986 | coarse=0.1278 | 18.2s
  Epoch 39 Batch 450/460 | Loss=0.109103 | diff=0.1009 | coarse=0.1027 | 20.5s
  Epoch 39 Batch 460/460 | Loss=0.041713 | diff=0.0385 | coarse=0.0402 | 21.0s
Epoch 39/120 | Loss=0.115316 | Val RMSE=12.8750 | Val MAE=9.5589 | Val MAPE=40.57% | LR=5.60e-04 | 31.2s
[INFO] start epoch 40/120
  Epoch 40 Batch 50/460 | Loss=0.104930 | diff=0.0962 | coarse=0.1096 | 2.1s
  Epoch 40 Batch 100/460 | Loss=0.100681 | diff=0.0921 | coarse=0.1069 | 4.3s
  Epoch 40 Batch 150/460 | Loss=0.115867 | diff=0.1058 | coarse=0.1259 | 6.4s
  Epoch 40 Batch 200/460 | Loss=0.097452 | diff=0.0880 | coarse=0.1178 | 8.6s
  Epoch 40 Batch 250/460 | Loss=0.143542 | diff=0.1304 | coarse=0.1645 | 10.8s
  Epoch 40 Batch 300/460 | Loss=0.104911 | diff=0.0964 | coarse=0.1065 | 13.0s
  Epoch 40 Batch 350/460 | Loss=0.104717 | diff=0.0964 | coarse=0.1044 | 15.1s
  Epoch 40 Batch 400/460 | Loss=0.111724 | diff=0.0996 | coarse=0.1512 | 17.3s
  Epoch 40 Batch 450/460 | Loss=0.102210 | diff=0.0937 | coarse=0.1059 | 19.5s
  Epoch 40 Batch 460/460 | Loss=0.038145 | diff=0.0352 | coarse=0.0374 | 19.9s
Epoch 40/120 | Loss=0.113720 | Val RMSE=12.6416 | Val MAE=9.3194 | Val MAPE=39.08% | LR=5.52e-04 | 30.1s
  [BEST] epoch=40, val_rmse=12.6416
[INFO] start epoch 41/120
  Epoch 41 Batch 50/460 | Loss=0.113353 | diff=0.1025 | coarse=0.1352 | 2.1s
  Epoch 41 Batch 100/460 | Loss=0.102431 | diff=0.0939 | coarse=0.1065 | 4.3s
  Epoch 41 Batch 150/460 | Loss=0.143431 | diff=0.1323 | coarse=0.1394 | 6.5s
  Epoch 41 Batch 200/460 | Loss=0.094975 | diff=0.0853 | coarse=0.1209 | 8.6s
  Epoch 41 Batch 250/460 | Loss=0.126828 | diff=0.1137 | coarse=0.1640 | 10.8s
  Epoch 41 Batch 300/460 | Loss=0.105585 | diff=0.0968 | coarse=0.1093 | 13.0s
  Epoch 41 Batch 350/460 | Loss=0.114274 | diff=0.1066 | coarse=0.0955 | 15.2s
  Epoch 41 Batch 400/460 | Loss=0.109892 | diff=0.0981 | coarse=0.1476 | 17.4s
  Epoch 41 Batch 450/460 | Loss=0.094027 | diff=0.0863 | coarse=0.0962 | 19.6s
  Epoch 41 Batch 460/460 | Loss=0.037717 | diff=0.0348 | coarse=0.0364 | 20.0s
Epoch 41/120 | Loss=0.113254 | Val RMSE=12.4494 | Val MAE=9.1272 | Val MAPE=37.76% | LR=5.44e-04 | 30.2s
  [BEST] epoch=41, val_rmse=12.4494
[INFO] start epoch 42/120
  Epoch 42 Batch 50/460 | Loss=0.108670 | diff=0.0982 | coarse=0.1314 | 2.1s
  Epoch 42 Batch 100/460 | Loss=0.098796 | diff=0.0908 | coarse=0.1003 | 4.2s
  Epoch 42 Batch 150/460 | Loss=0.120441 | diff=0.1094 | coarse=0.1382 | 6.4s
  Epoch 42 Batch 200/460 | Loss=0.094670 | diff=0.0842 | coarse=0.1311 | 8.6s
  Epoch 42 Batch 250/460 | Loss=0.125373 | diff=0.1151 | coarse=0.1290 | 10.9s
  Epoch 42 Batch 300/460 | Loss=0.114317 | diff=0.1051 | coarse=0.1150 | 13.2s
  Epoch 42 Batch 350/460 | Loss=0.104503 | diff=0.0968 | coarse=0.0958 | 15.6s
  [WARN] skip non-finite grad at epoch 42 batch 375
  Epoch 42 Batch 400/460 | Loss=0.103567 | diff=0.0950 | coarse=0.1075 | 17.9s
  Epoch 42 Batch 450/460 | Loss=0.082542 | diff=0.0755 | coarse=0.0882 | 20.2s
  Epoch 42 Batch 460/460 | Loss=0.037145 | diff=0.0342 | coarse=0.0368 | 20.6s
Epoch 42/120 | Loss=0.108285 | Val RMSE=12.4295 | Val MAE=9.0275 | Val MAPE=37.16% | LR=5.36e-04 | 30.8s
  [BEST] epoch=42, val_rmse=12.4295
[INFO] start epoch 43/120
  Epoch 43 Batch 50/460 | Loss=0.105370 | diff=0.0965 | coarse=0.1107 | 2.1s
  Epoch 43 Batch 100/460 | Loss=0.100149 | diff=0.0917 | coarse=0.1050 | 4.2s
  Epoch 43 Batch 150/460 | Loss=0.110547 | diff=0.1001 | coarse=0.1311 | 6.4s
  Epoch 43 Batch 200/460 | Loss=0.089742 | diff=0.0800 | coarse=0.1221 | 8.5s
  Epoch 43 Batch 250/460 | Loss=0.121518 | diff=0.1122 | coarse=0.1171 | 10.7s
  Epoch 43 Batch 300/460 | Loss=0.117435 | diff=0.1076 | coarse=0.1225 | 12.8s
  Epoch 43 Batch 350/460 | Loss=0.095554 | diff=0.0880 | coarse=0.0942 | 15.0s
  Epoch 43 Batch 400/460 | Loss=0.098906 | diff=0.0907 | coarse=0.1029 | 17.2s
  Epoch 43 Batch 450/460 | Loss=0.079301 | diff=0.0724 | coarse=0.0863 | 19.3s
  Epoch 43 Batch 460/460 | Loss=0.038458 | diff=0.0355 | coarse=0.0367 | 19.8s
Epoch 43/120 | Loss=0.104976 | Val RMSE=12.3949 | Val MAE=8.8696 | Val MAPE=36.31% | LR=5.28e-04 | 29.9s
  [BEST] epoch=43, val_rmse=12.3949
[INFO] start epoch 44/120
  Epoch 44 Batch 50/460 | Loss=0.104994 | diff=0.0968 | coarse=0.1022 | 2.1s
  Epoch 44 Batch 100/460 | Loss=0.101097 | diff=0.0921 | coarse=0.1120 | 4.3s
  Epoch 44 Batch 150/460 | Loss=0.107588 | diff=0.0981 | coarse=0.1186 | 6.5s
  Epoch 44 Batch 200/460 | Loss=0.085651 | diff=0.0769 | coarse=0.1092 | 8.7s
  Epoch 44 Batch 250/460 | Loss=0.126375 | diff=0.1180 | coarse=0.1052 | 10.8s
  Epoch 44 Batch 300/460 | Loss=0.114306 | diff=0.1040 | coarse=0.1284 | 13.0s
  Epoch 44 Batch 350/460 | Loss=0.100323 | diff=0.0928 | coarse=0.0946 | 15.2s
  Epoch 44 Batch 400/460 | Loss=0.116631 | diff=0.1084 | coarse=0.1032 | 17.4s
  Epoch 44 Batch 450/460 | Loss=0.082023 | diff=0.0738 | coarse=0.1029 | 19.6s
  Epoch 44 Batch 460/460 | Loss=0.045648 | diff=0.0427 | coarse=0.0363 | 20.0s
Epoch 44/120 | Loss=0.103573 | Val RMSE=12.6851 | Val MAE=9.1555 | Val MAPE=37.85% | LR=5.19e-04 | 30.2s
[INFO] start epoch 45/120
  Epoch 45 Batch 50/460 | Loss=0.107094 | diff=0.0983 | coarse=0.1097 | 2.1s
  Epoch 45 Batch 100/460 | Loss=0.104075 | diff=0.0947 | coarse=0.1173 | 4.3s
  Epoch 45 Batch 150/460 | Loss=0.104434 | diff=0.0954 | coarse=0.1135 | 6.4s
  Epoch 45 Batch 200/460 | Loss=0.088140 | diff=0.0801 | coarse=0.1004 | 8.6s
  Epoch 45 Batch 250/460 | Loss=0.112394 | diff=0.1038 | coarse=0.1070 | 10.8s
  Epoch 45 Batch 300/460 | Loss=0.110233 | diff=0.1013 | coarse=0.1113 | 13.1s
  Epoch 45 Batch 350/460 | Loss=0.094760 | diff=0.0872 | coarse=0.0942 | 15.4s
  Epoch 45 Batch 400/460 | Loss=0.108318 | diff=0.0998 | coarse=0.1060 | 17.8s
  Epoch 45 Batch 450/460 | Loss=0.087172 | diff=0.0784 | coarse=0.1094 | 20.1s
  Epoch 45 Batch 460/460 | Loss=0.046849 | diff=0.0437 | coarse=0.0389 | 20.6s
Epoch 45/120 | Loss=0.101307 | Val RMSE=12.9945 | Val MAE=9.4590 | Val MAPE=40.01% | LR=5.11e-04 | 30.6s
[INFO] start epoch 46/120
  Epoch 46 Batch 50/460 | Loss=0.100203 | diff=0.0917 | coarse=0.1060 | 2.1s
  Epoch 46 Batch 100/460 | Loss=0.100748 | diff=0.0914 | coarse=0.1167 | 4.2s
  Epoch 46 Batch 150/460 | Loss=0.106546 | diff=0.0975 | coarse=0.1127 | 6.4s
  Epoch 46 Batch 200/460 | Loss=0.091927 | diff=0.0844 | coarse=0.0935 | 8.6s
  Epoch 46 Batch 250/460 | Loss=0.105401 | diff=0.0969 | coarse=0.1062 | 10.8s
  Epoch 46 Batch 300/460 | Loss=0.103176 | diff=0.0951 | coarse=0.1014 | 13.0s
  Epoch 46 Batch 350/460 | Loss=0.093829 | diff=0.0860 | coarse=0.0980 | 15.3s
  Epoch 46 Batch 400/460 | Loss=0.107627 | diff=0.0992 | coarse=0.1048 | 17.7s
  Epoch 46 Batch 450/460 | Loss=0.089930 | diff=0.0824 | coarse=0.0942 | 20.0s
  Epoch 46 Batch 460/460 | Loss=0.038450 | diff=0.0355 | coarse=0.0373 | 20.5s
Epoch 46/120 | Loss=0.098796 | Val RMSE=12.8698 | Val MAE=9.3691 | Val MAPE=39.40% | LR=5.02e-04 | 30.7s
[INFO] start epoch 47/120
  Epoch 47 Batch 50/460 | Loss=0.099773 | diff=0.0914 | coarse=0.1047 | 2.1s
  Epoch 47 Batch 100/460 | Loss=0.101592 | diff=0.0916 | coarse=0.1245 | 4.3s
  Epoch 47 Batch 150/460 | Loss=0.106073 | diff=0.0970 | coarse=0.1130 | 6.4s
  Epoch 47 Batch 200/460 | Loss=0.090827 | diff=0.0835 | coarse=0.0918 | 8.6s
  Epoch 47 Batch 250/460 | Loss=0.104440 | diff=0.0961 | coarse=0.1045 | 10.8s
  Epoch 47 Batch 300/460 | Loss=0.096176 | diff=0.0885 | coarse=0.0958 | 12.9s
  Epoch 47 Batch 350/460 | Loss=0.086387 | diff=0.0792 | coarse=0.0894 | 15.1s
  Epoch 47 Batch 400/460 | Loss=0.100374 | diff=0.0918 | coarse=0.1076 | 17.3s
  [WARN] skip non-finite grad at epoch 47 batch 410
  Epoch 47 Batch 450/460 | Loss=0.085620 | diff=0.0788 | coarse=0.0849 | 19.5s
  Epoch 47 Batch 460/460 | Loss=0.036100 | diff=0.0332 | coarse=0.0360 | 19.9s
Epoch 47/120 | Loss=0.096638 | Val RMSE=12.2967 | Val MAE=8.6593 | Val MAPE=34.90% | LR=4.94e-04 | 30.1s
  [BEST] epoch=47, val_rmse=12.2967
[INFO] start epoch 48/120
  Epoch 48 Batch 50/460 | Loss=0.102628 | diff=0.0945 | coarse=0.1018 | 2.1s
  Epoch 48 Batch 100/460 | Loss=0.094651 | diff=0.0861 | coarse=0.1071 | 4.2s
  Epoch 48 Batch 150/460 | Loss=0.108393 | diff=0.0998 | coarse=0.1072 | 6.4s
  Epoch 48 Batch 200/460 | Loss=0.088321 | diff=0.0809 | coarse=0.0923 | 8.6s
  Epoch 48 Batch 250/460 | Loss=0.096801 | diff=0.0887 | coarse=0.1015 | 10.8s
  Epoch 48 Batch 300/460 | Loss=0.095479 | diff=0.0879 | coarse=0.0951 | 12.9s
  Epoch 48 Batch 350/460 | Loss=0.088474 | diff=0.0816 | coarse=0.0857 | 15.1s
  Epoch 48 Batch 400/460 | Loss=0.091418 | diff=0.0831 | coarse=0.1044 | 17.3s
  Epoch 48 Batch 450/460 | Loss=0.077025 | diff=0.0704 | coarse=0.0830 | 19.4s
  Epoch 48 Batch 460/460 | Loss=0.035287 | diff=0.0324 | coarse=0.0366 | 19.9s
Epoch 48/120 | Loss=0.095602 | Val RMSE=12.3077 | Val MAE=8.6193 | Val MAPE=34.86% | LR=4.85e-04 | 30.0s
[INFO] start epoch 49/120
  Epoch 49 Batch 50/460 | Loss=0.106046 | diff=0.0964 | coarse=0.1211 | 2.1s
  Epoch 49 Batch 100/460 | Loss=0.092755 | diff=0.0848 | coarse=0.0990 | 4.3s
  Epoch 49 Batch 150/460 | Loss=0.108182 | diff=0.0991 | coarse=0.1132 | 6.4s
  Epoch 49 Batch 200/460 | Loss=0.100837 | diff=0.0907 | coarse=0.1266 | 8.6s
  Epoch 49 Batch 250/460 | Loss=0.099339 | diff=0.0913 | coarse=0.1009 | 10.8s
  Epoch 49 Batch 300/460 | Loss=0.088195 | diff=0.0811 | coarse=0.0881 | 13.0s
  Epoch 49 Batch 350/460 | Loss=0.087180 | diff=0.0801 | coarse=0.0882 | 15.1s
  Epoch 49 Batch 400/460 | Loss=0.097579 | diff=0.0896 | coarse=0.0993 | 17.3s
  Epoch 49 Batch 450/460 | Loss=0.079105 | diff=0.0723 | coarse=0.0857 | 19.5s
  Epoch 49 Batch 460/460 | Loss=0.035396 | diff=0.0325 | coarse=0.0359 | 19.9s
Epoch 49/120 | Loss=0.095548 | Val RMSE=12.2681 | Val MAE=8.6194 | Val MAPE=34.36% | LR=4.76e-04 | 30.1s
  [BEST] epoch=49, val_rmse=12.2681
[INFO] start epoch 50/120
  Epoch 50 Batch 50/460 | Loss=0.107881 | diff=0.0983 | coarse=0.1201 | 2.4s
  Epoch 50 Batch 100/460 | Loss=0.095583 | diff=0.0880 | coarse=0.0943 | 4.7s
  Epoch 50 Batch 150/460 | Loss=0.107071 | diff=0.0981 | coarse=0.1122 | 6.9s
  Epoch 50 Batch 200/460 | Loss=0.087875 | diff=0.0768 | coarse=0.1381 | 9.0s
  Epoch 50 Batch 250/460 | Loss=0.095978 | diff=0.0880 | coarse=0.0995 | 11.2s
  Epoch 50 Batch 300/460 | Loss=0.091015 | diff=0.0837 | coarse=0.0914 | 13.4s
  Epoch 50 Batch 350/460 | Loss=0.082966 | diff=0.0762 | coarse=0.0850 | 15.6s
  Epoch 50 Batch 400/460 | Loss=0.094636 | diff=0.0862 | coarse=0.1053 | 17.7s
  Epoch 50 Batch 450/460 | Loss=0.088828 | diff=0.0811 | coarse=0.0962 | 19.9s
  Epoch 50 Batch 460/460 | Loss=0.036209 | diff=0.0333 | coarse=0.0358 | 20.3s
Epoch 50/120 | Loss=0.096270 | Val RMSE=12.5635 | Val MAE=8.9846 | Val MAPE=37.41% | LR=4.67e-04 | 30.5s
[INFO] start epoch 51/120
  Epoch 51 Batch 50/460 | Loss=0.098346 | diff=0.0892 | coarse=0.1148 | 2.1s
  Epoch 51 Batch 100/460 | Loss=0.092240 | diff=0.0846 | coarse=0.0957 | 4.2s
  Epoch 51 Batch 150/460 | Loss=0.113028 | diff=0.1044 | coarse=0.1075 | 6.4s
  Epoch 51 Batch 200/460 | Loss=0.090540 | diff=0.0805 | coarse=0.1251 | 8.6s
  Epoch 51 Batch 250/460 | Loss=0.094801 | diff=0.0869 | coarse=0.0986 | 10.8s
  Epoch 51 Batch 300/460 | Loss=0.085691 | diff=0.0789 | coarse=0.0855 | 13.0s
  Epoch 51 Batch 350/460 | Loss=0.080594 | diff=0.0738 | coarse=0.0844 | 15.1s
  Epoch 51 Batch 400/460 | Loss=0.103831 | diff=0.0948 | coarse=0.1130 | 17.3s
  Epoch 51 Batch 450/460 | Loss=0.086386 | diff=0.0777 | coarse=0.1081 | 19.5s
  Epoch 51 Batch 460/460 | Loss=0.041211 | diff=0.0381 | coarse=0.0384 | 19.9s
Epoch 51/120 | Loss=0.095764 | Val RMSE=12.5766 | Val MAE=9.0354 | Val MAPE=37.91% | LR=4.58e-04 | 30.1s
[INFO] start epoch 52/120
  Epoch 52 Batch 50/460 | Loss=0.097396 | diff=0.0897 | coarse=0.0963 | 2.1s
  Epoch 52 Batch 100/460 | Loss=0.089392 | diff=0.0822 | coarse=0.0902 | 4.3s
  Epoch 52 Batch 150/460 | Loss=0.104726 | diff=0.0962 | coarse=0.1068 | 6.4s
  Epoch 52 Batch 200/460 | Loss=0.086934 | diff=0.0775 | coarse=0.1178 | 8.6s
  [WARN] skip non-finite grad at epoch 52 batch 239
  Epoch 52 Batch 250/460 | Loss=0.092985 | diff=0.0854 | coarse=0.0954 | 10.8s
  Epoch 52 Batch 300/460 | Loss=0.088756 | diff=0.0817 | coarse=0.0876 | 13.0s
  Epoch 52 Batch 350/460 | Loss=0.082011 | diff=0.0755 | coarse=0.0809 | 15.1s
  Epoch 52 Batch 400/460 | Loss=0.087195 | diff=0.0794 | coarse=0.0980 | 17.3s
  Epoch 52 Batch 450/460 | Loss=0.088128 | diff=0.0806 | coarse=0.0940 | 19.5s
  Epoch 52 Batch 460/460 | Loss=0.042126 | diff=0.0393 | coarse=0.0355 | 19.9s
Epoch 52/120 | Loss=0.092994 | Val RMSE=12.7273 | Val MAE=9.1912 | Val MAPE=38.73% | LR=4.49e-04 | 30.2s
[INFO] start epoch 53/120
  Epoch 53 Batch 50/460 | Loss=0.104280 | diff=0.0963 | coarse=0.0994 | 2.1s
  Epoch 53 Batch 100/460 | Loss=0.087945 | diff=0.0802 | coarse=0.0970 | 4.3s
  Epoch 53 Batch 150/460 | Loss=0.099165 | diff=0.0902 | coarse=0.1124 | 6.4s
  Epoch 53 Batch 200/460 | Loss=0.090014 | diff=0.0812 | coarse=0.1107 | 8.6s
  Epoch 53 Batch 250/460 | Loss=0.092915 | diff=0.0852 | coarse=0.0967 | 10.7s
  Epoch 53 Batch 300/460 | Loss=0.084688 | diff=0.0778 | coarse=0.0860 | 12.9s
  Epoch 53 Batch 350/460 | Loss=0.081805 | diff=0.0752 | coarse=0.0826 | 15.1s
  Epoch 53 Batch 400/460 | Loss=0.085215 | diff=0.0766 | coarse=0.1081 | 17.3s
  Epoch 53 Batch 450/460 | Loss=0.076493 | diff=0.0702 | coarse=0.0788 | 19.4s
  Epoch 53 Batch 460/460 | Loss=0.043120 | diff=0.0406 | coarse=0.0309 | 19.9s
Epoch 53/120 | Loss=0.091187 | Val RMSE=12.7329 | Val MAE=9.1111 | Val MAPE=37.89% | LR=4.40e-04 | 30.1s
[INFO] start epoch 54/120
  Epoch 54 Batch 50/460 | Loss=0.092591 | diff=0.0852 | coarse=0.0927 | 2.1s
  Epoch 54 Batch 100/460 | Loss=0.096772 | diff=0.0884 | coarse=0.1052 | 4.3s
  Epoch 54 Batch 150/460 | Loss=0.098988 | diff=0.0899 | coarse=0.1136 | 6.4s
  Epoch 54 Batch 200/460 | Loss=0.085523 | diff=0.0762 | coarse=0.1167 | 8.6s
  Epoch 54 Batch 250/460 | Loss=0.093501 | diff=0.0859 | coarse=0.0955 | 10.8s
  Epoch 54 Batch 300/460 | Loss=0.080345 | diff=0.0737 | coarse=0.0831 | 13.0s
  Epoch 54 Batch 350/460 | Loss=0.086117 | diff=0.0797 | coarse=0.0807 | 15.2s
  Epoch 54 Batch 400/460 | Loss=0.082074 | diff=0.0747 | coarse=0.0927 | 17.4s
  Epoch 54 Batch 450/460 | Loss=0.074379 | diff=0.0681 | coarse=0.0788 | 19.5s
  Epoch 54 Batch 460/460 | Loss=0.047905 | diff=0.0452 | coarse=0.0342 | 20.0s
Epoch 54/120 | Loss=0.089070 | Val RMSE=12.8093 | Val MAE=9.1718 | Val MAPE=37.92% | LR=4.31e-04 | 30.2s
[INFO] start epoch 55/120
  Epoch 55 Batch 50/460 | Loss=0.095527 | diff=0.0878 | coarse=0.0963 | 3.2s
  Epoch 55 Batch 100/460 | Loss=0.092770 | diff=0.0855 | coarse=0.0908 | 6.5s
  Epoch 55 Batch 150/460 | Loss=0.100318 | diff=0.0923 | coarse=0.0999 | 10.0s
  Epoch 55 Batch 200/460 | Loss=0.082853 | diff=0.0745 | coarse=0.1041 | 13.3s
  Epoch 55 Batch 250/460 | Loss=0.099947 | diff=0.0918 | coarse=0.1024 | 16.7s
  Epoch 55 Batch 300/460 | Loss=0.082262 | diff=0.0755 | coarse=0.0842 | 20.1s
  Epoch 55 Batch 350/460 | Loss=0.081436 | diff=0.0745 | coarse=0.0868 | 23.5s
  Epoch 55 Batch 400/460 | Loss=0.084767 | diff=0.0775 | coarse=0.0905 | 26.8s
  Epoch 55 Batch 450/460 | Loss=0.073152 | diff=0.0669 | coarse=0.0783 | 30.3s
  Epoch 55 Batch 460/460 | Loss=0.044011 | diff=0.0412 | coarse=0.0349 | 30.9s
Epoch 55/120 | Loss=0.088326 | Val RMSE=13.1234 | Val MAE=9.3074 | Val MAPE=39.13% | LR=4.21e-04 | 42.4s
[INFO] start epoch 56/120
  Epoch 56 Batch 50/460 | Loss=0.094204 | diff=0.0854 | coarse=0.1104 | 3.3s
  Epoch 56 Batch 100/460 | Loss=0.085982 | diff=0.0787 | coarse=0.0906 | 6.6s
  Epoch 56 Batch 150/460 | Loss=0.100299 | diff=0.0920 | coarse=0.1041 | 10.0s
  Epoch 56 Batch 200/460 | Loss=0.081284 | diff=0.0736 | coarse=0.0958 | 12.7s
  Epoch 56 Batch 250/460 | Loss=0.095956 | diff=0.0871 | coarse=0.1106 | 15.3s
  Epoch 56 Batch 300/460 | Loss=0.086574 | diff=0.0791 | coarse=0.0935 | 17.8s
  Epoch 56 Batch 350/460 | Loss=0.086800 | diff=0.0783 | coarse=0.1061 | 20.1s
  Epoch 56 Batch 400/460 | Loss=0.089801 | diff=0.0826 | coarse=0.0899 | 22.5s
  Epoch 56 Batch 450/460 | Loss=0.072034 | diff=0.0659 | coarse=0.0768 | 24.8s
  Epoch 56 Batch 460/460 | Loss=0.034298 | diff=0.0319 | coarse=0.0298 | 25.3s
Epoch 56/120 | Loss=0.088725 | Val RMSE=12.5524 | Val MAE=8.7500 | Val MAPE=36.20% | LR=4.12e-04 | 35.4s
[INFO] start epoch 57/120
  Epoch 57 Batch 50/460 | Loss=0.094616 | diff=0.0840 | coarse=0.1333 | 2.1s
  [WARN] skip non-finite grad at epoch 57 batch 53
  Epoch 57 Batch 100/460 | Loss=0.100584 | diff=0.0932 | coarse=0.0919 | 4.2s
  Epoch 57 Batch 150/460 | Loss=0.101530 | diff=0.0933 | coarse=0.1032 | 6.4s
  Epoch 57 Batch 200/460 | Loss=0.083235 | diff=0.0756 | coarse=0.0959 | 8.5s
  Epoch 57 Batch 250/460 | Loss=0.094753 | diff=0.0867 | coarse=0.1009 | 10.7s
  Epoch 57 Batch 300/460 | Loss=0.092332 | diff=0.0849 | coarse=0.0929 | 12.9s
  Epoch 57 Batch 350/460 | Loss=0.078620 | diff=0.0721 | coarse=0.0811 | 15.0s
  Epoch 57 Batch 400/460 | Loss=0.080911 | diff=0.0739 | coarse=0.0881 | 17.2s
  Epoch 57 Batch 450/460 | Loss=0.072010 | diff=0.0658 | coarse=0.0770 | 19.4s
  Epoch 57 Batch 460/460 | Loss=0.034776 | diff=0.0324 | coarse=0.0292 | 19.8s
Epoch 57/120 | Loss=0.088844 | Val RMSE=12.4688 | Val MAE=8.7181 | Val MAPE=36.08% | LR=4.02e-04 | 30.0s
[INFO] start epoch 58/120
  Epoch 58 Batch 50/460 | Loss=0.108923 | diff=0.0980 | coarse=0.1363 | 2.1s
  Epoch 58 Batch 100/460 | Loss=0.088946 | diff=0.0816 | coarse=0.0920 | 4.2s
  Epoch 58 Batch 150/460 | Loss=0.095656 | diff=0.0875 | coarse=0.1016 | 6.4s
  Epoch 58 Batch 200/460 | Loss=0.089685 | diff=0.0823 | coarse=0.0924 | 8.5s
  Epoch 58 Batch 250/460 | Loss=0.096983 | diff=0.0890 | coarse=0.0998 | 10.7s
  Epoch 58 Batch 300/460 | Loss=0.090825 | diff=0.0836 | coarse=0.0908 | 12.8s
  Epoch 58 Batch 350/460 | Loss=0.094712 | diff=0.0883 | coarse=0.0803 | 15.0s
  Epoch 58 Batch 400/460 | Loss=0.085592 | diff=0.0785 | coarse=0.0888 | 17.2s
  Epoch 58 Batch 450/460 | Loss=0.072141 | diff=0.0659 | coarse=0.0784 | 19.3s
  Epoch 58 Batch 460/460 | Loss=0.040402 | diff=0.0381 | coarse=0.0283 | 19.8s
Epoch 58/120 | Loss=0.091217 | Val RMSE=12.7647 | Val MAE=8.9610 | Val MAPE=37.41% | LR=3.93e-04 | 29.9s
[INFO] start epoch 59/120
  Epoch 59 Batch 50/460 | Loss=0.112439 | diff=0.1032 | coarse=0.1152 | 2.1s
  Epoch 59 Batch 100/460 | Loss=0.085582 | diff=0.0781 | coarse=0.0937 | 4.2s
  Epoch 59 Batch 150/460 | Loss=0.098831 | diff=0.0906 | coarse=0.1027 | 6.4s
  Epoch 59 Batch 200/460 | Loss=0.082672 | diff=0.0756 | coarse=0.0880 | 8.5s
  Epoch 59 Batch 250/460 | Loss=0.089887 | diff=0.0824 | coarse=0.0940 | 10.7s
  Epoch 59 Batch 300/460 | Loss=0.085946 | diff=0.0778 | coarse=0.1017 | 12.8s
  Epoch 59 Batch 350/460 | Loss=0.079821 | diff=0.0733 | coarse=0.0813 | 15.0s
  Epoch 59 Batch 400/460 | Loss=0.081712 | diff=0.0748 | coarse=0.0860 | 17.2s
  Epoch 59 Batch 450/460 | Loss=0.072446 | diff=0.0660 | coarse=0.0800 | 19.3s
  Epoch 59 Batch 460/460 | Loss=0.035872 | diff=0.0336 | coarse=0.0287 | 19.8s
Epoch 59/120 | Loss=0.089967 | Val RMSE=13.1948 | Val MAE=9.3306 | Val MAPE=39.29% | LR=3.83e-04 | 29.9s
[INFO] start epoch 60/120
  Epoch 60 Batch 50/460 | Loss=0.110323 | diff=0.1027 | coarse=0.0959 | 2.1s
  Epoch 60 Batch 100/460 | Loss=0.089328 | diff=0.0813 | coarse=0.0997 | 4.2s
  Epoch 60 Batch 150/460 | Loss=0.103247 | diff=0.0945 | coarse=0.1087 | 6.4s
  Epoch 60 Batch 200/460 | Loss=0.086147 | diff=0.0790 | coarse=0.0889 | 8.5s
  Epoch 60 Batch 250/460 | Loss=0.088562 | diff=0.0811 | coarse=0.0929 | 10.7s
  Epoch 60 Batch 300/460 | Loss=0.082522 | diff=0.0754 | coarse=0.0884 | 12.8s
  Epoch 60 Batch 350/460 | Loss=0.076956 | diff=0.0704 | coarse=0.0825 | 15.0s
  Epoch 60 Batch 400/460 | Loss=0.077579 | diff=0.0702 | coarse=0.0918 | 17.1s
  Epoch 60 Batch 450/460 | Loss=0.071581 | diff=0.0654 | coarse=0.0773 | 19.3s
  Epoch 60 Batch 460/460 | Loss=0.034478 | diff=0.0322 | coarse=0.0287 | 19.7s
Epoch 60/120 | Loss=0.087879 | Val RMSE=13.1563 | Val MAE=9.3105 | Val MAPE=39.29% | LR=3.74e-04 | 29.8s
[INFO] start epoch 61/120
  Epoch 61 Batch 50/460 | Loss=0.094558 | diff=0.0873 | coarse=0.0910 | 2.1s
  Epoch 61 Batch 100/460 | Loss=0.086984 | diff=0.0789 | coarse=0.1004 | 4.2s
  Epoch 61 Batch 150/460 | Loss=0.108618 | diff=0.0987 | coarse=0.1238 | 6.4s
  Epoch 61 Batch 200/460 | Loss=0.089062 | diff=0.0821 | coarse=0.0869 | 8.5s
  Epoch 61 Batch 250/460 | Loss=0.098973 | diff=0.0905 | coarse=0.1064 | 10.6s
  Epoch 61 Batch 300/460 | Loss=0.083150 | diff=0.0757 | coarse=0.0931 | 12.8s
  Epoch 61 Batch 350/460 | Loss=0.076127 | diff=0.0694 | coarse=0.0847 | 14.9s
  Epoch 61 Batch 400/460 | Loss=0.078344 | diff=0.0708 | coarse=0.0942 | 17.1s
  [WARN] skip non-finite grad at epoch 61 batch 437
  Epoch 61 Batch 450/460 | Loss=0.106282 | diff=0.0997 | coarse=0.0827 | 19.2s
  Epoch 61 Batch 460/460 | Loss=0.060248 | diff=0.0573 | coarse=0.0364 | 19.6s
Epoch 61/120 | Loss=0.087017 | Val RMSE=13.3066 | Val MAE=9.4243 | Val MAPE=39.77% | LR=3.64e-04 | 29.7s
[INFO] start epoch 62/120
  Epoch 62 Batch 50/460 | Loss=0.086141 | diff=0.0790 | coarse=0.0889 | 2.1s
  Epoch 62 Batch 100/460 | Loss=0.084531 | diff=0.0764 | coarse=0.1015 | 4.2s
  Epoch 62 Batch 150/460 | Loss=0.108161 | diff=0.0993 | coarse=0.1106 | 6.4s
  Epoch 62 Batch 200/460 | Loss=0.082403 | diff=0.0756 | coarse=0.0856 | 8.5s
  Epoch 62 Batch 250/460 | Loss=0.103510 | diff=0.0937 | coarse=0.1224 | 10.6s
  Epoch 62 Batch 300/460 | Loss=0.086197 | diff=0.0791 | coarse=0.0889 | 12.8s
  Epoch 62 Batch 350/460 | Loss=0.079139 | diff=0.0723 | coarse=0.0854 | 14.9s
  Epoch 62 Batch 400/460 | Loss=0.079343 | diff=0.0725 | coarse=0.0851 | 17.1s
  Epoch 62 Batch 450/460 | Loss=0.098195 | diff=0.0910 | coarse=0.0901 | 19.2s
  Epoch 62 Batch 460/460 | Loss=0.050259 | diff=0.0470 | coarse=0.0404 | 19.6s
Epoch 62/120 | Loss=0.086908 | Val RMSE=13.6305 | Val MAE=9.8064 | Val MAPE=42.01% | LR=3.55e-04 | 29.7s
[INFO] start epoch 63/120
  Epoch 63 Batch 50/460 | Loss=0.086977 | diff=0.0798 | coarse=0.0891 | 2.1s
  Epoch 63 Batch 100/460 | Loss=0.088433 | diff=0.0809 | coarse=0.0941 | 4.2s
  Epoch 63 Batch 150/460 | Loss=0.095567 | diff=0.0876 | coarse=0.0991 | 6.4s
  Epoch 63 Batch 200/460 | Loss=0.087522 | diff=0.0807 | coarse=0.0853 | 8.5s
  Epoch 63 Batch 250/460 | Loss=0.097032 | diff=0.0880 | coarse=0.1128 | 10.8s
  Epoch 63 Batch 300/460 | Loss=0.079289 | diff=0.0727 | coarse=0.0818 | 13.1s
  Epoch 63 Batch 350/460 | Loss=0.079559 | diff=0.0722 | coarse=0.0917 | 15.4s
  Epoch 63 Batch 400/460 | Loss=0.076952 | diff=0.0702 | coarse=0.0844 | 17.7s
  Epoch 63 Batch 450/460 | Loss=0.083525 | diff=0.0762 | coarse=0.0918 | 20.0s
  Epoch 63 Batch 460/460 | Loss=0.032434 | diff=0.0296 | coarse=0.0351 | 20.4s
Epoch 63/120 | Loss=0.086375 | Val RMSE=13.0260 | Val MAE=9.3505 | Val MAPE=40.19% | LR=3.45e-04 | 30.5s
[INFO] start epoch 64/120
  Epoch 64 Batch 50/460 | Loss=0.085482 | diff=0.0783 | coarse=0.0897 | 2.1s
  Epoch 64 Batch 100/460 | Loss=0.094409 | diff=0.0875 | coarse=0.0862 | 4.2s
  Epoch 64 Batch 150/460 | Loss=0.091401 | diff=0.0835 | coarse=0.0982 | 6.3s
  Epoch 64 Batch 200/460 | Loss=0.084786 | diff=0.0777 | coarse=0.0885 | 8.5s
  Epoch 64 Batch 250/460 | Loss=0.094487 | diff=0.0864 | coarse=0.1009 | 10.8s
  Epoch 64 Batch 300/460 | Loss=0.080955 | diff=0.0744 | coarse=0.0813 | 13.1s
  Epoch 64 Batch 350/460 | Loss=0.080886 | diff=0.0732 | coarse=0.0956 | 15.4s
  Epoch 64 Batch 400/460 | Loss=0.076206 | diff=0.0696 | coarse=0.0828 | 17.7s
  Epoch 64 Batch 450/460 | Loss=0.068591 | diff=0.0621 | coarse=0.0816 | 19.9s
  Epoch 64 Batch 460/460 | Loss=0.027318 | diff=0.0248 | coarse=0.0319 | 20.4s
Epoch 64/120 | Loss=0.084326 | Val RMSE=12.5516 | Val MAE=8.8510 | Val MAPE=36.97% | LR=3.36e-04 | 30.5s
[EARLY STOP] patience=15, best_val_rmse=12.2681 at epoch 49
[INFO] PE-DiffWaveNet noleak training finished
{
  "split_mode": "noleak",
  "model_name": "PE-DiffWaveNet",
  "best_epoch": 49,
  "best_valid_rmse": 12.268128953472038,
  "best_valid_mae": 8.619397663040102,
  "best_valid_mape": 34.36295272294226,
  "test_rmse": 11.240200308234002,
  "test_mae": 7.90931254028974,
  "test_mape": 31.89117228152789,
  "relative_rmse": 2.741512270300976,
  "relative_mae": 1.9291006195828635,
  "train_scale_max": 410.0,
  "world_size": 1,
  "eval_inference_steps": 50,
  "eval_num_samples": 3,
  "eval_t_start_ratio": 0.25,
  "use_diffusion": 1,
  "use_pe_graph": 1,
  "use_pe_film": 1,
  "pe_source": "train",
  "pe_graph_alpha": 1.0,
  "pe_film_scale": 1.0,
  "pe_film_zero_init": 0,
  "normalize_pe_features": 1,
  "pe_shuffle_seed": -1,
  "pe_adaptive_loss": 0,
  "pe_loss_weight": 0.15,
  "pe_loss_start_step": 4,
  "pe_loss_normalize": 1,
  "per_step_rmse": [
    6.691197547638,
    9.259888488044178,
    10.942457376796092,
    12.067270847931384,
    12.980860493234257,
    13.916746030508309
  ],
  "per_step_mae": [
    4.770987667284587,
    6.626229895007773,
    7.911489750312759,
    8.703026852943566,
    9.364647215930612,
    10.07949386025915
  ],
  "step4_6_rmse_avg": 12.98829245722465,
  "peak_mode": "percentile",
  "peak_threshold": 65.99999815225601,
  "peak_count": 36556,
  "peak_ratio": 0.1000520020800832,
  "rmse_peak": 14.154732650364165,
  "mae_peak": 9.753682523207296
}
  Peak_mode      : percentile
  Peak_threshold : 66.00 μg/m³
  Peak_count     : 36556
  Peak_ratio     : 10.01%
  RMSE_peak      : 14.1547
  MAE_peak       : 9.7537
Per-step metrics:
  Step        RMSE         MAE
     1      6.6912      4.7710
     2      9.2599      6.6262
     3     10.9425      7.9115
     4     12.0673      8.7030
     5     12.9809      9.3646
     6     13.9167     10.0795
[INFO] outputs: /home/cl/ozone-forecast/matrix_N95_PEDiffWaveNet_noleak_g3_pedw_p6_l24_s42
[INFO] weights: /home/cl/ozone-forecast/weights_N95/weights_pediffwavenet_noleak_g3_pedw_p6_l24_s42
