[INFO] PE-DiffWaveNet noleak training
[INFO] device=cuda, world_size=1
[INFO] output_dir=/home/cl/ozone-forecast/matrix_N95_PEDiffWaveNet_noleak_g3_pedw_p6_l24_s62
[INFO] clean_room=1, pe_source=train, use_pe_graph=1, use_pe_film=1, use_diffusion=1, pe_graph_alpha=1.0, pe_film_scale=1.0, pe_film_zero_init=0, pe_shuffle_seed=-1, pe_adaptive_loss=0, pe_loss_weight=0.15
[INFO] loading meteorological data...
[INFO] loading met cache: /home/cl/ozone-forecast/matrix_N95/met_raw_aligned_cache.npz
[INFO] trainX=(7349, 24, 95, 15), trainY=(7349, 6, 95)
[INFO] validX=(640, 24, 95, 15), validY=(640, 6, 95)
[INFO] testX=(641, 24, 95, 15), testY=(641, 6, 95)
[INFO] train-only PE time range: {'start_idx': 0, 'end_idx': 7377, 'start_time': '2022-01-01 00:00:00', 'end_time': '2022-11-05 23:00:00', 'length': 7378}
[INFO] building PE features: nodes=95, scales=[6, 9, 12, 24, 48, 72], step=1
[INFO] PE feature progress: 20/95
[INFO] PE feature progress: 40/95
[INFO] PE feature progress: 60/95
[INFO] PE feature progress: 80/95
[INFO] PE feature progress: 95/95
[INFO] building PE features: nodes=95, scales=[6, 9, 12, 24, 48, 72], step=1
[INFO] PE feature progress: 20/95
[INFO] PE feature progress: 40/95
[INFO] PE feature progress: 60/95
[INFO] PE feature progress: 80/95
[INFO] PE feature progress: 95/95
[INFO] graph nnz: S=691, T=1570, PE=2293
[INFO] train batches/epoch=460, effective_batch=16
[INFO] model_params=621635
/home/cl/ozone-forecast/code/train_pediffwavenet_noleak.py:410: FutureWarning: `torch.cuda.amp.GradScaler(args...)` is deprecated. Please use `torch.amp.GradScaler('cuda', args...)` instead.
  scaler = torch.cuda.amp.GradScaler(enabled=use_amp)
[INFO] start epoch 1/120
  [WARN] skip non-finite grad at epoch 1 batch 1
  [WARN] skip non-finite grad at epoch 1 batch 2
  [WARN] skip non-finite grad at epoch 1 batch 3
  [WARN] skip non-finite grad at epoch 1 batch 4
  Epoch 1 Batch 50/460 | Loss=4.270039 | diff=3.9263 | coarse=4.2966 | 2.8s
  Epoch 1 Batch 100/460 | Loss=0.908977 | diff=0.8327 | coarse=0.9535 | 4.9s
  Epoch 1 Batch 150/460 | Loss=0.508321 | diff=0.4617 | coarse=0.5828 | 6.9s
  Epoch 1 Batch 200/460 | Loss=0.407086 | diff=0.3670 | coarse=0.5005 | 9.0s
  Epoch 1 Batch 250/460 | Loss=0.346694 | diff=0.3195 | coarse=0.3400 | 11.0s
  Epoch 1 Batch 300/460 | Loss=0.294177 | diff=0.2695 | coarse=0.3088 | 13.1s
  Epoch 1 Batch 350/460 | Loss=0.243512 | diff=0.2230 | coarse=0.2560 | 15.1s
  Epoch 1 Batch 400/460 | Loss=0.246146 | diff=0.2269 | coarse=0.2401 | 17.2s
  Epoch 1 Batch 450/460 | Loss=0.529025 | diff=0.4868 | coarse=0.5273 | 19.2s
  Epoch 1 Batch 460/460 | Loss=0.157201 | diff=0.1485 | coarse=0.1091 | 19.7s
Epoch 1/120 | Loss=1.239628 | Val RMSE=122.4082 | Val MAE=118.8420 | Val MAPE=544.16% | LR=2.80e-04 | 29.6s
  [BEST] epoch=1, val_rmse=122.4082
[INFO] start epoch 2/120
  Epoch 2 Batch 50/460 | Loss=0.807612 | diff=0.7532 | coarse=0.6797 | 2.0s
  Epoch 2 Batch 100/460 | Loss=0.259843 | diff=0.2406 | coarse=0.2404 | 4.2s
  Epoch 2 Batch 150/460 | Loss=0.257049 | diff=0.2332 | coarse=0.2987 | 6.4s
  Epoch 2 Batch 200/460 | Loss=0.234569 | diff=0.2168 | coarse=0.2227 | 8.5s
  Epoch 2 Batch 250/460 | Loss=0.271998 | diff=0.2510 | coarse=0.2627 | 10.7s
  Epoch 2 Batch 300/460 | Loss=0.339036 | diff=0.3185 | coarse=0.2568 | 12.8s
  Epoch 2 Batch 350/460 | Loss=0.324824 | diff=0.2984 | coarse=0.3305 | 14.9s
  Epoch 2 Batch 400/460 | Loss=0.246074 | diff=0.2283 | coarse=0.2228 | 17.1s
  Epoch 2 Batch 450/460 | Loss=0.300674 | diff=0.2793 | coarse=0.2672 | 19.2s
  Epoch 2 Batch 460/460 | Loss=0.083273 | diff=0.0784 | coarse=0.0615 | 19.7s
Epoch 2/120 | Loss=0.333997 | Val RMSE=91.0419 | Val MAE=87.6618 | Val MAPE=404.63% | LR=4.20e-04 | 29.5s
  [BEST] epoch=2, val_rmse=91.0419
[INFO] start epoch 3/120
  Epoch 3 Batch 50/460 | Loss=0.711873 | diff=0.6708 | coarse=0.5131 | 2.1s
  Epoch 3 Batch 100/460 | Loss=0.224246 | diff=0.2081 | coarse=0.2018 | 4.2s
  Epoch 3 Batch 150/460 | Loss=0.238345 | diff=0.2166 | coarse=0.2714 | 6.3s
  Epoch 3 Batch 200/460 | Loss=0.199478 | diff=0.1847 | coarse=0.1852 | 8.4s
  Epoch 3 Batch 250/460 | Loss=0.266084 | diff=0.2457 | coarse=0.2543 | 10.5s
  Epoch 3 Batch 300/460 | Loss=0.294926 | diff=0.2768 | coarse=0.2270 | 12.6s
  Epoch 3 Batch 350/460 | Loss=0.330632 | diff=0.2983 | coarse=0.4042 | 14.7s
  Epoch 3 Batch 400/460 | Loss=0.230285 | diff=0.2132 | coarse=0.2131 | 16.8s
  Epoch 3 Batch 450/460 | Loss=0.258512 | diff=0.2382 | coarse=0.2535 | 19.1s
  Epoch 3 Batch 460/460 | Loss=0.078399 | diff=0.0741 | coarse=0.0532 | 19.6s
Epoch 3/120 | Loss=0.300020 | Val RMSE=73.0073 | Val MAE=70.2587 | Val MAPE=324.01% | LR=5.60e-04 | 29.3s
  [BEST] epoch=3, val_rmse=73.0073
[INFO] start epoch 4/120
  Epoch 4 Batch 50/460 | Loss=0.659580 | diff=0.6249 | coarse=0.4331 | 2.0s
  Epoch 4 Batch 100/460 | Loss=0.202129 | diff=0.1879 | coarse=0.1779 | 4.1s
  Epoch 4 Batch 150/460 | Loss=0.227529 | diff=0.2066 | coarse=0.2622 | 6.2s
  Epoch 4 Batch 200/460 | Loss=0.185345 | diff=0.1719 | coarse=0.1683 | 8.4s
  Epoch 4 Batch 250/460 | Loss=0.251456 | diff=0.2330 | coarse=0.2310 | 10.5s
  Epoch 4 Batch 300/460 | Loss=0.272095 | diff=0.2555 | coarse=0.2069 | 12.6s
  Epoch 4 Batch 350/460 | Loss=0.338973 | diff=0.3079 | coarse=0.3885 | 14.7s
  Epoch 4 Batch 400/460 | Loss=0.210818 | diff=0.1953 | coarse=0.1934 | 16.8s
  Epoch 4 Batch 450/460 | Loss=0.250575 | diff=0.2279 | coarse=0.2838 | 18.9s
  Epoch 4 Batch 460/460 | Loss=0.080618 | diff=0.0767 | coarse=0.0493 | 19.3s
Epoch 4/120 | Loss=0.283364 | Val RMSE=58.0451 | Val MAE=55.4949 | Val MAPE=255.87% | LR=7.00e-04 | 29.0s
  [BEST] epoch=4, val_rmse=58.0451
[INFO] start epoch 5/120
  Epoch 5 Batch 50/460 | Loss=0.642535 | diff=0.6094 | coarse=0.4147 | 2.0s
  Epoch 5 Batch 100/460 | Loss=0.192706 | diff=0.1788 | coarse=0.1743 | 4.1s
  Epoch 5 Batch 150/460 | Loss=0.228539 | diff=0.2070 | coarse=0.2695 | 6.2s
  Epoch 5 Batch 200/460 | Loss=0.180012 | diff=0.1671 | coarse=0.1620 | 8.3s
  Epoch 5 Batch 250/460 | Loss=0.234332 | diff=0.2161 | coarse=0.2281 | 10.4s
  Epoch 5 Batch 300/460 | Loss=0.257446 | diff=0.2428 | coarse=0.1824 | 12.6s
  Epoch 5 Batch 350/460 | Loss=0.319552 | diff=0.2923 | coarse=0.3406 | 14.7s
  Epoch 5 Batch 400/460 | Loss=0.202224 | diff=0.1877 | coarse=0.1813 | 16.8s
  Epoch 5 Batch 450/460 | Loss=0.243172 | diff=0.2202 | coarse=0.2870 | 18.9s
  Epoch 5 Batch 460/460 | Loss=0.078239 | diff=0.0744 | coarse=0.0474 | 19.3s
Epoch 5/120 | Loss=0.273752 | Val RMSE=50.0033 | Val MAE=47.4504 | Val MAPE=219.36% | LR=7.00e-04 | 29.1s
  [BEST] epoch=5, val_rmse=50.0033
[INFO] start epoch 6/120
  Epoch 6 Batch 50/460 | Loss=0.629860 | diff=0.5969 | coarse=0.4118 | 2.0s
  Epoch 6 Batch 100/460 | Loss=0.176774 | diff=0.1639 | coarse=0.1608 | 4.1s
  Epoch 6 Batch 150/460 | Loss=0.204695 | diff=0.1851 | coarse=0.2452 | 6.2s
  Epoch 6 Batch 200/460 | Loss=0.177192 | diff=0.1643 | coarse=0.1610 | 8.3s
  Epoch 6 Batch 250/460 | Loss=0.209114 | diff=0.1925 | coarse=0.2073 | 10.5s
  Epoch 6 Batch 300/460 | Loss=0.239738 | diff=0.2261 | coarse=0.1709 | 12.6s
  Epoch 6 Batch 350/460 | Loss=0.285444 | diff=0.2597 | coarse=0.3212 | 14.7s
  Epoch 6 Batch 400/460 | Loss=0.194730 | diff=0.1802 | coarse=0.1816 | 16.8s
  Epoch 6 Batch 450/460 | Loss=0.237044 | diff=0.2162 | coarse=0.2606 | 18.9s
  Epoch 6 Batch 460/460 | Loss=0.069493 | diff=0.0658 | coarse=0.0464 | 19.3s
Epoch 6/120 | Loss=0.257963 | Val RMSE=42.2249 | Val MAE=39.7879 | Val MAPE=183.97% | LR=7.00e-04 | 29.1s
  [BEST] epoch=6, val_rmse=42.2249
[INFO] start epoch 7/120
  Epoch 7 Batch 50/460 | Loss=0.611593 | diff=0.5804 | coarse=0.3903 | 2.0s
  Epoch 7 Batch 100/460 | Loss=0.169709 | diff=0.1572 | coarse=0.1565 | 4.0s
  Epoch 7 Batch 150/460 | Loss=0.188460 | diff=0.1720 | coarse=0.2059 | 6.1s
  Epoch 7 Batch 200/460 | Loss=0.171974 | diff=0.1595 | coarse=0.1560 | 8.2s
  Epoch 7 Batch 250/460 | Loss=0.203728 | diff=0.1874 | coarse=0.2037 | 10.2s
  Epoch 7 Batch 300/460 | Loss=0.215393 | diff=0.2024 | coarse=0.1626 | 12.4s
  Epoch 7 Batch 350/460 | Loss=0.280716 | diff=0.2557 | coarse=0.3131 | 14.5s
  Epoch 7 Batch 400/460 | Loss=0.186917 | diff=0.1734 | coarse=0.1688 | 16.5s
  Epoch 7 Batch 450/460 | Loss=0.228917 | diff=0.2088 | coarse=0.2515 | 18.6s
  Epoch 7 Batch 460/460 | Loss=0.066822 | diff=0.0630 | coarse=0.0477 | 19.0s
Epoch 7/120 | Loss=0.244618 | Val RMSE=34.2597 | Val MAE=31.7723 | Val MAPE=147.34% | LR=6.99e-04 | 28.8s
  [BEST] epoch=7, val_rmse=34.2597
[INFO] start epoch 8/120
  Epoch 8 Batch 50/460 | Loss=0.575188 | diff=0.5471 | coarse=0.3509 | 2.0s
  Epoch 8 Batch 100/460 | Loss=0.161284 | diff=0.1489 | coarse=0.1552 | 4.1s
  Epoch 8 Batch 150/460 | Loss=0.174222 | diff=0.1593 | coarse=0.1865 | 6.3s
  Epoch 8 Batch 200/460 | Loss=0.165465 | diff=0.1535 | coarse=0.1501 | 8.4s
  Epoch 8 Batch 250/460 | Loss=0.201534 | diff=0.1859 | coarse=0.1956 | 10.5s
  Epoch 8 Batch 300/460 | Loss=0.207492 | diff=0.1947 | coarse=0.1604 | 12.6s
  Epoch 8 Batch 350/460 | Loss=0.268433 | diff=0.2449 | coarse=0.2939 | 14.7s
  Epoch 8 Batch 400/460 | Loss=0.183573 | diff=0.1706 | coarse=0.1621 | 16.8s
  Epoch 8 Batch 450/460 | Loss=0.219410 | diff=0.2004 | coarse=0.2376 | 19.0s
  Epoch 8 Batch 460/460 | Loss=0.061837 | diff=0.0580 | coarse=0.0483 | 19.4s
Epoch 8/120 | Loss=0.232869 | Val RMSE=25.7544 | Val MAE=23.1067 | Val MAPE=106.08% | LR=6.99e-04 | 29.1s
  [BEST] epoch=8, val_rmse=25.7544
[INFO] start epoch 9/120
  Epoch 9 Batch 50/460 | Loss=0.515977 | diff=0.4914 | coarse=0.3076 | 2.0s
  Epoch 9 Batch 100/460 | Loss=0.156592 | diff=0.1444 | coarse=0.1527 | 4.1s
  Epoch 9 Batch 150/460 | Loss=0.168643 | diff=0.1541 | coarse=0.1822 | 6.2s
  Epoch 9 Batch 200/460 | Loss=0.160792 | diff=0.1489 | coarse=0.1480 | 8.3s
  Epoch 9 Batch 250/460 | Loss=0.193538 | diff=0.1790 | coarse=0.1822 | 10.3s
  Epoch 9 Batch 300/460 | Loss=0.208113 | diff=0.1954 | coarse=0.1594 | 12.4s
  Epoch 9 Batch 350/460 | Loss=0.246432 | diff=0.2251 | coarse=0.2661 | 14.5s
  Epoch 9 Batch 400/460 | Loss=0.175161 | diff=0.1627 | coarse=0.1554 | 16.6s
  Epoch 9 Batch 450/460 | Loss=0.210898 | diff=0.1915 | coarse=0.2421 | 18.7s
  Epoch 9 Batch 460/460 | Loss=0.057860 | diff=0.0541 | coarse=0.0466 | 19.1s
Epoch 9/120 | Loss=0.222256 | Val RMSE=20.8277 | Val MAE=18.0976 | Val MAPE=81.98% | LR=6.98e-04 | 28.9s
  [BEST] epoch=9, val_rmse=20.8277
[INFO] start epoch 10/120
  Epoch 10 Batch 50/460 | Loss=0.433884 | diff=0.4121 | coarse=0.2722 | 2.0s
  Epoch 10 Batch 100/460 | Loss=0.151094 | diff=0.1393 | coarse=0.1473 | 4.1s
  Epoch 10 Batch 150/460 | Loss=0.165449 | diff=0.1518 | coarse=0.1707 | 6.2s
  Epoch 10 Batch 200/460 | Loss=0.152044 | diff=0.1406 | coarse=0.1426 | 8.2s
  Epoch 10 Batch 250/460 | Loss=0.185725 | diff=0.1716 | coarse=0.1762 | 10.3s
  Epoch 10 Batch 300/460 | Loss=0.185348 | diff=0.1736 | coarse=0.1475 | 12.4s
  Epoch 10 Batch 350/460 | Loss=0.231551 | diff=0.2127 | coarse=0.2357 | 14.5s
  Epoch 10 Batch 400/460 | Loss=0.166770 | diff=0.1547 | coarse=0.1506 | 16.6s
  Epoch 10 Batch 450/460 | Loss=0.200750 | diff=0.1805 | coarse=0.2535 | 18.7s
  Epoch 10 Batch 460/460 | Loss=0.056496 | diff=0.0529 | coarse=0.0453 | 19.1s
Epoch 10/120 | Loss=0.211515 | Val RMSE=18.5215 | Val MAE=15.7700 | Val MAPE=70.97% | LR=6.97e-04 | 28.8s
  [BEST] epoch=10, val_rmse=18.5215
[INFO] start epoch 11/120
  Epoch 11 Batch 50/460 | Loss=0.374109 | diff=0.3544 | coarse=0.2469 | 2.0s
  Epoch 11 Batch 100/460 | Loss=0.149272 | diff=0.1378 | coarse=0.1438 | 4.1s
  Epoch 11 Batch 150/460 | Loss=0.164274 | diff=0.1510 | coarse=0.1655 | 6.2s
  Epoch 11 Batch 200/460 | Loss=0.141323 | diff=0.1308 | coarse=0.1322 | 8.3s
  Epoch 11 Batch 250/460 | Loss=0.169441 | diff=0.1564 | coarse=0.1624 | 10.5s
  Epoch 11 Batch 300/460 | Loss=0.158509 | diff=0.1475 | coarse=0.1373 | 12.6s
  Epoch 11 Batch 350/460 | Loss=0.208267 | diff=0.1919 | coarse=0.2040 | 14.7s
  Epoch 11 Batch 400/460 | Loss=0.157896 | diff=0.1458 | coarse=0.1506 | 16.8s
  Epoch 11 Batch 450/460 | Loss=0.194281 | diff=0.1742 | coarse=0.2510 | 18.9s
  Epoch 11 Batch 460/460 | Loss=0.055029 | diff=0.0515 | coarse=0.0443 | 19.3s
Epoch 11/120 | Loss=0.201379 | Val RMSE=17.2862 | Val MAE=14.4171 | Val MAPE=64.26% | LR=6.95e-04 | 29.1s
  [BEST] epoch=11, val_rmse=17.2862
[INFO] start epoch 12/120
  Epoch 12 Batch 50/460 | Loss=0.331319 | diff=0.3125 | coarse=0.2352 | 2.0s
  Epoch 12 Batch 100/460 | Loss=0.144117 | diff=0.1330 | coarse=0.1389 | 4.1s
  Epoch 12 Batch 150/460 | Loss=0.168208 | diff=0.1544 | coarse=0.1726 | 6.2s
  Epoch 12 Batch 200/460 | Loss=0.136213 | diff=0.1262 | coarse=0.1248 | 8.3s
  Epoch 12 Batch 250/460 | Loss=0.153668 | diff=0.1418 | coarse=0.1480 | 10.4s
  Epoch 12 Batch 300/460 | Loss=0.144703 | diff=0.1340 | coarse=0.1340 | 12.5s
  Epoch 12 Batch 350/460 | Loss=0.210156 | diff=0.1947 | coarse=0.1928 | 14.6s
  Epoch 12 Batch 400/460 | Loss=0.154740 | diff=0.1426 | coarse=0.1516 | 16.7s
  Epoch 12 Batch 450/460 | Loss=0.185069 | diff=0.1665 | coarse=0.2317 | 18.9s
  Epoch 12 Batch 460/460 | Loss=0.050587 | diff=0.0472 | coarse=0.0419 | 19.3s
Epoch 12/120 | Loss=0.193614 | Val RMSE=15.6792 | Val MAE=12.6415 | Val MAPE=54.34% | LR=6.94e-04 | 29.1s
  [BEST] epoch=12, val_rmse=15.6792
[INFO] start epoch 13/120
  Epoch 13 Batch 50/460 | Loss=0.289688 | diff=0.2710 | coarse=0.2331 | 2.0s
  Epoch 13 Batch 100/460 | Loss=0.142455 | diff=0.1316 | coarse=0.1352 | 4.1s
  Epoch 13 Batch 150/460 | Loss=0.170030 | diff=0.1555 | coarse=0.1814 | 6.2s
  Epoch 13 Batch 200/460 | Loss=0.129887 | diff=0.1203 | coarse=0.1196 | 8.3s
  Epoch 13 Batch 250/460 | Loss=0.139058 | diff=0.1282 | coarse=0.1358 | 10.3s
  Epoch 13 Batch 300/460 | Loss=0.139650 | diff=0.1291 | coarse=0.1322 | 12.4s
  Epoch 13 Batch 350/460 | Loss=0.205966 | diff=0.1910 | coarse=0.1865 | 14.5s
  Epoch 13 Batch 400/460 | Loss=0.152828 | diff=0.1407 | coarse=0.1513 | 16.6s
  Epoch 13 Batch 450/460 | Loss=0.171757 | diff=0.1558 | coarse=0.1989 | 18.7s
  Epoch 13 Batch 460/460 | Loss=0.044456 | diff=0.0414 | coarse=0.0386 | 19.1s
Epoch 13/120 | Loss=0.186608 | Val RMSE=14.3969 | Val MAE=11.2368 | Val MAPE=47.33% | LR=6.92e-04 | 28.8s
  [BEST] epoch=13, val_rmse=14.3969
[INFO] start epoch 14/120
  Epoch 14 Batch 50/460 | Loss=0.257636 | diff=0.2400 | coarse=0.2200 | 2.0s
  Epoch 14 Batch 100/460 | Loss=0.146978 | diff=0.1360 | coarse=0.1372 | 4.1s
  Epoch 14 Batch 150/460 | Loss=0.166093 | diff=0.1520 | coarse=0.1761 | 6.2s
  Epoch 14 Batch 200/460 | Loss=0.122920 | diff=0.1135 | coarse=0.1173 | 8.3s
  Epoch 14 Batch 250/460 | Loss=0.137158 | diff=0.1267 | coarse=0.1309 | 10.4s
  Epoch 14 Batch 300/460 | Loss=0.134898 | diff=0.1246 | coarse=0.1286 | 12.4s
  Epoch 14 Batch 350/460 | Loss=0.182978 | diff=0.1700 | coarse=0.1618 | 14.5s
  Epoch 14 Batch 400/460 | Loss=0.153787 | diff=0.1415 | coarse=0.1535 | 16.6s
  Epoch 14 Batch 450/460 | Loss=0.163318 | diff=0.1488 | coarse=0.1820 | 18.7s
  Epoch 14 Batch 460/460 | Loss=0.044069 | diff=0.0411 | coarse=0.0375 | 19.1s
Epoch 14/120 | Loss=0.179902 | Val RMSE=15.5959 | Val MAE=12.5211 | Val MAPE=55.61% | LR=6.89e-04 | 28.9s
[INFO] start epoch 15/120
  Epoch 15 Batch 50/460 | Loss=0.225662 | diff=0.2103 | coarse=0.1914 | 2.0s
  Epoch 15 Batch 100/460 | Loss=0.154814 | diff=0.1436 | coarse=0.1396 | 4.1s
  Epoch 15 Batch 150/460 | Loss=0.162419 | diff=0.1478 | coarse=0.1825 | 6.2s
  Epoch 15 Batch 200/460 | Loss=0.118358 | diff=0.1095 | coarse=0.1110 | 8.2s
  Epoch 15 Batch 250/460 | Loss=0.134184 | diff=0.1240 | coarse=0.1269 | 10.3s
  Epoch 15 Batch 300/460 | Loss=0.131379 | diff=0.1214 | coarse=0.1252 | 12.4s
  Epoch 15 Batch 350/460 | Loss=0.173151 | diff=0.1611 | coarse=0.1500 | 14.5s
  Epoch 15 Batch 400/460 | Loss=0.149039 | diff=0.1368 | coarse=0.1531 | 16.6s
  Epoch 15 Batch 450/460 | Loss=0.159592 | diff=0.1453 | coarse=0.1788 | 18.7s
  Epoch 15 Batch 460/460 | Loss=0.042446 | diff=0.0394 | coarse=0.0384 | 19.1s
Epoch 15/120 | Loss=0.173978 | Val RMSE=15.5362 | Val MAE=12.5140 | Val MAPE=54.49% | LR=6.87e-04 | 28.8s
[INFO] start epoch 16/120
  Epoch 16 Batch 50/460 | Loss=0.197973 | diff=0.1835 | coarse=0.1803 | 2.0s
  Epoch 16 Batch 100/460 | Loss=0.153862 | diff=0.1425 | coarse=0.1424 | 4.1s
  Epoch 16 Batch 150/460 | Loss=0.161170 | diff=0.1462 | coarse=0.1873 | 6.2s
  Epoch 16 Batch 200/460 | Loss=0.115238 | diff=0.1065 | coarse=0.1089 | 8.2s
  Epoch 16 Batch 250/460 | Loss=0.128550 | diff=0.1186 | coarse=0.1249 | 10.3s
  Epoch 16 Batch 300/460 | Loss=0.127675 | diff=0.1176 | coarse=0.1254 | 12.4s
  Epoch 16 Batch 350/460 | Loss=0.158087 | diff=0.1469 | coarse=0.1405 | 14.5s
  Epoch 16 Batch 400/460 | Loss=0.147833 | diff=0.1358 | coarse=0.1508 | 16.6s
  Epoch 16 Batch 450/460 | Loss=0.160809 | diff=0.1467 | coarse=0.1762 | 18.7s
  Epoch 16 Batch 460/460 | Loss=0.041339 | diff=0.0382 | coarse=0.0388 | 19.1s
Epoch 16/120 | Loss=0.166284 | Val RMSE=15.0181 | Val MAE=11.9508 | Val MAPE=51.54% | LR=6.84e-04 | 28.8s
[INFO] start epoch 17/120
  Epoch 17 Batch 50/460 | Loss=0.191553 | diff=0.1773 | coarse=0.1776 | 2.0s
  Epoch 17 Batch 100/460 | Loss=0.145372 | diff=0.1343 | coarse=0.1390 | 4.1s
  Epoch 17 Batch 150/460 | Loss=0.157362 | diff=0.1433 | coarse=0.1763 | 6.2s
  Epoch 17 Batch 200/460 | Loss=0.115598 | diff=0.1071 | coarse=0.1063 | 8.3s
  Epoch 17 Batch 250/460 | Loss=0.122829 | diff=0.1131 | coarse=0.1220 | 10.5s
  Epoch 17 Batch 300/460 | Loss=0.131067 | diff=0.1206 | coarse=0.1314 | 12.6s
  Epoch 17 Batch 350/460 | Loss=0.158945 | diff=0.1479 | coarse=0.1379 | 14.7s
  Epoch 17 Batch 400/460 | Loss=0.148723 | diff=0.1365 | coarse=0.1525 | 16.8s
  Epoch 17 Batch 450/460 | Loss=0.162736 | diff=0.1494 | coarse=0.1663 | 18.9s
  Epoch 17 Batch 460/460 | Loss=0.042191 | diff=0.0392 | coarse=0.0377 | 19.3s
Epoch 17/120 | Loss=0.159835 | Val RMSE=17.7863 | Val MAE=14.7858 | Val MAPE=66.16% | LR=6.81e-04 | 29.0s
[INFO] start epoch 18/120
  Epoch 18 Batch 50/460 | Loss=0.176401 | diff=0.1624 | coarse=0.1750 | 2.0s
  Epoch 18 Batch 100/460 | Loss=0.151971 | diff=0.1402 | coarse=0.1472 | 4.1s
  Epoch 18 Batch 150/460 | Loss=0.158771 | diff=0.1436 | coarse=0.1896 | 6.2s
  Epoch 18 Batch 200/460 | Loss=0.110940 | diff=0.1024 | coarse=0.1067 | 8.3s
  Epoch 18 Batch 250/460 | Loss=0.119328 | diff=0.1100 | coarse=0.1168 | 10.4s
  Epoch 18 Batch 300/460 | Loss=0.129437 | diff=0.1191 | coarse=0.1290 | 12.5s
  [WARN] skip non-finite grad at epoch 18 batch 309
  Epoch 18 Batch 350/460 | Loss=0.210370 | diff=0.1957 | coarse=0.1832 | 14.6s
  Epoch 18 Batch 400/460 | Loss=0.152456 | diff=0.1413 | coarse=0.1400 | 16.7s
  Epoch 18 Batch 450/460 | Loss=0.152871 | diff=0.1402 | coarse=0.1588 | 18.8s
  Epoch 18 Batch 460/460 | Loss=0.038585 | diff=0.0360 | coarse=0.0329 | 19.3s
Epoch 18/120 | Loss=0.159377 | Val RMSE=14.3603 | Val MAE=11.3105 | Val MAPE=49.05% | LR=6.78e-04 | 29.1s
  [BEST] epoch=18, val_rmse=14.3603
[INFO] start epoch 19/120
  Epoch 19 Batch 50/460 | Loss=0.168022 | diff=0.1548 | coarse=0.1655 | 2.0s
  Epoch 19 Batch 100/460 | Loss=0.128965 | diff=0.1179 | coarse=0.1388 | 4.2s
  Epoch 19 Batch 150/460 | Loss=0.141966 | diff=0.1299 | coarse=0.1509 | 6.4s
  Epoch 19 Batch 200/460 | Loss=0.103693 | diff=0.0956 | coarse=0.1009 | 8.6s
  Epoch 19 Batch 250/460 | Loss=0.112066 | diff=0.1033 | coarse=0.1090 | 10.8s
  Epoch 19 Batch 300/460 | Loss=0.123048 | diff=0.1130 | coarse=0.1260 | 13.0s
  Epoch 19 Batch 350/460 | Loss=0.152746 | diff=0.1415 | coarse=0.1405 | 15.2s
  Epoch 19 Batch 400/460 | Loss=0.137756 | diff=0.1268 | coarse=0.1366 | 17.5s
  Epoch 19 Batch 450/460 | Loss=0.148133 | diff=0.1365 | coarse=0.1458 | 19.7s
  Epoch 19 Batch 460/460 | Loss=0.035406 | diff=0.0328 | coarse=0.0324 | 20.2s
Epoch 19/120 | Loss=0.145975 | Val RMSE=13.3775 | Val MAE=10.0928 | Val MAPE=42.31% | LR=6.75e-04 | 29.9s
  [BEST] epoch=19, val_rmse=13.3775
[INFO] start epoch 20/120
  Epoch 20 Batch 50/460 | Loss=0.165348 | diff=0.1525 | coarse=0.1611 | 2.0s
  Epoch 20 Batch 100/460 | Loss=0.119686 | diff=0.1095 | coarse=0.1268 | 4.1s
  Epoch 20 Batch 150/460 | Loss=0.145604 | diff=0.1327 | coarse=0.1615 | 6.2s
  Epoch 20 Batch 200/460 | Loss=0.104644 | diff=0.0964 | coarse=0.1032 | 8.3s
  Epoch 20 Batch 250/460 | Loss=0.113144 | diff=0.1045 | coarse=0.1080 | 10.4s
  Epoch 20 Batch 300/460 | Loss=0.127504 | diff=0.1173 | coarse=0.1278 | 12.5s
  Epoch 20 Batch 350/460 | Loss=0.146307 | diff=0.1352 | coarse=0.1394 | 14.6s
  Epoch 20 Batch 400/460 | Loss=0.139118 | diff=0.1284 | coarse=0.1334 | 16.8s
  Epoch 20 Batch 450/460 | Loss=0.147609 | diff=0.1350 | coarse=0.1570 | 18.9s
  Epoch 20 Batch 460/460 | Loss=0.035992 | diff=0.0333 | coarse=0.0334 | 19.3s
Epoch 20/120 | Loss=0.144632 | Val RMSE=14.2080 | Val MAE=11.2333 | Val MAPE=48.31% | LR=6.71e-04 | 29.0s
[INFO] start epoch 21/120
  Epoch 21 Batch 50/460 | Loss=0.159446 | diff=0.1465 | coarse=0.1617 | 2.0s
  Epoch 21 Batch 100/460 | Loss=0.127419 | diff=0.1161 | coarse=0.1417 | 4.1s
  Epoch 21 Batch 150/460 | Loss=0.136294 | diff=0.1244 | coarse=0.1491 | 6.2s
  Epoch 21 Batch 200/460 | Loss=0.110762 | diff=0.1020 | coarse=0.1100 | 8.3s
  Epoch 21 Batch 250/460 | Loss=0.112650 | diff=0.1041 | coarse=0.1073 | 10.5s
  Epoch 21 Batch 300/460 | Loss=0.117552 | diff=0.1081 | coarse=0.1187 | 12.6s
  Epoch 21 Batch 350/460 | Loss=0.162920 | diff=0.1511 | coarse=0.1483 | 14.7s
  Epoch 21 Batch 400/460 | Loss=0.142976 | diff=0.1321 | coarse=0.1363 | 16.8s
  Epoch 21 Batch 450/460 | Loss=0.148039 | diff=0.1359 | coarse=0.1522 | 18.9s
  Epoch 21 Batch 460/460 | Loss=0.036232 | diff=0.0336 | coarse=0.0329 | 19.3s
Epoch 21/120 | Loss=0.146835 | Val RMSE=13.3207 | Val MAE=10.2863 | Val MAPE=44.42% | LR=6.67e-04 | 29.0s
  [BEST] epoch=21, val_rmse=13.3207
[INFO] start epoch 22/120
  Epoch 22 Batch 50/460 | Loss=0.165221 | diff=0.1523 | coarse=0.1616 | 2.0s
  Epoch 22 Batch 100/460 | Loss=0.121782 | diff=0.1115 | coarse=0.1283 | 4.1s
  Epoch 22 Batch 150/460 | Loss=0.150456 | diff=0.1396 | coarse=0.1354 | 6.2s
  Epoch 22 Batch 200/460 | Loss=0.108165 | diff=0.0987 | coarse=0.1181 | 8.3s
  Epoch 22 Batch 250/460 | Loss=0.105155 | diff=0.0967 | coarse=0.1061 | 10.4s
  Epoch 22 Batch 300/460 | Loss=0.121075 | diff=0.1117 | coarse=0.1177 | 12.5s
  Epoch 22 Batch 350/460 | Loss=0.139958 | diff=0.1285 | coarse=0.1432 | 14.6s
  Epoch 22 Batch 400/460 | Loss=0.137460 | diff=0.1267 | coarse=0.1344 | 16.7s
  Epoch 22 Batch 450/460 | Loss=0.140917 | diff=0.1298 | coarse=0.1389 | 18.8s
  Epoch 22 Batch 460/460 | Loss=0.034252 | diff=0.0316 | coarse=0.0330 | 19.3s
Epoch 22/120 | Loss=0.142405 | Val RMSE=13.8168 | Val MAE=10.8760 | Val MAPE=47.04% | LR=6.63e-04 | 29.0s
[INFO] start epoch 23/120
  Epoch 23 Batch 50/460 | Loss=0.164014 | diff=0.1516 | coarse=0.1553 | 2.4s
  Epoch 23 Batch 100/460 | Loss=0.123163 | diff=0.1130 | coarse=0.1264 | 4.5s
  Epoch 23 Batch 150/460 | Loss=0.133624 | diff=0.1227 | coarse=0.1361 | 6.6s
  Epoch 23 Batch 200/460 | Loss=0.100564 | diff=0.0921 | coarse=0.1062 | 8.7s
  Epoch 23 Batch 250/460 | Loss=0.099372 | diff=0.0912 | coarse=0.1018 | 10.8s
  Epoch 23 Batch 300/460 | Loss=0.124729 | diff=0.1150 | coarse=0.1215 | 12.9s
  Epoch 23 Batch 350/460 | Loss=0.132507 | diff=0.1211 | coarse=0.1428 | 15.1s
  Epoch 23 Batch 400/460 | Loss=0.151391 | diff=0.1403 | coarse=0.1388 | 17.2s
  Epoch 23 Batch 450/460 | Loss=0.131665 | diff=0.1213 | coarse=0.1290 | 19.3s
  Epoch 23 Batch 460/460 | Loss=0.032554 | diff=0.0300 | coarse=0.0323 | 19.7s
Epoch 23/120 | Loss=0.136554 | Val RMSE=13.7627 | Val MAE=10.8311 | Val MAPE=47.64% | LR=6.59e-04 | 29.5s
[INFO] start epoch 24/120
  Epoch 24 Batch 50/460 | Loss=0.187374 | diff=0.1737 | coarse=0.1709 | 2.0s
  Epoch 24 Batch 100/460 | Loss=0.117268 | diff=0.1078 | coarse=0.1188 | 4.1s
  Epoch 24 Batch 150/460 | Loss=0.130529 | diff=0.1202 | coarse=0.1287 | 6.2s
  Epoch 24 Batch 200/460 | Loss=0.103674 | diff=0.0954 | coarse=0.1038 | 8.3s
  Epoch 24 Batch 250/460 | Loss=0.099793 | diff=0.0914 | coarse=0.1048 | 10.4s
  Epoch 24 Batch 300/460 | Loss=0.119510 | diff=0.1100 | coarse=0.1183 | 12.5s
  Epoch 24 Batch 350/460 | Loss=0.122377 | diff=0.1118 | coarse=0.1326 | 14.5s
  Epoch 24 Batch 400/460 | Loss=0.140905 | diff=0.1299 | coarse=0.1377 | 16.6s
  Epoch 24 Batch 450/460 | Loss=0.124172 | diff=0.1143 | coarse=0.1228 | 18.7s
  Epoch 24 Batch 460/460 | Loss=0.031897 | diff=0.0294 | coarse=0.0318 | 19.1s
Epoch 24/120 | Loss=0.132083 | Val RMSE=13.4524 | Val MAE=10.3044 | Val MAPE=44.47% | LR=6.54e-04 | 28.9s
[INFO] start epoch 25/120
  Epoch 25 Batch 50/460 | Loss=0.177638 | diff=0.1639 | coarse=0.1719 | 2.0s
  Epoch 25 Batch 100/460 | Loss=0.110992 | diff=0.1020 | coarse=0.1121 | 4.1s
  Epoch 25 Batch 150/460 | Loss=0.127557 | diff=0.1169 | coarse=0.1335 | 6.2s
  Epoch 25 Batch 200/460 | Loss=0.096478 | diff=0.0883 | coarse=0.1019 | 8.2s
  Epoch 25 Batch 250/460 | Loss=0.099136 | diff=0.0906 | coarse=0.1072 | 10.3s
  Epoch 25 Batch 300/460 | Loss=0.110143 | diff=0.1012 | coarse=0.1122 | 12.4s
  Epoch 25 Batch 350/460 | Loss=0.125752 | diff=0.1142 | coarse=0.1449 | 14.5s
  Epoch 25 Batch 400/460 | Loss=0.128010 | diff=0.1174 | coarse=0.1327 | 16.6s
  Epoch 25 Batch 450/460 | Loss=0.131080 | diff=0.1216 | coarse=0.1183 | 18.7s
  Epoch 25 Batch 460/460 | Loss=0.039494 | diff=0.0367 | coarse=0.0355 | 19.1s
Epoch 25/120 | Loss=0.128957 | Val RMSE=13.3197 | Val MAE=9.9898 | Val MAPE=41.61% | LR=6.49e-04 | 28.8s
  [BEST] epoch=25, val_rmse=13.3197
[INFO] start epoch 26/120
  Epoch 26 Batch 50/460 | Loss=0.172557 | diff=0.1606 | coarse=0.1492 | 2.0s
  Epoch 26 Batch 100/460 | Loss=0.121195 | diff=0.1117 | coarse=0.1193 | 4.1s
  Epoch 26 Batch 150/460 | Loss=0.126677 | diff=0.1167 | coarse=0.1248 | 6.2s
  Epoch 26 Batch 200/460 | Loss=0.107291 | diff=0.0977 | coarse=0.1198 | 8.3s
  Epoch 26 Batch 250/460 | Loss=0.095983 | diff=0.0877 | coarse=0.1033 | 10.4s
  Epoch 26 Batch 300/460 | Loss=0.103151 | diff=0.0948 | coarse=0.1047 | 12.5s
  Epoch 26 Batch 350/460 | Loss=0.118326 | diff=0.1070 | coarse=0.1417 | 14.6s
  Epoch 26 Batch 400/460 | Loss=0.135977 | diff=0.1245 | coarse=0.1437 | 16.8s
  Epoch 26 Batch 450/460 | Loss=0.126177 | diff=0.1162 | coarse=0.1247 | 18.9s
  Epoch 26 Batch 460/460 | Loss=0.031530 | diff=0.0290 | coarse=0.0312 | 19.3s
Epoch 26/120 | Loss=0.128219 | Val RMSE=12.7989 | Val MAE=9.5983 | Val MAPE=39.76% | LR=6.44e-04 | 29.0s
  [BEST] epoch=26, val_rmse=12.7989
[INFO] start epoch 27/120
  Epoch 27 Batch 50/460 | Loss=0.155294 | diff=0.1436 | coarse=0.1464 | 2.0s
  Epoch 27 Batch 100/460 | Loss=0.119388 | diff=0.1105 | coarse=0.1108 | 4.1s
  Epoch 27 Batch 150/460 | Loss=0.130899 | diff=0.1196 | coarse=0.1408 | 6.2s
  [WARN] skip non-finite grad at epoch 27 batch 176
  Epoch 27 Batch 200/460 | Loss=0.100120 | diff=0.0923 | coarse=0.0977 | 8.3s
  Epoch 27 Batch 250/460 | Loss=0.094264 | diff=0.0866 | coarse=0.0962 | 10.3s
  Epoch 27 Batch 300/460 | Loss=0.105630 | diff=0.0972 | coarse=0.1048 | 12.4s
  Epoch 27 Batch 350/460 | Loss=0.112375 | diff=0.1020 | coarse=0.1295 | 14.5s
  Epoch 27 Batch 400/460 | Loss=0.129240 | diff=0.1186 | coarse=0.1334 | 16.6s
  Epoch 27 Batch 450/460 | Loss=0.131205 | diff=0.1221 | coarse=0.1142 | 18.7s
  Epoch 27 Batch 460/460 | Loss=0.035611 | diff=0.0330 | coarse=0.0322 | 19.1s
Epoch 27/120 | Loss=0.126187 | Val RMSE=12.6962 | Val MAE=9.4197 | Val MAPE=38.70% | LR=6.39e-04 | 28.9s
  [BEST] epoch=27, val_rmse=12.6962
[INFO] start epoch 28/120
  [WARN] skip non-finite grad at epoch 28 batch 7
  Epoch 28 Batch 50/460 | Loss=0.161608 | diff=0.1498 | coarse=0.1470 | 2.0s
  Epoch 28 Batch 100/460 | Loss=0.122871 | diff=0.1132 | coarse=0.1203 | 4.1s
  Epoch 28 Batch 150/460 | Loss=0.127422 | diff=0.1148 | coarse=0.1572 | 6.2s
  Epoch 28 Batch 200/460 | Loss=0.104157 | diff=0.0963 | coarse=0.0977 | 8.2s
  Epoch 28 Batch 250/460 | Loss=0.099164 | diff=0.0913 | coarse=0.0985 | 10.3s
  Epoch 28 Batch 300/460 | Loss=0.104238 | diff=0.0956 | coarse=0.1081 | 12.4s
  Epoch 28 Batch 350/460 | Loss=0.108142 | diff=0.0995 | coarse=0.1078 | 14.5s
  Epoch 28 Batch 400/460 | Loss=0.121249 | diff=0.1115 | coarse=0.1218 | 16.6s
  Epoch 28 Batch 450/460 | Loss=0.124871 | diff=0.1158 | coarse=0.1138 | 18.7s
  Epoch 28 Batch 460/460 | Loss=0.036298 | diff=0.0335 | coarse=0.0345 | 19.1s
Epoch 28/120 | Loss=0.124060 | Val RMSE=13.3567 | Val MAE=10.1920 | Val MAPE=43.68% | LR=6.33e-04 | 28.9s
[INFO] start epoch 29/120
  Epoch 29 Batch 50/460 | Loss=0.155150 | diff=0.1439 | coarse=0.1411 | 2.0s
  Epoch 29 Batch 100/460 | Loss=0.118910 | diff=0.1090 | coarse=0.1233 | 4.1s
  Epoch 29 Batch 150/460 | Loss=0.128505 | diff=0.1169 | coarse=0.1446 | 6.3s
  Epoch 29 Batch 200/460 | Loss=0.109116 | diff=0.1014 | coarse=0.0965 | 8.4s
  Epoch 29 Batch 250/460 | Loss=0.101955 | diff=0.0938 | coarse=0.1025 | 10.5s
  Epoch 29 Batch 300/460 | Loss=0.109145 | diff=0.1005 | coarse=0.1084 | 12.6s
  Epoch 29 Batch 350/460 | Loss=0.106999 | diff=0.0985 | coarse=0.1059 | 14.7s
  Epoch 29 Batch 400/460 | Loss=0.120232 | diff=0.1100 | coarse=0.1273 | 16.8s
  Epoch 29 Batch 450/460 | Loss=0.118814 | diff=0.1099 | coarse=0.1113 | 18.9s
  Epoch 29 Batch 460/460 | Loss=0.036396 | diff=0.0335 | coarse=0.0361 | 19.3s
Epoch 29/120 | Loss=0.122997 | Val RMSE=13.8116 | Val MAE=10.5684 | Val MAPE=45.22% | LR=6.27e-04 | 29.1s
[INFO] start epoch 30/120
  Epoch 30 Batch 50/460 | Loss=0.154037 | diff=0.1430 | coarse=0.1385 | 2.0s
  Epoch 30 Batch 100/460 | Loss=0.106735 | diff=0.0980 | coarse=0.1088 | 4.1s
  Epoch 30 Batch 150/460 | Loss=0.123338 | diff=0.1124 | coarse=0.1371 | 6.2s
  Epoch 30 Batch 200/460 | Loss=0.111411 | diff=0.1032 | coarse=0.1022 | 8.3s
  Epoch 30 Batch 250/460 | Loss=0.101582 | diff=0.0933 | coarse=0.1032 | 10.4s
  Epoch 30 Batch 300/460 | Loss=0.106814 | diff=0.0977 | coarse=0.1134 | 12.5s
  Epoch 30 Batch 350/460 | Loss=0.104244 | diff=0.0960 | coarse=0.1033 | 14.6s
  Epoch 30 Batch 400/460 | Loss=0.126264 | diff=0.1153 | coarse=0.1371 | 16.7s
  Epoch 30 Batch 450/460 | Loss=0.120224 | diff=0.1109 | coarse=0.1170 | 18.8s
  Epoch 30 Batch 460/460 | Loss=0.031488 | diff=0.0286 | coarse=0.0358 | 19.3s
Epoch 30/120 | Loss=0.123117 | Val RMSE=13.8757 | Val MAE=10.6484 | Val MAPE=45.24% | LR=6.21e-04 | 29.0s
[INFO] start epoch 31/120
  Epoch 31 Batch 50/460 | Loss=0.140394 | diff=0.1297 | coarse=0.1331 | 2.0s
  Epoch 31 Batch 100/460 | Loss=0.119672 | diff=0.1101 | coarse=0.1199 | 4.1s
  Epoch 31 Batch 150/460 | Loss=0.130998 | diff=0.1218 | coarse=0.1152 | 6.2s
  Epoch 31 Batch 200/460 | Loss=0.095519 | diff=0.0874 | coarse=0.1012 | 8.3s
  Epoch 31 Batch 250/460 | Loss=0.096632 | diff=0.0886 | coarse=0.1001 | 10.4s
  Epoch 31 Batch 300/460 | Loss=0.111124 | diff=0.1019 | coarse=0.1151 | 12.5s
  Epoch 31 Batch 350/460 | Loss=0.109393 | diff=0.1003 | coarse=0.1132 | 14.6s
  Epoch 31 Batch 400/460 | Loss=0.119451 | diff=0.1096 | coarse=0.1234 | 16.7s
  Epoch 31 Batch 450/460 | Loss=0.119087 | diff=0.1098 | coarse=0.1162 | 18.9s
  Epoch 31 Batch 460/460 | Loss=0.033240 | diff=0.0304 | coarse=0.0358 | 19.3s
Epoch 31/120 | Loss=0.121959 | Val RMSE=13.4112 | Val MAE=10.1271 | Val MAPE=42.29% | LR=6.15e-04 | 29.1s
[INFO] start epoch 32/120
  Epoch 32 Batch 50/460 | Loss=0.139018 | diff=0.1284 | coarse=0.1329 | 2.0s
  Epoch 32 Batch 100/460 | Loss=0.116123 | diff=0.1049 | coarse=0.1401 | 4.1s
  Epoch 32 Batch 150/460 | Loss=0.132367 | diff=0.1234 | coarse=0.1121 | 6.2s
  Epoch 32 Batch 200/460 | Loss=0.100612 | diff=0.0925 | coarse=0.1012 | 8.3s
  Epoch 32 Batch 250/460 | Loss=0.096503 | diff=0.0885 | coarse=0.0999 | 10.3s
  Epoch 32 Batch 300/460 | Loss=0.108699 | diff=0.0997 | coarse=0.1119 | 12.4s
  Epoch 32 Batch 350/460 | Loss=0.109754 | diff=0.1001 | coarse=0.1203 | 14.5s
  Epoch 32 Batch 400/460 | Loss=0.118539 | diff=0.1090 | coarse=0.1190 | 16.6s
  Epoch 32 Batch 450/460 | Loss=0.118621 | diff=0.1097 | coarse=0.1121 | 18.7s
  Epoch 32 Batch 460/460 | Loss=0.032358 | diff=0.0294 | coarse=0.0365 | 19.1s
Epoch 32/120 | Loss=0.117361 | Val RMSE=13.5293 | Val MAE=10.2440 | Val MAPE=43.43% | LR=6.09e-04 | 28.9s
[INFO] start epoch 33/120
  Epoch 33 Batch 50/460 | Loss=0.155179 | diff=0.1446 | coarse=0.1325 | 2.0s
  Epoch 33 Batch 100/460 | Loss=0.108041 | diff=0.0973 | coarse=0.1348 | 4.1s
  Epoch 33 Batch 150/460 | Loss=0.121130 | diff=0.1127 | coarse=0.1049 | 6.2s
  Epoch 33 Batch 200/460 | Loss=0.099213 | diff=0.0913 | coarse=0.0992 | 8.2s
  Epoch 33 Batch 250/460 | Loss=0.095030 | diff=0.0869 | coarse=0.1011 | 10.3s
  Epoch 33 Batch 300/460 | Loss=0.106099 | diff=0.0972 | coarse=0.1109 | 12.4s
  Epoch 33 Batch 350/460 | Loss=0.105512 | diff=0.0964 | coarse=0.1134 | 14.5s
  Epoch 33 Batch 400/460 | Loss=0.116228 | diff=0.1069 | coarse=0.1172 | 16.6s
  Epoch 33 Batch 450/460 | Loss=0.125641 | diff=0.1168 | coarse=0.1110 | 18.7s
  Epoch 33 Batch 460/460 | Loss=0.036942 | diff=0.0332 | coarse=0.0471 | 19.1s
Epoch 33/120 | Loss=0.114047 | Val RMSE=13.7756 | Val MAE=10.4684 | Val MAPE=44.37% | LR=6.03e-04 | 28.9s
[INFO] start epoch 34/120
  Epoch 34 Batch 50/460 | Loss=0.148721 | diff=0.1381 | coarse=0.1323 | 2.0s
  Epoch 34 Batch 100/460 | Loss=0.104365 | diff=0.0940 | coarse=0.1293 | 4.1s
  Epoch 34 Batch 150/460 | Loss=0.117563 | diff=0.1088 | coarse=0.1093 | 6.2s
  Epoch 34 Batch 200/460 | Loss=0.088779 | diff=0.0814 | coarse=0.0923 | 8.2s
  Epoch 34 Batch 250/460 | Loss=0.094421 | diff=0.0866 | coarse=0.0980 | 10.3s
  Epoch 34 Batch 300/460 | Loss=0.107134 | diff=0.0977 | coarse=0.1180 | 12.4s
  Epoch 34 Batch 350/460 | Loss=0.128144 | diff=0.1199 | coarse=0.1031 | 14.5s
  Epoch 34 Batch 400/460 | Loss=0.121360 | diff=0.1117 | coarse=0.1210 | 16.5s
  Epoch 34 Batch 450/460 | Loss=0.117431 | diff=0.1087 | coarse=0.1087 | 18.6s
  Epoch 34 Batch 460/460 | Loss=0.031658 | diff=0.0281 | coarse=0.0451 | 19.0s
Epoch 34/120 | Loss=0.115664 | Val RMSE=13.9648 | Val MAE=10.6273 | Val MAPE=45.44% | LR=5.96e-04 | 28.7s
[INFO] start epoch 35/120
  [WARN] skip non-finite grad at epoch 35 batch 17
  Epoch 35 Batch 50/460 | Loss=0.176154 | diff=0.1609 | coarse=0.1902 | 2.0s
  Epoch 35 Batch 100/460 | Loss=0.099463 | diff=0.0908 | coarse=0.1088 | 4.1s
  Epoch 35 Batch 150/460 | Loss=0.111342 | diff=0.1020 | coarse=0.1165 | 6.2s
  Epoch 35 Batch 200/460 | Loss=0.094185 | diff=0.0845 | coarse=0.1205 | 8.3s
  Epoch 35 Batch 250/460 | Loss=0.095193 | diff=0.0866 | coarse=0.1071 | 10.3s
  Epoch 35 Batch 300/460 | Loss=0.101554 | diff=0.0923 | coarse=0.1155 | 12.4s
  Epoch 35 Batch 350/460 | Loss=0.108872 | diff=0.1000 | coarse=0.1104 | 14.5s
  Epoch 35 Batch 400/460 | Loss=0.124223 | diff=0.1138 | coarse=0.1307 | 16.6s
  Epoch 35 Batch 450/460 | Loss=0.113890 | diff=0.1051 | coarse=0.1105 | 18.7s
  Epoch 35 Batch 460/460 | Loss=0.030376 | diff=0.0267 | coarse=0.0457 | 19.1s
Epoch 35/120 | Loss=0.120509 | Val RMSE=13.8835 | Val MAE=10.6172 | Val MAPE=46.07% | LR=5.89e-04 | 28.9s
[INFO] start epoch 36/120
  Epoch 36 Batch 50/460 | Loss=0.147347 | diff=0.1359 | coarse=0.1431 | 2.0s
  Epoch 36 Batch 100/460 | Loss=0.098624 | diff=0.0905 | coarse=0.1013 | 4.1s
  Epoch 36 Batch 150/460 | Loss=0.107638 | diff=0.0971 | coarse=0.1317 | 6.2s
  Epoch 36 Batch 200/460 | Loss=0.107645 | diff=0.1002 | coarse=0.0925 | 8.2s
  Epoch 36 Batch 250/460 | Loss=0.101449 | diff=0.0937 | coarse=0.0967 | 10.3s
  Epoch 36 Batch 300/460 | Loss=0.101712 | diff=0.0934 | coarse=0.1045 | 12.4s
  Epoch 36 Batch 350/460 | Loss=0.099757 | diff=0.0922 | coarse=0.0942 | 14.5s
  Epoch 36 Batch 400/460 | Loss=0.111644 | diff=0.1022 | coarse=0.1182 | 16.6s
  Epoch 36 Batch 450/460 | Loss=0.105790 | diff=0.0974 | coarse=0.1046 | 18.7s
  Epoch 36 Batch 460/460 | Loss=0.028144 | diff=0.0250 | coarse=0.0390 | 19.1s
Epoch 36/120 | Loss=0.117124 | Val RMSE=13.2160 | Val MAE=9.8045 | Val MAPE=41.70% | LR=5.82e-04 | 28.8s
[INFO] start epoch 37/120
  Epoch 37 Batch 50/460 | Loss=0.166331 | diff=0.1533 | coarse=0.1634 | 2.0s
  Epoch 37 Batch 100/460 | Loss=0.115569 | diff=0.1075 | coarse=0.1003 | 4.1s
  Epoch 37 Batch 150/460 | Loss=0.107527 | diff=0.0977 | coarse=0.1225 | 6.2s
  Epoch 37 Batch 200/460 | Loss=0.094677 | diff=0.0876 | coarse=0.0885 | 8.3s
  Epoch 37 Batch 250/460 | Loss=0.094711 | diff=0.0872 | coarse=0.0942 | 10.3s
  Epoch 37 Batch 300/460 | Loss=0.099062 | diff=0.0915 | coarse=0.0943 | 12.4s
  Epoch 37 Batch 350/460 | Loss=0.105511 | diff=0.0982 | coarse=0.0916 | 14.5s
  Epoch 37 Batch 400/460 | Loss=0.110866 | diff=0.1016 | coarse=0.1158 | 16.6s
  Epoch 37 Batch 450/460 | Loss=0.104315 | diff=0.0962 | coarse=0.1019 | 18.7s
  Epoch 37 Batch 460/460 | Loss=0.028299 | diff=0.0255 | coarse=0.0355 | 19.1s
Epoch 37/120 | Loss=0.115711 | Val RMSE=13.2893 | Val MAE=9.8997 | Val MAPE=42.22% | LR=5.75e-04 | 28.9s
[INFO] start epoch 38/120
  Epoch 38 Batch 50/460 | Loss=0.173384 | diff=0.1590 | coarse=0.1793 | 2.0s
  Epoch 38 Batch 100/460 | Loss=0.118271 | diff=0.1082 | coarse=0.1259 | 4.1s
  Epoch 38 Batch 150/460 | Loss=0.103533 | diff=0.0947 | coarse=0.1109 | 6.2s
  Epoch 38 Batch 200/460 | Loss=0.091346 | diff=0.0841 | coarse=0.0907 | 8.3s
  Epoch 38 Batch 250/460 | Loss=0.095438 | diff=0.0877 | coarse=0.0962 | 10.5s
  Epoch 38 Batch 300/460 | Loss=0.097535 | diff=0.0897 | coarse=0.0984 | 12.7s
  Epoch 38 Batch 350/460 | Loss=0.104534 | diff=0.0965 | coarse=0.1006 | 15.0s
  Epoch 38 Batch 400/460 | Loss=0.105542 | diff=0.0966 | coarse=0.1112 | 17.2s
  Epoch 38 Batch 450/460 | Loss=0.103296 | diff=0.0953 | coarse=0.0998 | 19.4s
  Epoch 38 Batch 460/460 | Loss=0.028390 | diff=0.0257 | coarse=0.0336 | 19.9s
Epoch 38/120 | Loss=0.113221 | Val RMSE=12.7067 | Val MAE=9.0915 | Val MAPE=37.36% | LR=5.67e-04 | 29.7s
[INFO] start epoch 39/120
  Epoch 39 Batch 50/460 | Loss=0.175122 | diff=0.1603 | coarse=0.1856 | 2.0s
  Epoch 39 Batch 100/460 | Loss=0.117301 | diff=0.1069 | coarse=0.1296 | 4.1s
  Epoch 39 Batch 150/460 | Loss=0.117411 | diff=0.1090 | coarse=0.1048 | 6.2s
  Epoch 39 Batch 200/460 | Loss=0.087356 | diff=0.0802 | coarse=0.0898 | 8.2s
  Epoch 39 Batch 250/460 | Loss=0.093558 | diff=0.0854 | coarse=0.1022 | 10.3s
  Epoch 39 Batch 300/460 | Loss=0.092754 | diff=0.0853 | coarse=0.0937 | 12.4s
  Epoch 39 Batch 350/460 | Loss=0.102491 | diff=0.0938 | coarse=0.1086 | 14.5s
  Epoch 39 Batch 400/460 | Loss=0.105741 | diff=0.0967 | coarse=0.1125 | 16.6s
  Epoch 39 Batch 450/460 | Loss=0.104073 | diff=0.0960 | coarse=0.1015 | 18.7s
  Epoch 39 Batch 460/460 | Loss=0.029242 | diff=0.0263 | coarse=0.0370 | 19.1s
Epoch 39/120 | Loss=0.110462 | Val RMSE=12.7387 | Val MAE=9.0545 | Val MAPE=36.92% | LR=5.60e-04 | 28.8s
[INFO] start epoch 40/120
  Epoch 40 Batch 50/460 | Loss=0.166994 | diff=0.1528 | coarse=0.1771 | 2.0s
  Epoch 40 Batch 100/460 | Loss=0.108649 | diff=0.0985 | coarse=0.1268 | 4.1s
  Epoch 40 Batch 150/460 | Loss=0.103979 | diff=0.0957 | coarse=0.1033 | 6.2s
  Epoch 40 Batch 200/460 | Loss=0.083018 | diff=0.0760 | coarse=0.0873 | 8.3s
  Epoch 40 Batch 250/460 | Loss=0.088258 | diff=0.0801 | coarse=0.1018 | 10.5s
  Epoch 40 Batch 300/460 | Loss=0.089190 | diff=0.0819 | coarse=0.0913 | 12.6s
  Epoch 40 Batch 350/460 | Loss=0.093066 | diff=0.0852 | coarse=0.0979 | 14.7s
  Epoch 40 Batch 400/460 | Loss=0.102458 | diff=0.0932 | coarse=0.1159 | 16.8s
  Epoch 40 Batch 450/460 | Loss=0.107140 | diff=0.0985 | coarse=0.1078 | 18.9s
  Epoch 40 Batch 460/460 | Loss=0.027888 | diff=0.0249 | coarse=0.0369 | 19.3s
Epoch 40/120 | Loss=0.106615 | Val RMSE=12.7092 | Val MAE=9.0370 | Val MAPE=36.63% | LR=5.52e-04 | 29.1s
[INFO] start epoch 41/120
  Epoch 41 Batch 50/460 | Loss=0.164269 | diff=0.1509 | coarse=0.1675 | 2.0s
  Epoch 41 Batch 100/460 | Loss=0.104972 | diff=0.0952 | coarse=0.1220 | 4.1s
  Epoch 41 Batch 150/460 | Loss=0.101304 | diff=0.0931 | coarse=0.1023 | 6.2s
  Epoch 41 Batch 200/460 | Loss=0.081216 | diff=0.0744 | coarse=0.0857 | 8.4s
  Epoch 41 Batch 250/460 | Loss=0.098340 | diff=0.0895 | coarse=0.1102 | 10.6s
  Epoch 41 Batch 300/460 | Loss=0.092201 | diff=0.0847 | coarse=0.0941 | 12.9s
  Epoch 41 Batch 350/460 | Loss=0.087061 | diff=0.0801 | coarse=0.0868 | 15.2s
  Epoch 41 Batch 400/460 | Loss=0.101956 | diff=0.0929 | coarse=0.1128 | 17.4s
  Epoch 41 Batch 450/460 | Loss=0.111719 | diff=0.1022 | coarse=0.1191 | 19.7s
  Epoch 41 Batch 460/460 | Loss=0.027964 | diff=0.0246 | coarse=0.0417 | 20.2s
Epoch 41/120 | Loss=0.105534 | Val RMSE=12.6314 | Val MAE=8.9594 | Val MAPE=36.48% | LR=5.44e-04 | 30.0s
  [BEST] epoch=41, val_rmse=12.6314
[INFO] start epoch 42/120
  Epoch 42 Batch 50/460 | Loss=0.148657 | diff=0.1351 | coarse=0.1689 | 2.0s
  Epoch 42 Batch 100/460 | Loss=0.102640 | diff=0.0930 | coarse=0.1202 | 4.2s
  Epoch 42 Batch 150/460 | Loss=0.098238 | diff=0.0899 | coarse=0.1037 | 6.4s
  Epoch 42 Batch 200/460 | Loss=0.082450 | diff=0.0750 | coarse=0.0934 | 8.6s
  Epoch 42 Batch 250/460 | Loss=0.085439 | diff=0.0775 | coarse=0.0986 | 10.9s
  Epoch 42 Batch 300/460 | Loss=0.091383 | diff=0.0841 | coarse=0.0914 | 13.2s
  Epoch 42 Batch 350/460 | Loss=0.088542 | diff=0.0816 | coarse=0.0867 | 15.4s
  Epoch 42 Batch 400/460 | Loss=0.102421 | diff=0.0935 | coarse=0.1109 | 17.7s
  Epoch 42 Batch 450/460 | Loss=0.104093 | diff=0.0950 | coarse=0.1139 | 20.0s
  Epoch 42 Batch 460/460 | Loss=0.029859 | diff=0.0266 | coarse=0.0407 | 20.4s
Epoch 42/120 | Loss=0.103580 | Val RMSE=12.8126 | Val MAE=9.1065 | Val MAPE=37.43% | LR=5.36e-04 | 30.2s
[INFO] start epoch 43/120
  Epoch 43 Batch 50/460 | Loss=0.129568 | diff=0.1176 | coarse=0.1501 | 2.0s
  Epoch 43 Batch 100/460 | Loss=0.100096 | diff=0.0912 | coarse=0.1112 | 4.1s
  Epoch 43 Batch 150/460 | Loss=0.097268 | diff=0.0891 | coarse=0.1020 | 6.2s
  Epoch 43 Batch 200/460 | Loss=0.087558 | diff=0.0808 | coarse=0.0850 | 8.3s
  Epoch 43 Batch 250/460 | Loss=0.089837 | diff=0.0822 | coarse=0.0958 | 10.4s
  Epoch 43 Batch 300/460 | Loss=0.092266 | diff=0.0839 | coarse=0.1041 | 12.5s
  Epoch 43 Batch 350/460 | Loss=0.084745 | diff=0.0779 | coarse=0.0857 | 14.6s
  Epoch 43 Batch 400/460 | Loss=0.102649 | diff=0.0941 | coarse=0.1069 | 16.7s
  [WARN] skip non-finite grad at epoch 43 batch 402
  Epoch 43 Batch 450/460 | Loss=0.101827 | diff=0.0940 | coarse=0.0981 | 18.8s
  Epoch 43 Batch 460/460 | Loss=0.047163 | diff=0.0448 | coarse=0.0293 | 19.2s
Epoch 43/120 | Loss=0.102246 | Val RMSE=12.7653 | Val MAE=9.0535 | Val MAPE=36.57% | LR=5.28e-04 | 29.0s
[INFO] start epoch 44/120
  Epoch 44 Batch 50/460 | Loss=0.135302 | diff=0.1238 | coarse=0.1437 | 2.0s
  Epoch 44 Batch 100/460 | Loss=0.092757 | diff=0.0843 | coarse=0.1052 | 4.1s
  Epoch 44 Batch 150/460 | Loss=0.098456 | diff=0.0897 | coarse=0.1095 | 6.2s
  Epoch 44 Batch 200/460 | Loss=0.100383 | diff=0.0935 | coarse=0.0866 | 8.3s
  Epoch 44 Batch 250/460 | Loss=0.089662 | diff=0.0827 | coarse=0.0866 | 10.4s
  Epoch 44 Batch 300/460 | Loss=0.090306 | diff=0.0818 | coarse=0.1062 | 12.5s
  Epoch 44 Batch 350/460 | Loss=0.083274 | diff=0.0767 | coarse=0.0817 | 14.6s
  Epoch 44 Batch 400/460 | Loss=0.103713 | diff=0.0954 | coarse=0.1045 | 16.7s
  Epoch 44 Batch 450/460 | Loss=0.105757 | diff=0.0977 | coarse=0.1007 | 18.9s
  Epoch 44 Batch 460/460 | Loss=0.034595 | diff=0.0321 | coarse=0.0314 | 19.3s
Epoch 44/120 | Loss=0.101013 | Val RMSE=12.6723 | Val MAE=8.9081 | Val MAPE=36.08% | LR=5.19e-04 | 29.1s
[INFO] start epoch 45/120
  Epoch 45 Batch 50/460 | Loss=0.126943 | diff=0.1159 | coarse=0.1377 | 2.0s
  Epoch 45 Batch 100/460 | Loss=0.094963 | diff=0.0867 | coarse=0.1028 | 4.1s
  Epoch 45 Batch 150/460 | Loss=0.102862 | diff=0.0940 | coarse=0.1113 | 6.2s
  Epoch 45 Batch 200/460 | Loss=0.101763 | diff=0.0939 | coarse=0.0989 | 8.3s
  Epoch 45 Batch 250/460 | Loss=0.082178 | diff=0.0753 | coarse=0.0859 | 10.4s
  Epoch 45 Batch 300/460 | Loss=0.084533 | diff=0.0768 | coarse=0.0973 | 12.5s
  Epoch 45 Batch 350/460 | Loss=0.086912 | diff=0.0804 | coarse=0.0812 | 14.6s
  Epoch 45 Batch 400/460 | Loss=0.099656 | diff=0.0912 | coarse=0.1056 | 16.7s
  Epoch 45 Batch 450/460 | Loss=0.102298 | diff=0.0943 | coarse=0.1004 | 18.8s
  Epoch 45 Batch 460/460 | Loss=0.029001 | diff=0.0268 | coarse=0.0281 | 19.2s
Epoch 45/120 | Loss=0.098806 | Val RMSE=12.6681 | Val MAE=8.8283 | Val MAPE=35.49% | LR=5.11e-04 | 29.0s
[INFO] start epoch 46/120
  Epoch 46 Batch 50/460 | Loss=0.114661 | diff=0.1043 | coarse=0.1294 | 2.0s
  Epoch 46 Batch 100/460 | Loss=0.090656 | diff=0.0827 | coarse=0.0998 | 4.1s
  Epoch 46 Batch 150/460 | Loss=0.106287 | diff=0.0967 | coarse=0.1197 | 6.2s
  Epoch 46 Batch 200/460 | Loss=0.097932 | diff=0.0896 | coarse=0.1043 | 8.3s
  Epoch 46 Batch 250/460 | Loss=0.094900 | diff=0.0872 | coarse=0.0960 | 10.5s
  Epoch 46 Batch 300/460 | Loss=0.081872 | diff=0.0743 | coarse=0.0947 | 12.6s
  Epoch 46 Batch 350/460 | Loss=0.085953 | diff=0.0794 | coarse=0.0820 | 14.7s
  Epoch 46 Batch 400/460 | Loss=0.099734 | diff=0.0907 | coarse=0.1127 | 16.8s
  Epoch 46 Batch 450/460 | Loss=0.100471 | diff=0.0926 | coarse=0.0986 | 18.9s
  Epoch 46 Batch 460/460 | Loss=0.029214 | diff=0.0269 | coarse=0.0287 | 19.3s
Epoch 46/120 | Loss=0.098530 | Val RMSE=12.7617 | Val MAE=8.7832 | Val MAPE=35.64% | LR=5.02e-04 | 29.1s
[INFO] start epoch 47/120
  Epoch 47 Batch 50/460 | Loss=0.115250 | diff=0.1052 | coarse=0.1261 | 2.0s
  Epoch 47 Batch 100/460 | Loss=0.093743 | diff=0.0859 | coarse=0.0980 | 4.2s
  Epoch 47 Batch 150/460 | Loss=0.102076 | diff=0.0917 | coarse=0.1300 | 6.5s
  Epoch 47 Batch 200/460 | Loss=0.087853 | diff=0.0807 | coarse=0.0894 | 8.7s
  Epoch 47 Batch 250/460 | Loss=0.082503 | diff=0.0754 | coarse=0.0885 | 11.0s
  Epoch 47 Batch 300/460 | Loss=0.085291 | diff=0.0776 | coarse=0.0966 | 13.3s
  Epoch 47 Batch 350/460 | Loss=0.081142 | diff=0.0748 | coarse=0.0787 | 15.5s
  Epoch 47 Batch 400/460 | Loss=0.096951 | diff=0.0884 | coarse=0.1069 | 17.8s
  Epoch 47 Batch 450/460 | Loss=0.099844 | diff=0.0924 | coarse=0.0932 | 20.1s
  Epoch 47 Batch 460/460 | Loss=0.031201 | diff=0.0282 | coarse=0.0380 | 20.5s
Epoch 47/120 | Loss=0.097535 | Val RMSE=12.9013 | Val MAE=8.9845 | Val MAPE=37.36% | LR=4.94e-04 | 30.2s
[INFO] start epoch 48/120
  Epoch 48 Batch 50/460 | Loss=0.108849 | diff=0.0989 | coarse=0.1249 | 2.0s
  Epoch 48 Batch 100/460 | Loss=0.092866 | diff=0.0857 | coarse=0.0893 | 4.1s
  [WARN] skip non-finite grad at epoch 48 batch 143
  Epoch 48 Batch 150/460 | Loss=0.099657 | diff=0.0907 | coarse=0.1114 | 6.2s
  Epoch 48 Batch 200/460 | Loss=0.085619 | diff=0.0786 | coarse=0.0881 | 8.3s
  Epoch 48 Batch 250/460 | Loss=0.096320 | diff=0.0883 | coarse=0.1008 | 10.4s
  Epoch 48 Batch 300/460 | Loss=0.087069 | diff=0.0800 | coarse=0.0889 | 12.5s
  Epoch 48 Batch 350/460 | Loss=0.077503 | diff=0.0713 | coarse=0.0781 | 14.6s
  Epoch 48 Batch 400/460 | Loss=0.097354 | diff=0.0895 | coarse=0.0981 | 16.7s
  Epoch 48 Batch 450/460 | Loss=0.098460 | diff=0.0909 | coarse=0.0944 | 18.8s
  Epoch 48 Batch 460/460 | Loss=0.029100 | diff=0.0257 | coarse=0.0430 | 19.2s
Epoch 48/120 | Loss=0.095318 | Val RMSE=12.9200 | Val MAE=9.0047 | Val MAPE=37.13% | LR=4.85e-04 | 29.0s
[INFO] start epoch 49/120
  Epoch 49 Batch 50/460 | Loss=0.111577 | diff=0.1016 | coarse=0.1246 | 2.0s
  Epoch 49 Batch 100/460 | Loss=0.091946 | diff=0.0847 | coarse=0.0900 | 4.1s
  Epoch 49 Batch 150/460 | Loss=0.098112 | diff=0.0897 | coarse=0.1050 | 6.2s
  Epoch 49 Batch 200/460 | Loss=0.086700 | diff=0.0796 | coarse=0.0887 | 8.3s
  Epoch 49 Batch 250/460 | Loss=0.087402 | diff=0.0794 | coarse=0.1006 | 10.4s
  Epoch 49 Batch 300/460 | Loss=0.088257 | diff=0.0814 | coarse=0.0853 | 12.5s
  Epoch 49 Batch 350/460 | Loss=0.079312 | diff=0.0730 | coarse=0.0788 | 14.6s
  Epoch 49 Batch 400/460 | Loss=0.093086 | diff=0.0854 | coarse=0.0960 | 16.7s
  Epoch 49 Batch 450/460 | Loss=0.098853 | diff=0.0909 | coarse=0.0995 | 18.8s
  Epoch 49 Batch 460/460 | Loss=0.028602 | diff=0.0248 | coarse=0.0478 | 19.3s
Epoch 49/120 | Loss=0.093619 | Val RMSE=13.0006 | Val MAE=8.9562 | Val MAPE=36.87% | LR=4.76e-04 | 29.0s
[INFO] start epoch 50/120
  Epoch 50 Batch 50/460 | Loss=0.106151 | diff=0.0973 | coarse=0.1107 | 2.0s
  Epoch 50 Batch 100/460 | Loss=0.088689 | diff=0.0813 | coarse=0.0927 | 4.1s
  Epoch 50 Batch 150/460 | Loss=0.097274 | diff=0.0896 | coarse=0.0962 | 6.2s
  Epoch 50 Batch 200/460 | Loss=0.094483 | diff=0.0871 | coarse=0.0919 | 8.2s
  Epoch 50 Batch 250/460 | Loss=0.092667 | diff=0.0849 | coarse=0.0967 | 10.3s
  Epoch 50 Batch 300/460 | Loss=0.084077 | diff=0.0770 | coarse=0.0891 | 12.4s
  Epoch 50 Batch 350/460 | Loss=0.079489 | diff=0.0733 | coarse=0.0774 | 14.5s
  Epoch 50 Batch 400/460 | Loss=0.092048 | diff=0.0844 | coarse=0.0954 | 16.6s
  Epoch 50 Batch 450/460 | Loss=0.105204 | diff=0.0954 | coarse=0.1224 | 18.7s
  Epoch 50 Batch 460/460 | Loss=0.029330 | diff=0.0251 | coarse=0.0527 | 19.1s
Epoch 50/120 | Loss=0.093156 | Val RMSE=12.9851 | Val MAE=9.0006 | Val MAPE=37.11% | LR=4.67e-04 | 28.7s
[INFO] start epoch 51/120
  Epoch 51 Batch 50/460 | Loss=0.102016 | diff=0.0932 | coarse=0.1105 | 2.0s
  Epoch 51 Batch 100/460 | Loss=0.086931 | diff=0.0798 | coarse=0.0893 | 4.1s
  Epoch 51 Batch 150/460 | Loss=0.095968 | diff=0.0887 | coarse=0.0911 | 6.1s
  Epoch 51 Batch 200/460 | Loss=0.095428 | diff=0.0878 | coarse=0.0947 | 8.2s
  Epoch 51 Batch 250/460 | Loss=0.102203 | diff=0.0943 | coarse=0.0982 | 10.3s
  Epoch 51 Batch 300/460 | Loss=0.080142 | diff=0.0734 | coarse=0.0844 | 12.4s
  Epoch 51 Batch 350/460 | Loss=0.082978 | diff=0.0763 | coarse=0.0830 | 14.5s
  Epoch 51 Batch 400/460 | Loss=0.091270 | diff=0.0835 | coarse=0.0973 | 16.5s
  Epoch 51 Batch 450/460 | Loss=0.104557 | diff=0.0938 | coarse=0.1349 | 18.6s
  Epoch 51 Batch 460/460 | Loss=0.027885 | diff=0.0245 | coarse=0.0420 | 19.0s
Epoch 51/120 | Loss=0.093211 | Val RMSE=12.8037 | Val MAE=8.8642 | Val MAPE=35.48% | LR=4.58e-04 | 28.7s
[INFO] start epoch 52/120
  Epoch 52 Batch 50/460 | Loss=0.104260 | diff=0.0950 | coarse=0.1153 | 2.0s
  Epoch 52 Batch 100/460 | Loss=0.081079 | diff=0.0744 | coarse=0.0830 | 4.1s
  Epoch 52 Batch 150/460 | Loss=0.092271 | diff=0.0851 | coarse=0.0902 | 6.2s
  Epoch 52 Batch 200/460 | Loss=0.078236 | diff=0.0716 | coarse=0.0825 | 8.3s
  Epoch 52 Batch 250/460 | Loss=0.092425 | diff=0.0841 | coarse=0.1041 | 10.3s
  Epoch 52 Batch 300/460 | Loss=0.077857 | diff=0.0713 | coarse=0.0820 | 12.4s
  Epoch 52 Batch 350/460 | Loss=0.084325 | diff=0.0776 | coarse=0.0844 | 14.5s
  Epoch 52 Batch 400/460 | Loss=0.092257 | diff=0.0844 | coarse=0.0982 | 16.6s
  Epoch 52 Batch 450/460 | Loss=0.098006 | diff=0.0897 | coarse=0.1042 | 18.7s
  [WARN] skip non-finite grad at epoch 52 batch 457
  Epoch 52 Batch 460/460 | Loss=0.039534 | diff=0.0374 | coarse=0.0273 | 19.1s
Epoch 52/120 | Loss=0.091641 | Val RMSE=12.7348 | Val MAE=8.7436 | Val MAPE=34.97% | LR=4.49e-04 | 28.9s
[INFO] start epoch 53/120
  Epoch 53 Batch 50/460 | Loss=0.114148 | diff=0.1039 | coarse=0.1278 | 2.0s
  Epoch 53 Batch 100/460 | Loss=0.085005 | diff=0.0782 | coarse=0.0847 | 4.1s
  Epoch 53 Batch 150/460 | Loss=0.091399 | diff=0.0842 | coarse=0.0895 | 6.2s
  Epoch 53 Batch 200/460 | Loss=0.077046 | diff=0.0708 | coarse=0.0776 | 8.2s
  Epoch 53 Batch 250/460 | Loss=0.088792 | diff=0.0809 | coarse=0.0982 | 10.3s
  Epoch 53 Batch 300/460 | Loss=0.078272 | diff=0.0715 | coarse=0.0849 | 12.4s
  Epoch 53 Batch 350/460 | Loss=0.084728 | diff=0.0772 | coarse=0.0940 | 14.5s
  Epoch 53 Batch 400/460 | Loss=0.091474 | diff=0.0835 | coarse=0.1001 | 16.6s
  Epoch 53 Batch 450/460 | Loss=0.099850 | diff=0.0925 | coarse=0.0918 | 18.6s
  Epoch 53 Batch 460/460 | Loss=0.030842 | diff=0.0287 | coarse=0.0270 | 19.1s
Epoch 53/120 | Loss=0.090633 | Val RMSE=12.7534 | Val MAE=8.7853 | Val MAPE=35.37% | LR=4.40e-04 | 28.9s
[INFO] start epoch 54/120
  Epoch 54 Batch 50/460 | Loss=0.111322 | diff=0.1017 | coarse=0.1203 | 2.0s
  Epoch 54 Batch 100/460 | Loss=0.080298 | diff=0.0737 | coarse=0.0831 | 4.1s
  Epoch 54 Batch 150/460 | Loss=0.091325 | diff=0.0840 | coarse=0.0910 | 6.2s
  Epoch 54 Batch 200/460 | Loss=0.080591 | diff=0.0738 | coarse=0.0852 | 8.2s
  Epoch 54 Batch 250/460 | Loss=0.086331 | diff=0.0776 | coarse=0.1095 | 10.3s
  Epoch 54 Batch 300/460 | Loss=0.099502 | diff=0.0929 | coarse=0.0825 | 12.4s
  Epoch 54 Batch 350/460 | Loss=0.077726 | diff=0.0708 | coarse=0.0871 | 14.5s
  Epoch 54 Batch 400/460 | Loss=0.094695 | diff=0.0868 | coarse=0.0984 | 16.6s
  Epoch 54 Batch 450/460 | Loss=0.098637 | diff=0.0917 | coarse=0.0873 | 18.7s
  Epoch 54 Batch 460/460 | Loss=0.029211 | diff=0.0271 | coarse=0.0263 | 19.1s
Epoch 54/120 | Loss=0.089812 | Val RMSE=12.8069 | Val MAE=8.7456 | Val MAPE=35.36% | LR=4.31e-04 | 28.6s
[INFO] start epoch 55/120
  Epoch 55 Batch 50/460 | Loss=0.102590 | diff=0.0937 | coarse=0.1117 | 2.0s
  Epoch 55 Batch 100/460 | Loss=0.081441 | diff=0.0748 | coarse=0.0831 | 4.0s
  Epoch 55 Batch 150/460 | Loss=0.087667 | diff=0.0805 | coarse=0.0891 | 6.1s
  Epoch 55 Batch 200/460 | Loss=0.077388 | diff=0.0703 | coarse=0.0891 | 8.1s
  Epoch 55 Batch 250/460 | Loss=0.082768 | diff=0.0755 | coarse=0.0909 | 10.2s
  Epoch 55 Batch 300/460 | Loss=0.077263 | diff=0.0708 | coarse=0.0803 | 12.2s
  Epoch 55 Batch 350/460 | Loss=0.078484 | diff=0.0716 | coarse=0.0860 | 14.3s
  Epoch 55 Batch 400/460 | Loss=0.092259 | diff=0.0839 | coarse=0.1045 | 16.3s
  Epoch 55 Batch 450/460 | Loss=0.090205 | diff=0.0831 | coarse=0.0887 | 18.4s
  Epoch 55 Batch 460/460 | Loss=0.026289 | diff=0.0242 | coarse=0.0264 | 18.8s
Epoch 55/120 | Loss=0.088856 | Val RMSE=12.8235 | Val MAE=8.7947 | Val MAPE=36.22% | LR=4.21e-04 | 28.3s
[INFO] start epoch 56/120
  Epoch 56 Batch 50/460 | Loss=0.096029 | diff=0.0872 | coarse=0.1107 | 2.0s
  Epoch 56 Batch 100/460 | Loss=0.079190 | diff=0.0728 | coarse=0.0800 | 4.0s
  Epoch 56 Batch 150/460 | Loss=0.087094 | diff=0.0800 | coarse=0.0884 | 6.0s
  Epoch 56 Batch 200/460 | Loss=0.078187 | diff=0.0717 | coarse=0.0816 | 8.1s
  Epoch 56 Batch 250/460 | Loss=0.082073 | diff=0.0755 | coarse=0.0822 | 10.2s
  Epoch 56 Batch 300/460 | Loss=0.076007 | diff=0.0695 | coarse=0.0813 | 12.2s
  Epoch 56 Batch 350/460 | Loss=0.077528 | diff=0.0709 | coarse=0.0825 | 14.3s
  Epoch 56 Batch 400/460 | Loss=0.090100 | diff=0.0814 | coarse=0.1088 | 16.3s
  Epoch 56 Batch 450/460 | Loss=0.090406 | diff=0.0829 | coarse=0.0932 | 18.4s
  Epoch 56 Batch 460/460 | Loss=0.025251 | diff=0.0225 | coarse=0.0348 | 18.8s
Epoch 56/120 | Loss=0.087938 | Val RMSE=12.9054 | Val MAE=8.8246 | Val MAPE=36.35% | LR=4.12e-04 | 28.3s
[EARLY STOP] patience=15, best_val_rmse=12.6314 at epoch 41
[INFO] PE-DiffWaveNet noleak training finished
{
  "split_mode": "noleak",
  "model_name": "PE-DiffWaveNet",
  "best_epoch": 41,
  "best_valid_rmse": 12.6314220239927,
  "best_valid_mae": 8.959351014650057,
  "best_valid_mape": 36.484766878851524,
  "test_rmse": 11.50911029649757,
  "test_mae": 8.17224774752324,
  "test_mape": 32.56308351980074,
  "relative_rmse": 2.8071000723164805,
  "relative_mae": 1.9932311579324975,
  "train_scale_max": 410.0,
  "world_size": 1,
  "eval_inference_steps": 50,
  "eval_num_samples": 3,
  "eval_t_start_ratio": 0.25,
  "use_diffusion": 1,
  "use_pe_graph": 1,
  "use_pe_film": 1,
  "pe_source": "train",
  "pe_graph_alpha": 1.0,
  "pe_film_scale": 1.0,
  "pe_film_zero_init": 0,
  "normalize_pe_features": 1,
  "pe_shuffle_seed": -1,
  "pe_adaptive_loss": 0,
  "pe_loss_weight": 0.15,
  "pe_loss_start_step": 4,
  "pe_loss_normalize": 1,
  "per_step_rmse": [
    7.216976295942853,
    9.672708956836923,
    11.235467684690205,
    12.287430517553883,
    13.289391847091505,
    13.974514481685201
  ],
  "per_step_mae": [
    5.2257842885243075,
    6.9160171955948435,
    8.153614159685075,
    8.909442076814308,
    9.62794745923485,
    10.20068130528607
  ],
  "step4_6_rmse_avg": 13.183778948776862,
  "peak_mode": "percentile",
  "peak_threshold": 65.99999815225601,
  "peak_count": 36556,
  "peak_ratio": 0.1000520020800832,
  "rmse_peak": 13.264367750950314,
  "mae_peak": 8.752379251967263
}
  Peak_mode      : percentile
  Peak_threshold : 66.00 μg/m³
  Peak_count     : 36556
  Peak_ratio     : 10.01%
  RMSE_peak      : 13.2644
  MAE_peak       : 8.7524
Per-step metrics:
  Step        RMSE         MAE
     1      7.2170      5.2258
     2      9.6727      6.9160
     3     11.2355      8.1536
     4     12.2874      8.9094
     5     13.2894      9.6279
     6     13.9745     10.2007
[INFO] outputs: /home/cl/ozone-forecast/matrix_N95_PEDiffWaveNet_noleak_g3_pedw_p6_l24_s62
[INFO] weights: /home/cl/ozone-forecast/weights_N95/weights_pediffwavenet_noleak_g3_pedw_p6_l24_s62
