nohup: ignoring input
[INFO] PE-DiffWaveNet noleak training
[INFO] device=cuda, world_size=1
[INFO] output_dir=/home/cl/ozone-forecast/matrix_N95_PEDiffWaveNet_noleak_g3_pedw_p3_l24_s42
[INFO] clean_room=1, pe_source=train, use_pe_graph=1, use_pe_film=1, use_diffusion=1, pe_graph_alpha=1.0, pe_film_scale=1.0, pe_film_zero_init=0, pe_shuffle_seed=-1, pe_adaptive_loss=0, pe_loss_weight=0.15
[INFO] loading meteorological data...
[INFO] loading met cache: /home/cl/ozone-forecast/matrix_N95/met_raw_aligned_cache.npz
[INFO] trainX=(7352, 24, 95, 15), trainY=(7352, 3, 95)
[INFO] validX=(643, 24, 95, 15), validY=(643, 3, 95)
[INFO] testX=(644, 24, 95, 15), testY=(644, 3, 95)
[INFO] train-only PE time range: {'start_idx': 0, 'end_idx': 7377, 'start_time': '2022-01-01 00:00:00', 'end_time': '2022-11-05 23:00:00', 'length': 7378}
[INFO] building PE features: nodes=95, scales=[6, 9, 12, 24, 48, 72], step=1
[INFO] PE feature progress: 20/95
[INFO] PE feature progress: 40/95
[INFO] PE feature progress: 60/95
[INFO] PE feature progress: 80/95
[INFO] PE feature progress: 95/95
[INFO] building PE features: nodes=95, scales=[6, 9, 12, 24, 48, 72], step=1
[INFO] PE feature progress: 20/95
[INFO] PE feature progress: 40/95
[INFO] PE feature progress: 60/95
[INFO] PE feature progress: 80/95
[INFO] PE feature progress: 95/95
[INFO] graph nnz: S=691, T=1570, PE=2293
[INFO] train batches/epoch=460, effective_batch=16
[INFO] model_params=621392
/home/cl/ozone-forecast/code/train_pediffwavenet_noleak.py:410: FutureWarning: `torch.cuda.amp.GradScaler(args...)` is deprecated. Please use `torch.amp.GradScaler('cuda', args...)` instead.
  scaler = torch.cuda.amp.GradScaler(enabled=use_amp)
[INFO] start epoch 1/120
  Epoch 1 Batch 50/460 | Loss=3.118505 | diff=2.8151 | coarse=3.7925 | 2.8s
  Epoch 1 Batch 100/460 | Loss=1.885335 | diff=1.7304 | coarse=1.9364 | 4.8s
  Epoch 1 Batch 150/460 | Loss=0.817391 | diff=0.7673 | coarse=0.6257 | 6.8s
  Epoch 1 Batch 200/460 | Loss=0.352435 | diff=0.3281 | coarse=0.3040 | 8.9s
  Epoch 1 Batch 250/460 | Loss=0.193682 | diff=0.1749 | coarse=0.2351 | 11.0s
  Epoch 1 Batch 300/460 | Loss=0.216361 | diff=0.2009 | coarse=0.1933 | 13.1s
  Epoch 1 Batch 350/460 | Loss=0.117626 | diff=0.1066 | coarse=0.1380 | 15.2s
  Epoch 1 Batch 400/460 | Loss=0.138003 | diff=0.1231 | coarse=0.1860 | 17.2s
  Epoch 1 Batch 450/460 | Loss=0.110997 | diff=0.1003 | coarse=0.1342 | 19.4s
  Epoch 1 Batch 460/460 | Loss=0.055465 | diff=0.0510 | coarse=0.0556 | 19.9s
Epoch 1/120 | Loss=1.044745 | Val RMSE=117.9494 | Val MAE=114.3418 | Val MAPE=523.82% | LR=1.20e-04 | 30.2s
  [BEST] epoch=1, val_rmse=117.9494
[INFO] start epoch 2/120
  Epoch 2 Batch 50/460 | Loss=0.103064 | diff=0.0936 | coarse=0.1188 | 2.1s
  Epoch 2 Batch 100/460 | Loss=0.108775 | diff=0.0997 | coarse=0.1138 | 4.2s
  Epoch 2 Batch 150/460 | Loss=0.079445 | diff=0.0726 | coarse=0.0856 | 6.3s
  Epoch 2 Batch 200/460 | Loss=0.201651 | diff=0.1856 | coarse=0.2004 | 8.4s
  Epoch 2 Batch 250/460 | Loss=0.241871 | diff=0.2217 | coarse=0.2523 | 10.6s
  Epoch 2 Batch 300/460 | Loss=0.095543 | diff=0.0892 | coarse=0.0791 | 13.0s
  Epoch 2 Batch 350/460 | Loss=0.103183 | diff=0.0940 | coarse=0.1153 | 15.2s
  Epoch 2 Batch 400/460 | Loss=0.161395 | diff=0.1438 | coarse=0.2202 | 17.3s
  Epoch 2 Batch 450/460 | Loss=0.089542 | diff=0.0841 | coarse=0.0682 | 19.4s
  Epoch 2 Batch 460/460 | Loss=0.069235 | diff=0.0653 | coarse=0.0496 | 19.8s
Epoch 2/120 | Loss=0.124677 | Val RMSE=86.0017 | Val MAE=83.0009 | Val MAPE=382.54% | LR=1.80e-04 | 30.0s
  [BEST] epoch=2, val_rmse=86.0017
[INFO] start epoch 3/120
  Epoch 3 Batch 50/460 | Loss=0.083634 | diff=0.0769 | coarse=0.0844 | 2.0s
  Epoch 3 Batch 100/460 | Loss=0.093137 | diff=0.0859 | coarse=0.0903 | 4.1s
  Epoch 3 Batch 150/460 | Loss=0.066110 | diff=0.0608 | coarse=0.0661 | 6.3s
  Epoch 3 Batch 200/460 | Loss=0.176736 | diff=0.1644 | coarse=0.1545 | 8.4s
  Epoch 3 Batch 250/460 | Loss=0.223593 | diff=0.2061 | coarse=0.2193 | 10.6s
  Epoch 3 Batch 300/460 | Loss=0.085786 | diff=0.0802 | coarse=0.0693 | 12.6s
  Epoch 3 Batch 350/460 | Loss=0.093400 | diff=0.0856 | coarse=0.0980 | 14.8s
  Epoch 3 Batch 400/460 | Loss=0.143399 | diff=0.1284 | coarse=0.1879 | 17.0s
  Epoch 3 Batch 450/460 | Loss=0.087670 | diff=0.0827 | coarse=0.0626 | 19.0s
  Epoch 3 Batch 460/460 | Loss=0.062412 | diff=0.0593 | coarse=0.0393 | 19.5s
Epoch 3/120 | Loss=0.108415 | Val RMSE=64.0016 | Val MAE=61.4972 | Val MAPE=285.09% | LR=2.40e-04 | 29.7s
  [BEST] epoch=3, val_rmse=64.0016
[INFO] start epoch 4/120
  Epoch 4 Batch 50/460 | Loss=0.077171 | diff=0.0713 | coarse=0.0735 | 1.8s
  Epoch 4 Batch 100/460 | Loss=0.089911 | diff=0.0834 | coarse=0.0820 | 3.8s
  Epoch 4 Batch 150/460 | Loss=0.060466 | diff=0.0557 | coarse=0.0600 | 5.7s
  Epoch 4 Batch 200/460 | Loss=0.164421 | diff=0.1528 | coarse=0.1451 | 7.9s
  Epoch 4 Batch 250/460 | Loss=0.221869 | diff=0.2068 | coarse=0.1878 | 10.1s
  Epoch 4 Batch 300/460 | Loss=0.078608 | diff=0.0733 | coarse=0.0666 | 12.3s
  Epoch 4 Batch 350/460 | Loss=0.089857 | diff=0.0821 | coarse=0.0970 | 14.6s
  Epoch 4 Batch 400/460 | Loss=0.135359 | diff=0.1220 | coarse=0.1669 | 16.8s
  Epoch 4 Batch 450/460 | Loss=0.076385 | diff=0.0719 | coarse=0.0565 | 19.0s
  Epoch 4 Batch 460/460 | Loss=0.061189 | diff=0.0582 | coarse=0.0377 | 19.5s
Epoch 4/120 | Loss=0.100976 | Val RMSE=49.0384 | Val MAE=46.8489 | Val MAPE=217.96% | LR=3.00e-04 | 29.4s
  [BEST] epoch=4, val_rmse=49.0384
[INFO] start epoch 5/120
  Epoch 5 Batch 50/460 | Loss=0.073806 | diff=0.0683 | coarse=0.0689 | 1.9s
  Epoch 5 Batch 100/460 | Loss=0.085934 | diff=0.0796 | coarse=0.0792 | 3.8s
  Epoch 5 Batch 150/460 | Loss=0.057912 | diff=0.0534 | coarse=0.0570 | 5.8s
  Epoch 5 Batch 200/460 | Loss=0.157531 | diff=0.1463 | coarse=0.1407 | 7.7s
  Epoch 5 Batch 250/460 | Loss=0.226351 | diff=0.2128 | coarse=0.1699 | 9.7s
  Epoch 5 Batch 300/460 | Loss=0.074677 | diff=0.0695 | coarse=0.0644 | 11.7s
  Epoch 5 Batch 350/460 | Loss=0.086349 | diff=0.0788 | coarse=0.0947 | 13.8s
  Epoch 5 Batch 400/460 | Loss=0.130428 | diff=0.1184 | coarse=0.1503 | 15.9s
  Epoch 5 Batch 450/460 | Loss=0.067877 | diff=0.0636 | coarse=0.0540 | 18.1s
  Epoch 5 Batch 460/460 | Loss=0.059685 | diff=0.0567 | coarse=0.0370 | 18.5s
Epoch 5/120 | Loss=0.096314 | Val RMSE=38.0289 | Val MAE=36.0071 | Val MAPE=166.97% | LR=3.00e-04 | 28.5s
  [BEST] epoch=5, val_rmse=38.0289
[INFO] start epoch 6/120
  Epoch 6 Batch 50/460 | Loss=0.072256 | diff=0.0670 | coarse=0.0661 | 1.9s
  Epoch 6 Batch 100/460 | Loss=0.082308 | diff=0.0760 | coarse=0.0783 | 3.7s
  Epoch 6 Batch 150/460 | Loss=0.055705 | diff=0.0513 | coarse=0.0545 | 5.6s
  Epoch 6 Batch 200/460 | Loss=0.143524 | diff=0.1334 | coarse=0.1268 | 7.7s
  Epoch 6 Batch 250/460 | Loss=0.208393 | diff=0.1950 | coarse=0.1679 | 9.6s
  Epoch 6 Batch 300/460 | Loss=0.073667 | diff=0.0686 | coarse=0.0635 | 11.7s
  Epoch 6 Batch 350/460 | Loss=0.080081 | diff=0.0728 | coarse=0.0907 | 13.8s
  Epoch 6 Batch 400/460 | Loss=0.129527 | diff=0.1173 | coarse=0.1531 | 15.9s
  Epoch 6 Batch 450/460 | Loss=0.063917 | diff=0.0597 | coarse=0.0528 | 18.0s
  Epoch 6 Batch 460/460 | Loss=0.056943 | diff=0.0542 | coarse=0.0345 | 18.5s
Epoch 6/120 | Loss=0.090779 | Val RMSE=28.4113 | Val MAE=26.3499 | Val MAPE=121.75% | LR=3.00e-04 | 28.5s
  [BEST] epoch=6, val_rmse=28.4113
[INFO] start epoch 7/120
  Epoch 7 Batch 50/460 | Loss=0.071981 | diff=0.0667 | coarse=0.0661 | 1.8s
  Epoch 7 Batch 100/460 | Loss=0.079556 | diff=0.0735 | coarse=0.0757 | 3.7s
  Epoch 7 Batch 150/460 | Loss=0.053138 | diff=0.0489 | coarse=0.0528 | 5.6s
  Epoch 7 Batch 200/460 | Loss=0.131356 | diff=0.1225 | coarse=0.1106 | 7.5s
  Epoch 7 Batch 250/460 | Loss=0.198201 | diff=0.1847 | coarse=0.1688 | 9.4s
  Epoch 7 Batch 300/460 | Loss=0.073154 | diff=0.0680 | coarse=0.0641 | 11.3s
  Epoch 7 Batch 350/460 | Loss=0.078233 | diff=0.0708 | coarse=0.0929 | 13.4s
  Epoch 7 Batch 400/460 | Loss=0.127337 | diff=0.1156 | coarse=0.1467 | 15.5s
  Epoch 7 Batch 450/460 | Loss=0.060356 | diff=0.0562 | coarse=0.0520 | 17.6s
  Epoch 7 Batch 460/460 | Loss=0.053777 | diff=0.0512 | coarse=0.0321 | 18.0s
Epoch 7/120 | Loss=0.086921 | Val RMSE=21.9299 | Val MAE=19.8010 | Val MAPE=90.49% | LR=3.00e-04 | 28.0s
  [BEST] epoch=7, val_rmse=21.9299
[INFO] start epoch 8/120
  Epoch 8 Batch 50/460 | Loss=0.069476 | diff=0.0643 | coarse=0.0643 | 1.8s
  Epoch 8 Batch 100/460 | Loss=0.075635 | diff=0.0698 | coarse=0.0730 | 3.6s
  Epoch 8 Batch 150/460 | Loss=0.051814 | diff=0.0476 | coarse=0.0522 | 5.6s
  Epoch 8 Batch 200/460 | Loss=0.120912 | diff=0.1129 | coarse=0.0998 | 7.4s
  Epoch 8 Batch 250/460 | Loss=0.183786 | diff=0.1711 | coarse=0.1587 | 9.4s
  Epoch 8 Batch 300/460 | Loss=0.071238 | diff=0.0662 | coarse=0.0624 | 11.5s
  Epoch 8 Batch 350/460 | Loss=0.076803 | diff=0.0695 | coarse=0.0916 | 13.6s
  Epoch 8 Batch 400/460 | Loss=0.126563 | diff=0.1151 | coarse=0.1433 | 15.8s
  Epoch 8 Batch 450/460 | Loss=0.058311 | diff=0.0541 | coarse=0.0530 | 18.0s
  Epoch 8 Batch 460/460 | Loss=0.051023 | diff=0.0486 | coarse=0.0305 | 18.4s
Epoch 8/120 | Loss=0.083719 | Val RMSE=18.8854 | Val MAE=16.7347 | Val MAPE=76.32% | LR=2.99e-04 | 28.7s
  [BEST] epoch=8, val_rmse=18.8854
[INFO] start epoch 9/120
  Epoch 9 Batch 50/460 | Loss=0.067270 | diff=0.0623 | coarse=0.0619 | 1.8s
  Epoch 9 Batch 100/460 | Loss=0.073401 | diff=0.0677 | coarse=0.0713 | 3.7s
  Epoch 9 Batch 150/460 | Loss=0.051673 | diff=0.0475 | coarse=0.0519 | 5.7s
  Epoch 9 Batch 200/460 | Loss=0.114080 | diff=0.1065 | coarse=0.0947 | 7.7s
  Epoch 9 Batch 250/460 | Loss=0.166567 | diff=0.1549 | coarse=0.1454 | 9.8s
  Epoch 9 Batch 300/460 | Loss=0.069377 | diff=0.0646 | coarse=0.0601 | 12.0s
  Epoch 9 Batch 350/460 | Loss=0.072551 | diff=0.0657 | coarse=0.0851 | 14.6s
  Epoch 9 Batch 400/460 | Loss=0.122261 | diff=0.1111 | coarse=0.1393 | 16.5s
  Epoch 9 Batch 450/460 | Loss=0.056745 | diff=0.0525 | coarse=0.0531 | 18.6s
  Epoch 9 Batch 460/460 | Loss=0.049849 | diff=0.0474 | coarse=0.0312 | 19.0s
Epoch 9/120 | Loss=0.080681 | Val RMSE=17.2187 | Val MAE=15.0198 | Val MAPE=68.72% | LR=2.99e-04 | 28.9s
  [BEST] epoch=9, val_rmse=17.2187
[INFO] start epoch 10/120
  Epoch 10 Batch 50/460 | Loss=0.066473 | diff=0.0616 | coarse=0.0615 | 1.8s
  Epoch 10 Batch 100/460 | Loss=0.070224 | diff=0.0647 | coarse=0.0684 | 3.8s
  Epoch 10 Batch 150/460 | Loss=0.051856 | diff=0.0477 | coarse=0.0518 | 5.7s
  Epoch 10 Batch 200/460 | Loss=0.111419 | diff=0.1039 | coarse=0.0940 | 7.7s
  Epoch 10 Batch 250/460 | Loss=0.145077 | diff=0.1346 | coarse=0.1306 | 9.7s
  Epoch 10 Batch 300/460 | Loss=0.066569 | diff=0.0620 | coarse=0.0567 | 11.7s
  Epoch 10 Batch 350/460 | Loss=0.069421 | diff=0.0632 | coarse=0.0781 | 13.7s
  Epoch 10 Batch 400/460 | Loss=0.117989 | diff=0.1069 | coarse=0.1380 | 15.7s
  Epoch 10 Batch 450/460 | Loss=0.055339 | diff=0.0514 | coarse=0.0495 | 17.7s
  Epoch 10 Batch 460/460 | Loss=0.047790 | diff=0.0452 | coarse=0.0329 | 18.1s
Epoch 10/120 | Loss=0.077502 | Val RMSE=15.2445 | Val MAE=12.9204 | Val MAPE=58.35% | LR=2.99e-04 | 28.0s
  [BEST] epoch=10, val_rmse=15.2445
[INFO] start epoch 11/120
  Epoch 11 Batch 50/460 | Loss=0.065272 | diff=0.0604 | coarse=0.0611 | 1.9s
  Epoch 11 Batch 100/460 | Loss=0.069082 | diff=0.0637 | coarse=0.0669 | 3.7s
  Epoch 11 Batch 150/460 | Loss=0.051621 | diff=0.0475 | coarse=0.0509 | 5.6s
  Epoch 11 Batch 200/460 | Loss=0.107091 | diff=0.0995 | coarse=0.0944 | 7.5s
  Epoch 11 Batch 250/460 | Loss=0.123868 | diff=0.1141 | coarse=0.1219 | 9.4s
  Epoch 11 Batch 300/460 | Loss=0.062261 | diff=0.0579 | coarse=0.0545 | 11.4s
  Epoch 11 Batch 350/460 | Loss=0.071744 | diff=0.0657 | coarse=0.0752 | 13.4s
  Epoch 11 Batch 400/460 | Loss=0.116560 | diff=0.1053 | coarse=0.1406 | 15.6s
  Epoch 11 Batch 450/460 | Loss=0.051444 | diff=0.0477 | coarse=0.0468 | 17.6s
  Epoch 11 Batch 460/460 | Loss=0.043406 | diff=0.0409 | coarse=0.0317 | 18.0s
Epoch 11/120 | Loss=0.074168 | Val RMSE=13.3486 | Val MAE=10.9404 | Val MAPE=48.33% | LR=2.98e-04 | 28.0s
  [BEST] epoch=11, val_rmse=13.3486
[INFO] start epoch 12/120
  Epoch 12 Batch 50/460 | Loss=0.064035 | diff=0.0592 | coarse=0.0608 | 1.9s
  Epoch 12 Batch 100/460 | Loss=0.066585 | diff=0.0614 | coarse=0.0649 | 3.8s
  Epoch 12 Batch 150/460 | Loss=0.051217 | diff=0.0472 | coarse=0.0506 | 5.7s
  Epoch 12 Batch 200/460 | Loss=0.101295 | diff=0.0938 | coarse=0.0933 | 7.7s
  Epoch 12 Batch 250/460 | Loss=0.106024 | diff=0.0967 | coarse=0.1170 | 9.6s
  Epoch 12 Batch 300/460 | Loss=0.058822 | diff=0.0546 | coarse=0.0527 | 11.6s
  Epoch 12 Batch 350/460 | Loss=0.072013 | diff=0.0662 | coarse=0.0730 | 13.6s
  Epoch 12 Batch 400/460 | Loss=0.119305 | diff=0.1081 | coarse=0.1401 | 15.7s
  Epoch 12 Batch 450/460 | Loss=0.047401 | diff=0.0438 | coarse=0.0454 | 17.7s
  Epoch 12 Batch 460/460 | Loss=0.039595 | diff=0.0371 | coarse=0.0307 | 18.1s
Epoch 12/120 | Loss=0.070802 | Val RMSE=11.4895 | Val MAE=8.9430 | Val MAPE=38.13% | LR=2.97e-04 | 28.0s
  [BEST] epoch=12, val_rmse=11.4895
[INFO] start epoch 13/120
  Epoch 13 Batch 50/460 | Loss=0.062467 | diff=0.0577 | coarse=0.0596 | 1.9s
  Epoch 13 Batch 100/460 | Loss=0.064556 | diff=0.0595 | coarse=0.0631 | 3.9s
  Epoch 13 Batch 150/460 | Loss=0.050578 | diff=0.0465 | coarse=0.0505 | 5.8s
  Epoch 13 Batch 200/460 | Loss=0.088946 | diff=0.0818 | coarse=0.0888 | 7.7s
  Epoch 13 Batch 250/460 | Loss=0.093536 | diff=0.0843 | coarse=0.1151 | 9.7s
  Epoch 13 Batch 300/460 | Loss=0.056416 | diff=0.0523 | coarse=0.0518 | 11.6s
  Epoch 13 Batch 350/460 | Loss=0.066167 | diff=0.0606 | coarse=0.0702 | 13.6s
  Epoch 13 Batch 400/460 | Loss=0.119483 | diff=0.1089 | coarse=0.1328 | 15.6s
  Epoch 13 Batch 450/460 | Loss=0.048536 | diff=0.0448 | coarse=0.0464 | 17.6s
  Epoch 13 Batch 460/460 | Loss=0.037051 | diff=0.0346 | coarse=0.0305 | 18.0s
Epoch 13/120 | Loss=0.068089 | Val RMSE=10.2565 | Val MAE=7.5692 | Val MAPE=31.23% | LR=2.96e-04 | 28.0s
  [BEST] epoch=13, val_rmse=10.2565
[INFO] start epoch 14/120
  Epoch 14 Batch 50/460 | Loss=0.060148 | diff=0.0555 | coarse=0.0575 | 1.8s
  Epoch 14 Batch 100/460 | Loss=0.063757 | diff=0.0588 | coarse=0.0625 | 3.7s
  Epoch 14 Batch 150/460 | Loss=0.050344 | diff=0.0463 | coarse=0.0503 | 5.6s
  Epoch 14 Batch 200/460 | Loss=0.079599 | diff=0.0727 | coarse=0.0858 | 7.5s
  Epoch 14 Batch 250/460 | Loss=0.086398 | diff=0.0774 | coarse=0.1120 | 9.6s
  Epoch 14 Batch 300/460 | Loss=0.054820 | diff=0.0508 | coarse=0.0506 | 11.7s
  Epoch 14 Batch 350/460 | Loss=0.062674 | diff=0.0571 | coarse=0.0691 | 13.7s
  Epoch 14 Batch 400/460 | Loss=0.115885 | diff=0.1060 | coarse=0.1236 | 15.7s
  Epoch 14 Batch 450/460 | Loss=0.044228 | diff=0.0407 | coarse=0.0444 | 17.8s
  Epoch 14 Batch 460/460 | Loss=0.034896 | diff=0.0326 | coarse=0.0288 | 18.2s
Epoch 14/120 | Loss=0.065653 | Val RMSE=9.9755 | Val MAE=7.2163 | Val MAPE=29.67% | LR=2.95e-04 | 28.2s
  [BEST] epoch=14, val_rmse=9.9755
[INFO] start epoch 15/120
  Epoch 15 Batch 50/460 | Loss=0.059212 | diff=0.0546 | coarse=0.0573 | 1.7s
  Epoch 15 Batch 100/460 | Loss=0.063472 | diff=0.0584 | coarse=0.0629 | 3.6s
  Epoch 15 Batch 150/460 | Loss=0.050450 | diff=0.0464 | coarse=0.0502 | 5.4s
  Epoch 15 Batch 200/460 | Loss=0.066374 | diff=0.0601 | coarse=0.0789 | 7.4s
  Epoch 15 Batch 250/460 | Loss=0.082323 | diff=0.0737 | coarse=0.1078 | 9.3s
  Epoch 15 Batch 300/460 | Loss=0.053480 | diff=0.0495 | coarse=0.0496 | 11.3s
  Epoch 15 Batch 350/460 | Loss=0.059656 | diff=0.0542 | coarse=0.0677 | 13.4s
  Epoch 15 Batch 400/460 | Loss=0.112714 | diff=0.1033 | coarse=0.1175 | 15.5s
  Epoch 15 Batch 450/460 | Loss=0.043243 | diff=0.0398 | coarse=0.0437 | 17.7s
  Epoch 15 Batch 460/460 | Loss=0.032700 | diff=0.0306 | coarse=0.0265 | 18.1s
Epoch 15/120 | Loss=0.063379 | Val RMSE=9.7735 | Val MAE=6.9666 | Val MAPE=28.49% | LR=2.94e-04 | 28.4s
  [BEST] epoch=15, val_rmse=9.7735
[INFO] start epoch 16/120
  Epoch 16 Batch 50/460 | Loss=0.058371 | diff=0.0539 | coarse=0.0556 | 2.0s
  Epoch 16 Batch 100/460 | Loss=0.061542 | diff=0.0566 | coarse=0.0617 | 3.9s
  Epoch 16 Batch 150/460 | Loss=0.050003 | diff=0.0460 | coarse=0.0494 | 5.8s
  Epoch 16 Batch 200/460 | Loss=0.059853 | diff=0.0539 | coarse=0.0748 | 7.8s
  Epoch 16 Batch 250/460 | Loss=0.080624 | diff=0.0722 | coarse=0.1051 | 9.9s
  Epoch 16 Batch 300/460 | Loss=0.052307 | diff=0.0484 | coarse=0.0491 | 12.1s
  Epoch 16 Batch 350/460 | Loss=0.058385 | diff=0.0530 | coarse=0.0672 | 14.2s
  Epoch 16 Batch 400/460 | Loss=0.108943 | diff=0.0997 | coarse=0.1152 | 16.3s
  Epoch 16 Batch 450/460 | Loss=0.043638 | diff=0.0401 | coarse=0.0443 | 18.4s
  Epoch 16 Batch 460/460 | Loss=0.031349 | diff=0.0293 | coarse=0.0258 | 18.9s
Epoch 16/120 | Loss=0.061394 | Val RMSE=9.7261 | Val MAE=6.9145 | Val MAPE=28.39% | LR=2.93e-04 | 29.1s
  [BEST] epoch=16, val_rmse=9.7261
[INFO] start epoch 17/120
  Epoch 17 Batch 50/460 | Loss=0.056740 | diff=0.0524 | coarse=0.0544 | 1.8s
  Epoch 17 Batch 100/460 | Loss=0.060088 | diff=0.0553 | coarse=0.0601 | 3.7s
  Epoch 17 Batch 150/460 | Loss=0.050462 | diff=0.0465 | coarse=0.0493 | 5.6s
  Epoch 17 Batch 200/460 | Loss=0.057328 | diff=0.0515 | coarse=0.0724 | 7.7s
  Epoch 17 Batch 250/460 | Loss=0.082041 | diff=0.0738 | coarse=0.1035 | 9.8s
  Epoch 17 Batch 300/460 | Loss=0.051965 | diff=0.0480 | coarse=0.0491 | 11.9s
  Epoch 17 Batch 350/460 | Loss=0.056928 | diff=0.0516 | coarse=0.0664 | 14.1s
  Epoch 17 Batch 400/460 | Loss=0.105205 | diff=0.0963 | coarse=0.1115 | 16.3s
  Epoch 17 Batch 450/460 | Loss=0.042560 | diff=0.0391 | coarse=0.0431 | 18.5s
  Epoch 17 Batch 460/460 | Loss=0.030160 | diff=0.0281 | coarse=0.0255 | 18.9s
Epoch 17/120 | Loss=0.059900 | Val RMSE=9.6249 | Val MAE=6.7939 | Val MAPE=27.91% | LR=2.92e-04 | 29.1s
  [BEST] epoch=17, val_rmse=9.6249
[INFO] start epoch 18/120
  Epoch 18 Batch 50/460 | Loss=0.055576 | diff=0.0513 | coarse=0.0537 | 1.8s
  Epoch 18 Batch 100/460 | Loss=0.058918 | diff=0.0542 | coarse=0.0586 | 3.8s
  Epoch 18 Batch 150/460 | Loss=0.050005 | diff=0.0461 | coarse=0.0487 | 5.7s
  Epoch 18 Batch 200/460 | Loss=0.055987 | diff=0.0505 | coarse=0.0683 | 7.7s
  Epoch 18 Batch 250/460 | Loss=0.080860 | diff=0.0732 | coarse=0.0961 | 9.8s
  Epoch 18 Batch 300/460 | Loss=0.053065 | diff=0.0491 | coarse=0.0498 | 11.9s
  Epoch 18 Batch 350/460 | Loss=0.056205 | diff=0.0507 | coarse=0.0683 | 14.0s
  Epoch 18 Batch 400/460 | Loss=0.104426 | diff=0.0953 | coarse=0.1143 | 16.2s
  Epoch 18 Batch 450/460 | Loss=0.042043 | diff=0.0387 | coarse=0.0423 | 18.4s
  Epoch 18 Batch 460/460 | Loss=0.030129 | diff=0.0281 | coarse=0.0256 | 18.8s
Epoch 18/120 | Loss=0.059003 | Val RMSE=9.5570 | Val MAE=6.7413 | Val MAPE=27.73% | LR=2.91e-04 | 29.0s
  [BEST] epoch=18, val_rmse=9.5570
[INFO] start epoch 19/120
  Epoch 19 Batch 50/460 | Loss=0.053090 | diff=0.0489 | coarse=0.0524 | 1.9s
  Epoch 19 Batch 100/460 | Loss=0.058714 | diff=0.0541 | coarse=0.0576 | 3.8s
  Epoch 19 Batch 150/460 | Loss=0.052224 | diff=0.0484 | coarse=0.0483 | 5.7s
  Epoch 19 Batch 200/460 | Loss=0.065501 | diff=0.0596 | coarse=0.0735 | 7.8s
  Epoch 19 Batch 250/460 | Loss=0.076809 | diff=0.0698 | coarse=0.0878 | 9.8s
  Epoch 19 Batch 300/460 | Loss=0.050555 | diff=0.0467 | coarse=0.0478 | 11.9s
  Epoch 19 Batch 350/460 | Loss=0.056202 | diff=0.0507 | coarse=0.0688 | 13.9s
  Epoch 19 Batch 400/460 | Loss=0.100531 | diff=0.0917 | coarse=0.1101 | 16.0s
  Epoch 19 Batch 450/460 | Loss=0.041802 | diff=0.0385 | coarse=0.0417 | 18.1s
  Epoch 19 Batch 460/460 | Loss=0.030597 | diff=0.0285 | coarse=0.0258 | 18.5s
Epoch 19/120 | Loss=0.058607 | Val RMSE=9.6839 | Val MAE=6.9732 | Val MAPE=29.22% | LR=2.89e-04 | 28.7s
[INFO] start epoch 20/120
  Epoch 20 Batch 50/460 | Loss=0.053574 | diff=0.0492 | coarse=0.0544 | 1.9s
  Epoch 20 Batch 100/460 | Loss=0.061922 | diff=0.0573 | coarse=0.0579 | 3.8s
  Epoch 20 Batch 150/460 | Loss=0.048793 | diff=0.0449 | coarse=0.0486 | 5.8s
  Epoch 20 Batch 200/460 | Loss=0.061894 | diff=0.0559 | coarse=0.0752 | 7.8s
  Epoch 20 Batch 250/460 | Loss=0.083621 | diff=0.0758 | coarse=0.0974 | 9.8s
  Epoch 20 Batch 300/460 | Loss=0.054027 | diff=0.0503 | coarse=0.0471 | 11.8s
  Epoch 20 Batch 350/460 | Loss=0.077852 | diff=0.0710 | coarse=0.0857 | 13.8s
  Epoch 20 Batch 400/460 | Loss=0.088636 | diff=0.0812 | coarse=0.0924 | 15.8s
  Epoch 20 Batch 450/460 | Loss=0.048507 | diff=0.0447 | coarse=0.0479 | 17.8s
  Epoch 20 Batch 460/460 | Loss=0.030088 | diff=0.0279 | coarse=0.0277 | 18.2s
Epoch 20/120 | Loss=0.060575 | Val RMSE=9.7583 | Val MAE=7.0421 | Val MAPE=28.81% | LR=2.88e-04 | 28.5s
[INFO] start epoch 21/120
  Epoch 21 Batch 50/460 | Loss=0.052998 | diff=0.0487 | coarse=0.0543 | 1.8s
  Epoch 21 Batch 100/460 | Loss=0.070006 | diff=0.0654 | coarse=0.0576 | 3.7s
  Epoch 21 Batch 150/460 | Loss=0.058363 | diff=0.0534 | coarse=0.0626 | 5.7s
  Epoch 21 Batch 200/460 | Loss=0.057407 | diff=0.0523 | coarse=0.0643 | 7.6s
  Epoch 21 Batch 250/460 | Loss=0.083397 | diff=0.0750 | coarse=0.1050 | 9.7s
  Epoch 21 Batch 300/460 | Loss=0.053455 | diff=0.0496 | coarse=0.0483 | 11.9s
  Epoch 21 Batch 350/460 | Loss=0.061929 | diff=0.0560 | coarse=0.0739 | 14.1s
  Epoch 21 Batch 400/460 | Loss=0.083396 | diff=0.0762 | coarse=0.0902 | 16.3s
  Epoch 21 Batch 450/460 | Loss=0.061169 | diff=0.0569 | coarse=0.0537 | 18.5s
  Epoch 21 Batch 460/460 | Loss=0.029551 | diff=0.0275 | coarse=0.0262 | 18.9s
Epoch 21/120 | Loss=0.059856 | Val RMSE=9.6874 | Val MAE=6.9458 | Val MAPE=28.34% | LR=2.86e-04 | 29.2s
[INFO] start epoch 22/120
  Epoch 22 Batch 50/460 | Loss=0.051280 | diff=0.0470 | coarse=0.0541 | 1.9s
  Epoch 22 Batch 100/460 | Loss=0.058287 | diff=0.0539 | coarse=0.0552 | 3.8s
  Epoch 22 Batch 150/460 | Loss=0.049329 | diff=0.0449 | coarse=0.0548 | 5.8s
  Epoch 22 Batch 200/460 | Loss=0.049898 | diff=0.0456 | coarse=0.0538 | 7.8s
  Epoch 22 Batch 250/460 | Loss=0.081118 | diff=0.0732 | coarse=0.0992 | 9.8s
  Epoch 22 Batch 300/460 | Loss=0.055509 | diff=0.0517 | coarse=0.0479 | 11.8s
  Epoch 22 Batch 350/460 | Loss=0.055077 | diff=0.0502 | coarse=0.0615 | 14.0s
  Epoch 22 Batch 400/460 | Loss=0.080653 | diff=0.0740 | coarse=0.0829 | 16.1s
  Epoch 22 Batch 450/460 | Loss=0.055219 | diff=0.0513 | coarse=0.0488 | 18.3s
  Epoch 22 Batch 460/460 | Loss=0.033208 | diff=0.0311 | coarse=0.0264 | 18.7s
Epoch 22/120 | Loss=0.059103 | Val RMSE=10.0426 | Val MAE=7.3121 | Val MAPE=29.72% | LR=2.84e-04 | 28.9s
[INFO] start epoch 23/120
  Epoch 23 Batch 50/460 | Loss=0.052739 | diff=0.0483 | coarse=0.0560 | 1.9s
  Epoch 23 Batch 100/460 | Loss=0.058539 | diff=0.0541 | coarse=0.0552 | 3.8s
  Epoch 23 Batch 150/460 | Loss=0.048347 | diff=0.0447 | coarse=0.0460 | 5.7s
  Epoch 23 Batch 200/460 | Loss=0.045558 | diff=0.0416 | coarse=0.0498 | 7.7s
  Epoch 23 Batch 250/460 | Loss=0.074761 | diff=0.0682 | coarse=0.0820 | 9.9s
  Epoch 23 Batch 300/460 | Loss=0.052631 | diff=0.0489 | coarse=0.0469 | 12.1s
  Epoch 23 Batch 350/460 | Loss=0.054262 | diff=0.0498 | coarse=0.0564 | 14.3s
  Epoch 23 Batch 400/460 | Loss=0.078193 | diff=0.0717 | coarse=0.0811 | 16.5s
  Epoch 23 Batch 450/460 | Loss=0.047002 | diff=0.0435 | coarse=0.0433 | 18.7s
  Epoch 23 Batch 460/460 | Loss=0.028003 | diff=0.0260 | coarse=0.0252 | 19.2s
Epoch 23/120 | Loss=0.058381 | Val RMSE=10.1215 | Val MAE=7.3760 | Val MAPE=30.17% | LR=2.82e-04 | 29.4s
[INFO] start epoch 24/120
  Epoch 24 Batch 50/460 | Loss=0.052809 | diff=0.0485 | coarse=0.0540 | 1.9s
  Epoch 24 Batch 100/460 | Loss=0.056078 | diff=0.0518 | coarse=0.0541 | 3.7s
  Epoch 24 Batch 150/460 | Loss=0.048488 | diff=0.0450 | coarse=0.0438 | 5.6s
  Epoch 24 Batch 200/460 | Loss=0.043851 | diff=0.0399 | coarse=0.0496 | 7.6s
  Epoch 24 Batch 250/460 | Loss=0.072568 | diff=0.0665 | coarse=0.0761 | 9.7s
  Epoch 24 Batch 300/460 | Loss=0.050862 | diff=0.0472 | coarse=0.0459 | 11.9s
  Epoch 24 Batch 350/460 | Loss=0.054118 | diff=0.0497 | coarse=0.0549 | 14.1s
  Epoch 24 Batch 400/460 | Loss=0.078576 | diff=0.0715 | coarse=0.0886 | 16.2s
  Epoch 24 Batch 450/460 | Loss=0.044512 | diff=0.0411 | coarse=0.0423 | 18.4s
  Epoch 24 Batch 460/460 | Loss=0.028128 | diff=0.0262 | coarse=0.0239 | 18.8s
Epoch 24/120 | Loss=0.057148 | Val RMSE=10.1413 | Val MAE=7.3868 | Val MAPE=30.40% | LR=2.80e-04 | 29.1s
[INFO] start epoch 25/120
  Epoch 25 Batch 50/460 | Loss=0.052913 | diff=0.0487 | coarse=0.0524 | 1.8s
  Epoch 25 Batch 100/460 | Loss=0.054621 | diff=0.0504 | coarse=0.0532 | 3.7s
  Epoch 25 Batch 150/460 | Loss=0.046341 | diff=0.0429 | coarse=0.0431 | 5.6s
  Epoch 25 Batch 200/460 | Loss=0.042393 | diff=0.0386 | coarse=0.0474 | 7.6s
  Epoch 25 Batch 250/460 | Loss=0.072219 | diff=0.0662 | coarse=0.0757 | 9.8s
  Epoch 25 Batch 300/460 | Loss=0.049952 | diff=0.0463 | coarse=0.0453 | 11.8s
  Epoch 25 Batch 350/460 | Loss=0.055481 | diff=0.0511 | coarse=0.0544 | 13.9s
  Epoch 25 Batch 400/460 | Loss=0.083422 | diff=0.0757 | coarse=0.0964 | 16.1s
  Epoch 25 Batch 450/460 | Loss=0.043394 | diff=0.0401 | coarse=0.0413 | 18.3s
  Epoch 25 Batch 460/460 | Loss=0.026588 | diff=0.0247 | coarse=0.0230 | 18.7s
Epoch 25/120 | Loss=0.055596 | Val RMSE=10.0207 | Val MAE=7.1922 | Val MAPE=29.33% | LR=2.78e-04 | 28.9s
[INFO] start epoch 26/120
  Epoch 26 Batch 50/460 | Loss=0.052444 | diff=0.0482 | coarse=0.0530 | 1.9s
  Epoch 26 Batch 100/460 | Loss=0.053667 | diff=0.0495 | coarse=0.0522 | 3.9s
  Epoch 26 Batch 150/460 | Loss=0.044433 | diff=0.0410 | coarse=0.0426 | 6.0s
  Epoch 26 Batch 200/460 | Loss=0.042095 | diff=0.0385 | coarse=0.0452 | 7.9s
  Epoch 26 Batch 250/460 | Loss=0.073286 | diff=0.0671 | coarse=0.0772 | 9.9s
  Epoch 26 Batch 300/460 | Loss=0.048243 | diff=0.0446 | coarse=0.0451 | 11.9s
  Epoch 26 Batch 350/460 | Loss=0.055132 | diff=0.0506 | coarse=0.0564 | 14.0s
  Epoch 26 Batch 400/460 | Loss=0.084070 | diff=0.0763 | coarse=0.0977 | 16.2s
  Epoch 26 Batch 450/460 | Loss=0.041810 | diff=0.0386 | coarse=0.0406 | 18.4s
  Epoch 26 Batch 460/460 | Loss=0.025446 | diff=0.0236 | coarse=0.0229 | 18.8s
Epoch 26/120 | Loss=0.054507 | Val RMSE=9.9050 | Val MAE=6.9887 | Val MAPE=28.71% | LR=2.76e-04 | 29.0s
[INFO] start epoch 27/120
  Epoch 27 Batch 50/460 | Loss=0.051041 | diff=0.0469 | coarse=0.0524 | 1.8s
  Epoch 27 Batch 100/460 | Loss=0.052888 | diff=0.0487 | coarse=0.0519 | 3.7s
  Epoch 27 Batch 150/460 | Loss=0.043197 | diff=0.0398 | coarse=0.0424 | 5.5s
  Epoch 27 Batch 200/460 | Loss=0.043021 | diff=0.0395 | coarse=0.0442 | 7.3s
  Epoch 27 Batch 250/460 | Loss=0.075864 | diff=0.0695 | coarse=0.0801 | 9.2s
  Epoch 27 Batch 300/460 | Loss=0.047246 | diff=0.0437 | coarse=0.0449 | 11.0s
  Epoch 27 Batch 350/460 | Loss=0.053605 | diff=0.0488 | coarse=0.0599 | 12.8s
  Epoch 27 Batch 400/460 | Loss=0.085062 | diff=0.0768 | coarse=0.1028 | 14.9s
  Epoch 27 Batch 450/460 | Loss=0.040859 | diff=0.0377 | coarse=0.0401 | 17.0s
  Epoch 27 Batch 460/460 | Loss=0.025138 | diff=0.0233 | coarse=0.0226 | 17.4s
Epoch 27/120 | Loss=0.053903 | Val RMSE=9.7734 | Val MAE=6.8409 | Val MAPE=27.95% | LR=2.74e-04 | 27.4s
[INFO] start epoch 28/120
  Epoch 28 Batch 50/460 | Loss=0.050461 | diff=0.0464 | coarse=0.0509 | 1.8s
  Epoch 28 Batch 100/460 | Loss=0.052666 | diff=0.0486 | coarse=0.0513 | 3.7s
  Epoch 28 Batch 150/460 | Loss=0.042638 | diff=0.0392 | coarse=0.0429 | 5.6s
  Epoch 28 Batch 200/460 | Loss=0.043473 | diff=0.0400 | coarse=0.0432 | 7.5s
  Epoch 28 Batch 250/460 | Loss=0.079861 | diff=0.0730 | coarse=0.0856 | 9.5s
  Epoch 28 Batch 300/460 | Loss=0.047523 | diff=0.0438 | coarse=0.0460 | 11.6s
  Epoch 28 Batch 350/460 | Loss=0.054512 | diff=0.0492 | coarse=0.0663 | 13.5s
  Epoch 28 Batch 400/460 | Loss=0.091218 | diff=0.0822 | coarse=0.1132 | 15.6s
  Epoch 28 Batch 450/460 | Loss=0.040180 | diff=0.0369 | coarse=0.0406 | 17.7s
  Epoch 28 Batch 460/460 | Loss=0.024833 | diff=0.0230 | coarse=0.0223 | 18.1s
Epoch 28/120 | Loss=0.053614 | Val RMSE=9.8171 | Val MAE=6.9769 | Val MAPE=28.49% | LR=2.71e-04 | 28.1s
[INFO] start epoch 29/120
  Epoch 29 Batch 50/460 | Loss=0.049422 | diff=0.0455 | coarse=0.0490 | 1.8s
  Epoch 29 Batch 100/460 | Loss=0.054115 | diff=0.0501 | coarse=0.0507 | 3.7s
  Epoch 29 Batch 150/460 | Loss=0.044158 | diff=0.0406 | coarse=0.0443 | 5.6s
  Epoch 29 Batch 200/460 | Loss=0.048171 | diff=0.0442 | coarse=0.0492 | 7.5s
  Epoch 29 Batch 250/460 | Loss=0.081297 | diff=0.0742 | coarse=0.0889 | 9.5s
  Epoch 29 Batch 300/460 | Loss=0.049157 | diff=0.0451 | coarse=0.0510 | 11.6s
  Epoch 29 Batch 350/460 | Loss=0.065423 | diff=0.0590 | coarse=0.0804 | 13.9s
  Epoch 29 Batch 400/460 | Loss=0.076207 | diff=0.0688 | coarse=0.0926 | 16.0s
  Epoch 29 Batch 450/460 | Loss=0.039719 | diff=0.0365 | coarse=0.0404 | 18.2s
  Epoch 29 Batch 460/460 | Loss=0.024361 | diff=0.0226 | coarse=0.0221 | 18.6s
Epoch 29/120 | Loss=0.054226 | Val RMSE=10.0485 | Val MAE=7.4511 | Val MAPE=31.36% | LR=2.69e-04 | 28.8s
[INFO] start epoch 30/120
  Epoch 30 Batch 50/460 | Loss=0.050989 | diff=0.0472 | coarse=0.0475 | 2.0s
  Epoch 30 Batch 100/460 | Loss=0.061361 | diff=0.0571 | coarse=0.0537 | 3.9s
  Epoch 30 Batch 150/460 | Loss=0.041925 | diff=0.0385 | coarse=0.0429 | 5.8s
  Epoch 30 Batch 200/460 | Loss=0.047476 | diff=0.0436 | coarse=0.0480 | 7.8s
  Epoch 30 Batch 250/460 | Loss=0.072413 | diff=0.0665 | coarse=0.0737 | 9.8s
  Epoch 30 Batch 300/460 | Loss=0.046354 | diff=0.0427 | coarse=0.0459 | 11.8s
  Epoch 30 Batch 350/460 | Loss=0.060120 | diff=0.0537 | coarse=0.0805 | 13.9s
  Epoch 30 Batch 400/460 | Loss=0.072922 | diff=0.0665 | coarse=0.0805 | 16.0s
  Epoch 30 Batch 450/460 | Loss=0.042184 | diff=0.0389 | coarse=0.0406 | 18.1s
  Epoch 30 Batch 460/460 | Loss=0.026171 | diff=0.0244 | coarse=0.0223 | 18.5s
Epoch 30/120 | Loss=0.056387 | Val RMSE=10.1206 | Val MAE=7.5657 | Val MAPE=32.42% | LR=2.66e-04 | 28.8s
[INFO] start epoch 31/120
  Epoch 31 Batch 50/460 | Loss=0.052850 | diff=0.0491 | coarse=0.0474 | 1.9s
  Epoch 31 Batch 100/460 | Loss=0.059709 | diff=0.0554 | coarse=0.0543 | 3.8s
  Epoch 31 Batch 150/460 | Loss=0.042364 | diff=0.0388 | coarse=0.0445 | 6.1s
  Epoch 31 Batch 200/460 | Loss=0.047644 | diff=0.0438 | coarse=0.0480 | 8.3s
  Epoch 31 Batch 250/460 | Loss=0.071881 | diff=0.0662 | coarse=0.0709 | 10.4s
  Epoch 31 Batch 300/460 | Loss=0.045837 | diff=0.0423 | coarse=0.0442 | 12.6s
  Epoch 31 Batch 350/460 | Loss=0.051106 | diff=0.0457 | coarse=0.0681 | 14.7s
  Epoch 31 Batch 400/460 | Loss=0.070787 | diff=0.0643 | coarse=0.0814 | 16.8s
  Epoch 31 Batch 450/460 | Loss=0.039801 | diff=0.0367 | coarse=0.0388 | 18.9s
  Epoch 31 Batch 460/460 | Loss=0.025099 | diff=0.0233 | coarse=0.0221 | 19.3s
Epoch 31/120 | Loss=0.054640 | Val RMSE=10.4241 | Val MAE=7.9245 | Val MAPE=33.94% | LR=2.64e-04 | 29.2s
[INFO] start epoch 32/120
  Epoch 32 Batch 50/460 | Loss=0.047887 | diff=0.0442 | coarse=0.0459 | 2.0s
  Epoch 32 Batch 100/460 | Loss=0.053578 | diff=0.0494 | coarse=0.0520 | 3.8s
  Epoch 32 Batch 150/460 | Loss=0.040548 | diff=0.0370 | coarse=0.0440 | 5.7s
  Epoch 32 Batch 200/460 | Loss=0.044860 | diff=0.0412 | coarse=0.0459 | 7.8s
  Epoch 32 Batch 250/460 | Loss=0.070174 | diff=0.0645 | coarse=0.0704 | 9.8s
  Epoch 32 Batch 300/460 | Loss=0.046896 | diff=0.0433 | coarse=0.0451 | 11.7s
  Epoch 32 Batch 350/460 | Loss=0.049539 | diff=0.0447 | coarse=0.0605 | 13.6s
  Epoch 32 Batch 400/460 | Loss=0.068284 | diff=0.0622 | coarse=0.0766 | 15.6s
  Epoch 32 Batch 450/460 | Loss=0.039060 | diff=0.0360 | coarse=0.0384 | 17.7s
  Epoch 32 Batch 460/460 | Loss=0.024369 | diff=0.0226 | coarse=0.0218 | 18.1s
Epoch 32/120 | Loss=0.052282 | Val RMSE=10.0863 | Val MAE=7.5205 | Val MAPE=31.73% | LR=2.61e-04 | 28.0s
[INFO] start epoch 33/120
  Epoch 33 Batch 50/460 | Loss=0.046089 | diff=0.0424 | coarse=0.0458 | 1.9s
  Epoch 33 Batch 100/460 | Loss=0.050484 | diff=0.0466 | coarse=0.0490 | 3.9s
  Epoch 33 Batch 150/460 | Loss=0.039776 | diff=0.0364 | coarse=0.0427 | 5.8s
  Epoch 33 Batch 200/460 | Loss=0.042979 | diff=0.0393 | coarse=0.0454 | 7.7s
  Epoch 33 Batch 250/460 | Loss=0.068866 | diff=0.0633 | coarse=0.0690 | 9.7s
  Epoch 33 Batch 300/460 | Loss=0.047115 | diff=0.0434 | coarse=0.0459 | 11.8s
  Epoch 33 Batch 350/460 | Loss=0.049870 | diff=0.0453 | coarse=0.0573 | 13.9s
  Epoch 33 Batch 400/460 | Loss=0.066629 | diff=0.0609 | coarse=0.0714 | 16.1s
  Epoch 33 Batch 450/460 | Loss=0.038262 | diff=0.0352 | coarse=0.0379 | 18.3s
  Epoch 33 Batch 460/460 | Loss=0.023441 | diff=0.0217 | coarse=0.0216 | 18.7s
Epoch 33/120 | Loss=0.051071 | Val RMSE=9.7213 | Val MAE=7.0441 | Val MAPE=29.27% | LR=2.58e-04 | 28.9s
[INFO] start epoch 34/120
  Epoch 34 Batch 50/460 | Loss=0.045438 | diff=0.0418 | coarse=0.0459 | 1.9s
  Epoch 34 Batch 100/460 | Loss=0.048189 | diff=0.0444 | coarse=0.0479 | 3.7s
  Epoch 34 Batch 150/460 | Loss=0.040156 | diff=0.0368 | coarse=0.0422 | 5.6s
  Epoch 34 Batch 200/460 | Loss=0.042646 | diff=0.0389 | coarse=0.0467 | 7.5s
  Epoch 34 Batch 250/460 | Loss=0.068360 | diff=0.0627 | coarse=0.0702 | 9.7s
  Epoch 34 Batch 300/460 | Loss=0.046387 | diff=0.0428 | coarse=0.0454 | 11.8s
  Epoch 34 Batch 350/460 | Loss=0.050055 | diff=0.0457 | coarse=0.0539 | 13.9s
  Epoch 34 Batch 400/460 | Loss=0.066322 | diff=0.0610 | coarse=0.0666 | 16.1s
  Epoch 34 Batch 450/460 | Loss=0.037793 | diff=0.0348 | coarse=0.0376 | 18.2s
  Epoch 34 Batch 460/460 | Loss=0.023599 | diff=0.0219 | coarse=0.0216 | 18.6s
Epoch 34/120 | Loss=0.050581 | Val RMSE=9.6503 | Val MAE=6.9531 | Val MAPE=28.84% | LR=2.55e-04 | 28.8s
[INFO] start epoch 35/120
  Epoch 35 Batch 50/460 | Loss=0.044990 | diff=0.0412 | coarse=0.0470 | 1.8s
  Epoch 35 Batch 100/460 | Loss=0.047280 | diff=0.0436 | coarse=0.0465 | 3.7s
  Epoch 35 Batch 150/460 | Loss=0.042310 | diff=0.0390 | coarse=0.0417 | 5.6s
  Epoch 35 Batch 200/460 | Loss=0.046171 | diff=0.0422 | coarse=0.0492 | 7.6s
  Epoch 35 Batch 250/460 | Loss=0.069251 | diff=0.0632 | coarse=0.0751 | 9.6s
  Epoch 35 Batch 300/460 | Loss=0.044862 | diff=0.0412 | coarse=0.0459 | 11.7s
  Epoch 35 Batch 350/460 | Loss=0.048837 | diff=0.0447 | coarse=0.0512 | 13.8s
  Epoch 35 Batch 400/460 | Loss=0.068766 | diff=0.0637 | coarse=0.0631 | 15.9s
  Epoch 35 Batch 450/460 | Loss=0.037986 | diff=0.0349 | coarse=0.0381 | 18.1s
  Epoch 35 Batch 460/460 | Loss=0.023425 | diff=0.0217 | coarse=0.0221 | 18.5s
Epoch 35/120 | Loss=0.050807 | Val RMSE=9.9871 | Val MAE=7.3399 | Val MAPE=30.77% | LR=2.52e-04 | 28.6s
[INFO] start epoch 36/120
  Epoch 36 Batch 50/460 | Loss=0.045417 | diff=0.0415 | coarse=0.0491 | 1.8s
  Epoch 36 Batch 100/460 | Loss=0.047561 | diff=0.0439 | coarse=0.0462 | 3.6s
  Epoch 36 Batch 150/460 | Loss=0.051106 | diff=0.0478 | coarse=0.0410 | 5.5s
  Epoch 36 Batch 200/460 | Loss=0.050909 | diff=0.0466 | coarse=0.0538 | 7.4s
  Epoch 36 Batch 250/460 | Loss=0.077742 | diff=0.0709 | coarse=0.0858 | 9.5s
  Epoch 36 Batch 300/460 | Loss=0.048370 | diff=0.0445 | coarse=0.0487 | 11.6s
  Epoch 36 Batch 350/460 | Loss=0.049368 | diff=0.0454 | coarse=0.0491 | 13.7s
  Epoch 36 Batch 400/460 | Loss=0.066071 | diff=0.0615 | coarse=0.0575 | 15.8s
  Epoch 36 Batch 450/460 | Loss=0.038813 | diff=0.0358 | coarse=0.0379 | 18.0s
  Epoch 36 Batch 460/460 | Loss=0.023766 | diff=0.0220 | coarse=0.0218 | 18.4s
Epoch 36/120 | Loss=0.052339 | Val RMSE=10.6707 | Val MAE=8.1952 | Val MAPE=35.27% | LR=2.49e-04 | 28.5s
[INFO] start epoch 37/120
  Epoch 37 Batch 50/460 | Loss=0.045934 | diff=0.0419 | coarse=0.0509 | 2.2s
  Epoch 37 Batch 100/460 | Loss=0.048588 | diff=0.0449 | coarse=0.0462 | 4.3s
  Epoch 37 Batch 150/460 | Loss=0.052105 | diff=0.0488 | coarse=0.0411 | 6.2s
  Epoch 37 Batch 200/460 | Loss=0.050620 | diff=0.0458 | coarse=0.0604 | 8.2s
  Epoch 37 Batch 250/460 | Loss=0.102869 | diff=0.0934 | coarse=0.1190 | 10.3s
  Epoch 37 Batch 300/460 | Loss=0.047714 | diff=0.0440 | coarse=0.0458 | 12.4s
  Epoch 37 Batch 350/460 | Loss=0.047396 | diff=0.0435 | coarse=0.0491 | 14.5s
  Epoch 37 Batch 400/460 | Loss=0.064620 | diff=0.0598 | coarse=0.0596 | 16.6s
  Epoch 37 Batch 450/460 | Loss=0.038320 | diff=0.0352 | coarse=0.0384 | 18.7s
  Epoch 37 Batch 460/460 | Loss=0.023834 | diff=0.0221 | coarse=0.0218 | 19.1s
Epoch 37/120 | Loss=0.053489 | Val RMSE=10.0055 | Val MAE=7.3413 | Val MAPE=30.66% | LR=2.46e-04 | 29.0s
[INFO] start epoch 38/120
  Epoch 38 Batch 50/460 | Loss=0.046889 | diff=0.0423 | coarse=0.0570 | 1.9s
  Epoch 38 Batch 100/460 | Loss=0.053262 | diff=0.0494 | coarse=0.0488 | 3.9s
  Epoch 38 Batch 150/460 | Loss=0.040022 | diff=0.0368 | coarse=0.0404 | 5.9s
  Epoch 38 Batch 200/460 | Loss=0.073044 | diff=0.0667 | coarse=0.0789 | 7.8s
  Epoch 38 Batch 250/460 | Loss=0.118183 | diff=0.1083 | coarse=0.1236 | 9.7s
  Epoch 38 Batch 300/460 | Loss=0.048112 | diff=0.0446 | coarse=0.0434 | 11.6s
  Epoch 38 Batch 350/460 | Loss=0.048369 | diff=0.0444 | coarse=0.0499 | 13.6s
  Epoch 38 Batch 400/460 | Loss=0.066073 | diff=0.0606 | coarse=0.0687 | 15.7s
  Epoch 38 Batch 450/460 | Loss=0.038616 | diff=0.0355 | coarse=0.0384 | 17.8s
  Epoch 38 Batch 460/460 | Loss=0.024504 | diff=0.0227 | coarse=0.0223 | 18.2s
Epoch 38/120 | Loss=0.053554 | Val RMSE=10.0997 | Val MAE=7.4344 | Val MAPE=31.24% | LR=2.43e-04 | 28.2s
[INFO] start epoch 39/120
  Epoch 39 Batch 50/460 | Loss=0.047734 | diff=0.0428 | coarse=0.0616 | 1.8s
  Epoch 39 Batch 100/460 | Loss=0.055506 | diff=0.0514 | coarse=0.0510 | 3.8s
  Epoch 39 Batch 150/460 | Loss=0.044595 | diff=0.0408 | coarse=0.0480 | 5.6s
  Epoch 39 Batch 200/460 | Loss=0.082400 | diff=0.0750 | coarse=0.0927 | 7.6s
  Epoch 39 Batch 250/460 | Loss=0.090192 | diff=0.0819 | coarse=0.1035 | 9.5s
  Epoch 39 Batch 300/460 | Loss=0.046011 | diff=0.0427 | coarse=0.0410 | 11.5s
  Epoch 39 Batch 350/460 | Loss=0.046598 | diff=0.0428 | coarse=0.0481 | 13.6s
  Epoch 39 Batch 400/460 | Loss=0.067761 | diff=0.0616 | coarse=0.0776 | 15.8s
  Epoch 39 Batch 450/460 | Loss=0.036763 | diff=0.0335 | coarse=0.0407 | 17.8s
  Epoch 39 Batch 460/460 | Loss=0.024214 | diff=0.0224 | coarse=0.0230 | 18.3s
Epoch 39/120 | Loss=0.052157 | Val RMSE=9.7059 | Val MAE=6.9514 | Val MAPE=29.27% | LR=2.40e-04 | 28.2s
[INFO] start epoch 40/120
  Epoch 40 Batch 50/460 | Loss=0.044419 | diff=0.0399 | coarse=0.0565 | 1.9s
  Epoch 40 Batch 100/460 | Loss=0.050268 | diff=0.0465 | coarse=0.0466 | 3.8s
  Epoch 40 Batch 150/460 | Loss=0.041386 | diff=0.0378 | coarse=0.0447 | 5.8s
  Epoch 40 Batch 200/460 | Loss=0.063909 | diff=0.0579 | coarse=0.0750 | 7.7s
  Epoch 40 Batch 250/460 | Loss=0.080644 | diff=0.0729 | coarse=0.0973 | 9.6s
  Epoch 40 Batch 300/460 | Loss=0.043932 | diff=0.0407 | coarse=0.0404 | 11.7s
  Epoch 40 Batch 350/460 | Loss=0.046737 | diff=0.0430 | coarse=0.0470 | 13.8s
  Epoch 40 Batch 400/460 | Loss=0.064021 | diff=0.0581 | coarse=0.0742 | 16.0s
  Epoch 40 Batch 450/460 | Loss=0.037168 | diff=0.0338 | coarse=0.0422 | 18.1s
  Epoch 40 Batch 460/460 | Loss=0.023306 | diff=0.0215 | coarse=0.0226 | 18.6s
Epoch 40/120 | Loss=0.049910 | Val RMSE=9.7099 | Val MAE=6.9695 | Val MAPE=29.44% | LR=2.37e-04 | 28.7s
[INFO] start epoch 41/120
  Epoch 41 Batch 50/460 | Loss=0.042567 | diff=0.0384 | coarse=0.0516 | 2.0s
  Epoch 41 Batch 100/460 | Loss=0.048549 | diff=0.0449 | coarse=0.0451 | 3.9s
  Epoch 41 Batch 150/460 | Loss=0.040564 | diff=0.0371 | coarse=0.0434 | 5.9s
  Epoch 41 Batch 200/460 | Loss=0.050030 | diff=0.0450 | coarse=0.0624 | 8.0s
  Epoch 41 Batch 250/460 | Loss=0.073608 | diff=0.0664 | coarse=0.0900 | 10.1s
  Epoch 41 Batch 300/460 | Loss=0.042896 | diff=0.0397 | coarse=0.0402 | 12.1s
  Epoch 41 Batch 350/460 | Loss=0.046317 | diff=0.0426 | coarse=0.0464 | 14.2s
  Epoch 41 Batch 400/460 | Loss=0.059927 | diff=0.0543 | coarse=0.0700 | 16.3s
  Epoch 41 Batch 450/460 | Loss=0.037152 | diff=0.0337 | coarse=0.0428 | 18.5s
  Epoch 41 Batch 460/460 | Loss=0.023054 | diff=0.0213 | coarse=0.0221 | 18.9s
Epoch 41/120 | Loss=0.048153 | Val RMSE=9.6360 | Val MAE=6.8708 | Val MAPE=28.95% | LR=2.33e-04 | 29.0s
[INFO] start epoch 42/120
  Epoch 42 Batch 50/460 | Loss=0.041680 | diff=0.0377 | coarse=0.0499 | 2.0s
  Epoch 42 Batch 100/460 | Loss=0.047397 | diff=0.0439 | coarse=0.0443 | 4.0s
  Epoch 42 Batch 150/460 | Loss=0.039732 | diff=0.0363 | coarse=0.0428 | 6.1s
  Epoch 42 Batch 200/460 | Loss=0.043312 | diff=0.0390 | coarse=0.0545 | 8.2s
  Epoch 42 Batch 250/460 | Loss=0.069223 | diff=0.0622 | coarse=0.0872 | 10.3s
  Epoch 42 Batch 300/460 | Loss=0.041433 | diff=0.0382 | coarse=0.0398 | 12.4s
  Epoch 42 Batch 350/460 | Loss=0.045971 | diff=0.0423 | coarse=0.0459 | 14.6s
  Epoch 42 Batch 400/460 | Loss=0.056633 | diff=0.0512 | coarse=0.0676 | 16.8s
  Epoch 42 Batch 450/460 | Loss=0.036607 | diff=0.0332 | coarse=0.0423 | 18.9s
  Epoch 42 Batch 460/460 | Loss=0.023060 | diff=0.0213 | coarse=0.0219 | 19.4s
Epoch 42/120 | Loss=0.046794 | Val RMSE=9.5878 | Val MAE=6.7835 | Val MAPE=28.58% | LR=2.30e-04 | 29.5s
[INFO] start epoch 43/120
  Epoch 43 Batch 50/460 | Loss=0.041156 | diff=0.0373 | coarse=0.0487 | 2.0s
  Epoch 43 Batch 100/460 | Loss=0.047315 | diff=0.0438 | coarse=0.0440 | 3.9s
  Epoch 43 Batch 150/460 | Loss=0.039069 | diff=0.0357 | coarse=0.0424 | 5.8s
  Epoch 43 Batch 200/460 | Loss=0.039180 | diff=0.0352 | coarse=0.0502 | 7.8s
  Epoch 43 Batch 250/460 | Loss=0.067373 | diff=0.0606 | coarse=0.0851 | 9.8s
  Epoch 43 Batch 300/460 | Loss=0.040122 | diff=0.0370 | coarse=0.0392 | 11.9s
  Epoch 43 Batch 350/460 | Loss=0.045363 | diff=0.0417 | coarse=0.0458 | 14.1s
  Epoch 43 Batch 400/460 | Loss=0.053249 | diff=0.0482 | coarse=0.0635 | 16.0s
  Epoch 43 Batch 450/460 | Loss=0.036098 | diff=0.0327 | coarse=0.0424 | 18.0s
  Epoch 43 Batch 460/460 | Loss=0.022778 | diff=0.0210 | coarse=0.0217 | 18.4s
Epoch 43/120 | Loss=0.045796 | Val RMSE=9.5774 | Val MAE=6.7460 | Val MAPE=28.53% | LR=2.26e-04 | 28.3s
[EARLY STOP] patience=25, best_val_rmse=9.5570 at epoch 18
[INFO] PE-DiffWaveNet noleak training finished
{
  "split_mode": "noleak",
  "model_name": "PE-DiffWaveNet",
  "best_epoch": 18,
  "best_valid_rmse": 9.556990559428305,
  "best_valid_mae": 6.741269881111585,
  "best_valid_mape": 27.731628215307524,
  "test_rmse": 9.047182779570953,
  "test_mae": 6.365191764382742,
  "test_mape": 26.257762656968225,
  "relative_rmse": 2.2066299462368177,
  "relative_mae": 1.5524857961909129,
  "train_scale_max": 410.0,
  "world_size": 1,
  "eval_inference_steps": 50,
  "eval_num_samples": 3,
  "eval_t_start_ratio": 0.25,
  "use_diffusion": 1,
  "use_pe_graph": 1,
  "use_pe_film": 1,
  "pe_source": "train",
  "pe_graph_alpha": 1.0,
  "pe_film_scale": 1.0,
  "pe_film_zero_init": 0,
  "normalize_pe_features": 1,
  "pe_shuffle_seed": -1,
  "pe_adaptive_loss": 0,
  "pe_loss_weight": 0.15,
  "pe_loss_start_step": 4,
  "pe_loss_normalize": 1,
  "per_step_rmse": [
    7.022852103449137,
    8.98365985317388,
    10.748393029492712
  ],
  "per_step_mae": [
    5.069345222823361,
    6.317854839966982,
    7.708375230357869
  ],
  "step4_6_rmse_avg": null,
  "peak_mode": "percentile",
  "peak_threshold": 64.99999910593033,
  "peak_count": 20646,
  "peak_ratio": 0.11248774109186009,
  "rmse_peak": 10.189469334334204,
  "mae_peak": 6.46923014152444
}
  Peak_mode      : percentile
  Peak_threshold : 65.00 μg/m³
  Peak_count     : 20646
  Peak_ratio     : 11.25%
  RMSE_peak      : 10.1895
  MAE_peak       : 6.4692
Per-step metrics:
  Step        RMSE         MAE
     1      7.0229      5.0693
     2      8.9837      6.3179
     3     10.7484      7.7084
[INFO] outputs: /home/cl/ozone-forecast/matrix_N95_PEDiffWaveNet_noleak_g3_pedw_p3_l24_s42
[INFO] weights: /home/cl/ozone-forecast/weights_N95/weights_pediffwavenet_noleak_g3_pedw_p3_l24_s42
